Archive member included to satisfy reference by file (symbol)

c:/progra~1/raspbe~1/picosd~1.1/gcc-ar~1/bin/../lib/gcc/arm-none-eabi/10.3.1/thumb/v6-m/nofp\libgcc.a(_dvmd_tls.o)
                              CMakeFiles/UNISNES_RP2040.dir/C_/Program_Files/Raspberry_Pi/Pico_SDK_v1.5.1/pico-sdk/src/rp2_common/pico_divider/divider.S.obj (__aeabi_idiv0)
c:/progra~1/raspbe~1/picosd~1.1/gcc-ar~1/bin/../lib/gcc/arm-none-eabi/10.3.1/../../../../arm-none-eabi/lib/thumb/v6-m/nofp\libg.a(lib_a-calloc.o)
                              CMakeFiles/UNISNES_RP2040.dir/C_/Program_Files/Raspberry_Pi/Pico_SDK_v1.5.1/pico-sdk/src/rp2_common/pico_malloc/pico_malloc.c.obj (calloc)
c:/progra~1/raspbe~1/picosd~1.1/gcc-ar~1/bin/../lib/gcc/arm-none-eabi/10.3.1/../../../../arm-none-eabi/lib/thumb/v6-m/nofp\libg.a(lib_a-callocr.o)
                              c:/progra~1/raspbe~1/picosd~1.1/gcc-ar~1/bin/../lib/gcc/arm-none-eabi/10.3.1/../../../../arm-none-eabi/lib/thumb/v6-m/nofp\libg.a(lib_a-calloc.o) (_calloc_r)
c:/progra~1/raspbe~1/picosd~1.1/gcc-ar~1/bin/../lib/gcc/arm-none-eabi/10.3.1/../../../../arm-none-eabi/lib/thumb/v6-m/nofp\libg.a(lib_a-errno.o)
                              c:/progra~1/raspbe~1/picosd~1.1/gcc-ar~1/bin/../lib/gcc/arm-none-eabi/10.3.1/../../../../arm-none-eabi/lib/thumb/v6-m/nofp\libg.a(lib_a-callocr.o) (__errno)
c:/progra~1/raspbe~1/picosd~1.1/gcc-ar~1/bin/../lib/gcc/arm-none-eabi/10.3.1/../../../../arm-none-eabi/lib/thumb/v6-m/nofp\libg.a(lib_a-impure.o)
                              c:/progra~1/raspbe~1/picosd~1.1/gcc-ar~1/bin/../lib/gcc/arm-none-eabi/10.3.1/../../../../arm-none-eabi/lib/thumb/v6-m/nofp\libg.a(lib_a-calloc.o) (_impure_ptr)
c:/progra~1/raspbe~1/picosd~1.1/gcc-ar~1/bin/../lib/gcc/arm-none-eabi/10.3.1/../../../../arm-none-eabi/lib/thumb/v6-m/nofp\libg.a(lib_a-init.o)
                              c:/progra~1/raspbe~1/picosd~1.1/gcc-ar~1/bin/../lib/gcc/arm-none-eabi/10.3.1/../../../../arm-none-eabi/lib/thumb/v6-m/nofp/crt0.o (__libc_init_array)
c:/progra~1/raspbe~1/picosd~1.1/gcc-ar~1/bin/../lib/gcc/arm-none-eabi/10.3.1/../../../../arm-none-eabi/lib/thumb/v6-m/nofp\libg.a(lib_a-malloc.o)
                              CMakeFiles/UNISNES_RP2040.dir/C_/Program_Files/Raspberry_Pi/Pico_SDK_v1.5.1/pico-sdk/src/rp2_common/pico_malloc/pico_malloc.c.obj (malloc)
c:/progra~1/raspbe~1/picosd~1.1/gcc-ar~1/bin/../lib/gcc/arm-none-eabi/10.3.1/../../../../arm-none-eabi/lib/thumb/v6-m/nofp\libg.a(lib_a-mallocr.o)
                              c:/progra~1/raspbe~1/picosd~1.1/gcc-ar~1/bin/../lib/gcc/arm-none-eabi/10.3.1/../../../../arm-none-eabi/lib/thumb/v6-m/nofp\libg.a(lib_a-callocr.o) (_malloc_r)
c:/progra~1/raspbe~1/picosd~1.1/gcc-ar~1/bin/../lib/gcc/arm-none-eabi/10.3.1/../../../../arm-none-eabi/lib/thumb/v6-m/nofp\libg.a(lib_a-mlock.o)
                              c:/progra~1/raspbe~1/picosd~1.1/gcc-ar~1/bin/../lib/gcc/arm-none-eabi/10.3.1/../../../../arm-none-eabi/lib/thumb/v6-m/nofp\libg.a(lib_a-mallocr.o) (__malloc_lock)
c:/progra~1/raspbe~1/picosd~1.1/gcc-ar~1/bin/../lib/gcc/arm-none-eabi/10.3.1/../../../../arm-none-eabi/lib/thumb/v6-m/nofp\libg.a(lib_a-realloc.o)
                              CMakeFiles/UNISNES_RP2040.dir/C_/Program_Files/Raspberry_Pi/Pico_SDK_v1.5.1/pico-sdk/src/rp2_common/pico_malloc/pico_malloc.c.obj (realloc)
c:/progra~1/raspbe~1/picosd~1.1/gcc-ar~1/bin/../lib/gcc/arm-none-eabi/10.3.1/../../../../arm-none-eabi/lib/thumb/v6-m/nofp\libg.a(lib_a-reallocr.o)
                              c:/progra~1/raspbe~1/picosd~1.1/gcc-ar~1/bin/../lib/gcc/arm-none-eabi/10.3.1/../../../../arm-none-eabi/lib/thumb/v6-m/nofp\libg.a(lib_a-realloc.o) (_realloc_r)
c:/progra~1/raspbe~1/picosd~1.1/gcc-ar~1/bin/../lib/gcc/arm-none-eabi/10.3.1/../../../../arm-none-eabi/lib/thumb/v6-m/nofp\libg.a(lib_a-sbrkr.o)
                              c:/progra~1/raspbe~1/picosd~1.1/gcc-ar~1/bin/../lib/gcc/arm-none-eabi/10.3.1/../../../../arm-none-eabi/lib/thumb/v6-m/nofp\libg.a(lib_a-mallocr.o) (_sbrk_r)
c:/progra~1/raspbe~1/picosd~1.1/gcc-ar~1/bin/../lib/gcc/arm-none-eabi/10.3.1/../../../../arm-none-eabi/lib/thumb/v6-m/nofp\libg.a(lib_a-strlen-stub.o)
                              CMakeFiles/UNISNES_RP2040.dir/lib/hoja-lib-rp2040/src/usb/hoja_usb.c.obj (strlen)
c:/progra~1/raspbe~1/picosd~1.1/gcc-ar~1/bin/../lib/gcc/arm-none-eabi/10.3.1/../../../../arm-none-eabi/lib/thumb/v6-m/nofp\libg.a(lib_a-freer.o)
                              c:/progra~1/raspbe~1/picosd~1.1/gcc-ar~1/bin/../lib/gcc/arm-none-eabi/10.3.1/../../../../arm-none-eabi/lib/thumb/v6-m/nofp\libg.a(lib_a-malloc.o) (_free_r)
c:/progra~1/raspbe~1/picosd~1.1/gcc-ar~1/bin/../lib/gcc/arm-none-eabi/10.3.1/../../../../arm-none-eabi/lib/thumb/v6-m/nofp\libg.a(lib_a-lock.o)
                              c:/progra~1/raspbe~1/picosd~1.1/gcc-ar~1/bin/../lib/gcc/arm-none-eabi/10.3.1/../../../../arm-none-eabi/lib/thumb/v6-m/nofp\libg.a(lib_a-mlock.o) (__retarget_lock_acquire_recursive)
[...]
Memory Configuration

Name             Origin             Length             Attributes
FLASH            0x10000000         0x00200000         xr
RAM              0x20000000         0x00040000         xrw
SCRATCH_X        0x20040000         0x00001000         xrw
SCRATCH_Y        0x20041000         0x00001000         xrw
*default*        0x00000000         0xffffffff

Linker script and memory map

LOAD c:/progra~1/raspbe~1/picosd~1.1/gcc-ar~1/bin/../lib/gcc/arm-none-eabi/10.3.1/thumb/v6-m/nofp/crti.o
LOAD c:/progra~1/raspbe~1/picosd~1.1/gcc-ar~1/bin/../lib/gcc/arm-none-eabi/10.3.1/thumb/v6-m/nofp/crtbegin.o
LOAD c:/progra~1/raspbe~1/picosd~1.1/gcc-ar~1/bin/../lib/gcc/arm-none-eabi/10.3.1/../../../../arm-none-eabi/lib/thumb/v6-m/nofp/crt0.o

.flash_begin    0x10000000        0x0
                0x10000000                __flash_binary_start = .

.boot2          0x10000000      0x100
                0x10000000                __boot2_start__ = .
 *(.boot2)
 .boot2         0x10000000      0x100 C:\Users\Mitch\AppData\Local\Temp\cc6NBJq9.o
                0x10000100                __boot2_end__ = .
                0x00000001                ASSERT (((__boot2_end__ - __boot2_start__) == 0x100), ERROR: Pico second stage bootloader must be 256 bytes in size)

.text           0x10000100     0xe7f8
                0x10000100                __logical_binary_start = .
 *(.vectors)
 .vectors       0x10000100       0xd4 CMakeFiles/UNISNES_RP2040.dir/C_/Program_Files/Raspberry_Pi/Pico_SDK_v1.5.1/pico-sdk/src/rp2_common/pico_standard_link/crt0.S.obj
                0x10000100                __VECTOR_TABLE
                0x10000100                __vectors
                0x100001c0                isr_invalid
                0x100001c0                __default_isrs_start
                0x100001c2                isr_nmi
                0x100001c4                isr_hardfault
                0x100001c6                isr_svcall
                0x100001c8                isr_pendsv
                0x100001ca                isr_systick
                0x100001cc                isr_irq23
                0x100001cc                isr_irq18
                0x100001cc                isr_irq11
                0x100001cc                isr_irq28
                0x100001cc                isr_irq19
                0x100001cc                isr_irq0
                0x100001cc                isr_irq6
                0x100001cc                isr_irq5
                0x100001cc                isr_irq12
                0x100001cc                isr_irq22
                0x100001cc                isr_irq31
                0x100001cc                isr_irq17
                0x100001cc                isr_irq27
                0x100001cc                isr_irq30
                0x100001cc                isr_irq2
                0x100001cc                isr_irq10
                0x100001cc                isr_irq8
                0x100001cc                isr_irq24
                0x100001cc                isr_irq1
                0x100001cc                isr_irq7
                0x100001cc                isr_irq21
                0x100001cc                isr_irq20
                0x100001cc                isr_irq15
                0x100001cc                isr_irq25
                0x100001cc                isr_irq13
                0x100001cc                __unhandled_user_irq
                0x100001cc                isr_irq4
                0x100001cc                isr_irq16
                0x100001cc                isr_irq29
                0x100001cc                isr_irq26
                0x100001cc                __default_isrs_end
                0x100001cc                isr_irq3
                0x100001cc                isr_irq14
                0x100001cc                isr_irq9
                0x100001d2                unhandled_user_irq_num_in_r0
 *(.binary_info_header)
 .binary_info_header
                0x100001d4       0x14 CMakeFiles/UNISNES_RP2040.dir/C_/Program_Files/Raspberry_Pi/Pico_SDK_v1.5.1/pico-sdk/src/rp2_common/pico_standard_link/crt0.S.obj
                0x100001e8                __binary_info_header_end = .
 *(.reset)
 .reset         0x100001e8       0xa0 CMakeFiles/UNISNES_RP2040.dir/C_/Program_Files/Raspberry_Pi/Pico_SDK_v1.5.1/pico-sdk/src/rp2_common/pico_standard_link/crt0.S.obj
                0x100001e8                _entry_point
 .reset         0x10000288       0x30 CMakeFiles/UNISNES_RP2040.dir/C_/Program_Files/Raspberry_Pi/Pico_SDK_v1.5.1/pico-sdk/src/rp2_common/pico_standard_link/binary_info.c.obj
 *(.init)
 .init          0x100002b8        0x4 c:/progra~1/raspbe~1/picosd~1.1/gcc-ar~1/bin/../lib/gcc/arm-none-eabi/10.3.1/thumb/v6-m/nofp/crti.o
                0x100002b8                _init
 *(EXCLUDE_FILE(*libm.a: *libc.a:*lib_a-mem*.o *libgcc.a:) .text*)
 .text          0x100002bc       0x48 c:/progra~1/raspbe~1/picosd~1.1/gcc-ar~1/bin/../lib/gcc/arm-none-eabi/10.3.1/thumb/v6-m/nofp/crtbegin.o
 .text.cb_hoja_set_bluetooth_enabled
                0x10000304        0x2 CMakeFiles/UNISNES_RP2040.dir/src/main.c.obj
                0x10000304                cb_hoja_set_bluetooth_enabled
 .text.cb_hoja_hardware_setup
                0x10000306       0x4c CMakeFiles/UNISNES_RP2040.dir/src/main.c.obj
                0x10000306                cb_hoja_hardware_setup
 .text.cb_hoja_read_buttons
                0x10000352      0x14c CMakeFiles/UNISNES_RP2040.dir/src/main.c.obj
                0x10000352                cb_hoja_read_buttons
 .text.cb_hoja_read_analog
                0x1000049e        0xe CMakeFiles/UNISNES_RP2040.dir/src/main.c.obj
                0x1000049e                cb_hoja_read_analog
 .text.cb_hoja_task_1_hook
                0x100004ac        0x2 CMakeFiles/UNISNES_RP2040.dir/src/main.c.obj
                0x100004ac                cb_hoja_task_1_hook
 *fill*         0x100004ae        0x2 
 .text.main     0x100004b0       0x60 CMakeFiles/UNISNES_RP2040.dir/src/main.c.obj
                0x100004b0                main
 .text.cb_hoja_read_imu
                0x10000510        0x2 CMakeFiles/UNISNES_RP2040.dir/lib/hoja-lib-rp2040/src/hoja.c.obj
                0x10000510                cb_hoja_read_imu
 .text.cb_hoja_rumble_enable
                0x10000512        0x2 CMakeFiles/UNISNES_RP2040.dir/lib/hoja-lib-rp2040/src/hoja.c.obj
                0x10000512                cb_hoja_rumble_enable
 .text._hoja_task_1
                0x10000514       0x50 CMakeFiles/UNISNES_RP2040.dir/lib/hoja-lib-rp2040/src/hoja.c.obj
                0x10000514                _hoja_task_1
 .text.cb_hoja_set_rumble_intensity
                0x10000564        0x2 CMakeFiles/UNISNES_RP2040.dir/lib/hoja-lib-rp2040/src/hoja.c.obj
                0x10000564                cb_hoja_set_rumble_intensity
 *fill*         0x10000566        0x2 
 .text._hoja_task_0
                0x10000568       0x98 CMakeFiles/UNISNES_RP2040.dir/lib/hoja-lib-rp2040/src/hoja.c.obj
                0x10000568                _hoja_task_0
 .text.hoja_init
                0x10000600      0x178 CMakeFiles/UNISNES_RP2040.dir/lib/hoja-lib-rp2040/src/hoja.c.obj
                0x10000600                hoja_init
 .text.hoja_setup_gpio_button
                0x10000778       0x1e CMakeFiles/UNISNES_RP2040.dir/lib/hoja-lib-rp2040/src/hoja.c.obj
                0x10000778                hoja_setup_gpio_button
 *fill*         0x10000796        0x2 
 .text._generate_mac
                0x10000798       0x58 CMakeFiles/UNISNES_RP2040.dir/lib/hoja-lib-rp2040/src/hoja_settings.c.obj
                0x10000798                _generate_mac
 .text.settings_reset_to_default
                0x100007f0      0x128 CMakeFiles/UNISNES_RP2040.dir/lib/hoja-lib-rp2040/src/hoja_settings.c.obj
                0x100007f0                settings_reset_to_default
 .text.settings_core1_save_check
                0x10000918       0x90 CMakeFiles/UNISNES_RP2040.dir/lib/hoja-lib-rp2040/src/hoja_settings.c.obj
                0x10000918                settings_core1_save_check
 .text.settings_save_webindicate
                0x100009a8        0xc CMakeFiles/UNISNES_RP2040.dir/lib/hoja-lib-rp2040/src/hoja_settings.c.obj
                0x100009a8                settings_save_webindicate
 .text.settings_save
                0x100009b4        0xc CMakeFiles/UNISNES_RP2040.dir/lib/hoja-lib-rp2040/src/hoja_settings.c.obj
                0x100009b4                settings_save
 .text.settings_set_rumble_floor
                0x100009c0       0x20 CMakeFiles/UNISNES_RP2040.dir/lib/hoja-lib-rp2040/src/hoja_settings.c.obj
                0x100009c0                settings_set_rumble_floor
 .text.settings_set_rumble
                0x100009e0       0x24 CMakeFiles/UNISNES_RP2040.dir/lib/hoja-lib-rp2040/src/hoja_settings.c.obj
                0x100009e0                settings_set_rumble
 .text.settings_load
                0x10000a04       0x78 CMakeFiles/UNISNES_RP2040.dir/lib/hoja-lib-rp2040/src/hoja_settings.c.obj
                0x10000a04                settings_load
 .text.settings_set_centers
                0x10000a7c       0x14 CMakeFiles/UNISNES_RP2040.dir/lib/hoja-lib-rp2040/src/hoja_settings.c.obj
                0x10000a7c                settings_set_centers
 .text.settings_set_distances
                0x10000a90       0x24 CMakeFiles/UNISNES_RP2040.dir/lib/hoja-lib-rp2040/src/hoja_settings.c.obj
                0x10000a90                settings_set_distances
 .text.settings_set_angles
                0x10000ab4       0x24 CMakeFiles/UNISNES_RP2040.dir/lib/hoja-lib-rp2040/src/hoja_settings.c.obj
                0x10000ab4                settings_set_angles
 .text.hoja_comms_task
                0x10000ad8       0x14 CMakeFiles/UNISNES_RP2040.dir/lib/hoja-lib-rp2040/src/hoja_comms.c.obj
                0x10000ad8                hoja_comms_task
 .text.hoja_comms_current_mode
                0x10000aec        0xc CMakeFiles/UNISNES_RP2040.dir/lib/hoja-lib-rp2040/src/hoja_comms.c.obj
                0x10000aec                hoja_comms_current_mode
 .text.hoja_comms_init
                0x10000af8       0x74 CMakeFiles/UNISNES_RP2040.dir/lib/hoja-lib-rp2040/src/hoja_comms.c.obj
                0x10000af8                hoja_comms_init
 .text._rgb_set_color_brightness
                0x10000b6c       0xa4 CMakeFiles/UNISNES_RP2040.dir/lib/hoja-lib-rp2040/src/utilities/rgb.c.obj
                0x10000b6c                _rgb_set_color_brightness
 .text._rgb_normalize_output_power
                0x10000c10       0x88 CMakeFiles/UNISNES_RP2040.dir/lib/hoja-lib-rp2040/src/utilities/rgb.c.obj
                0x10000c10                _rgb_normalize_output_power
 .text._rgb_update_all
                0x10000c98       0x28 CMakeFiles/UNISNES_RP2040.dir/lib/hoja-lib-rp2040/src/utilities/rgb.c.obj
                0x10000c98                _rgb_update_all
 .text._rgb_blend
                0x10000cc0       0xac CMakeFiles/UNISNES_RP2040.dir/lib/hoja-lib-rp2040/src/utilities/rgb.c.obj
                0x10000cc0                _rgb_blend
 .text._rgb_animate_step
                0x10000d6c       0xac CMakeFiles/UNISNES_RP2040.dir/lib/hoja-lib-rp2040/src/utilities/rgb.c.obj
                0x10000d6c                _rgb_animate_step
 .text._rgb_set_sequential
                0x10000e18       0x32 CMakeFiles/UNISNES_RP2040.dir/lib/hoja-lib-rp2040/src/utilities/rgb.c.obj
                0x10000e18                _rgb_set_sequential
 *fill*         0x10000e4a        0x2 
 .text.rgb_set_brightness
                0x10000e4c       0x14 CMakeFiles/UNISNES_RP2040.dir/lib/hoja-lib-rp2040/src/utilities/rgb.c.obj
                0x10000e4c                rgb_set_brightness
 .text.rgb_set_dirty
                0x10000e60        0xc CMakeFiles/UNISNES_RP2040.dir/lib/hoja-lib-rp2040/src/utilities/rgb.c.obj
                0x10000e60                rgb_set_dirty
 .text.rgb_set_all
                0x10000e6c       0x30 CMakeFiles/UNISNES_RP2040.dir/lib/hoja-lib-rp2040/src/utilities/rgb.c.obj
                0x10000e6c                rgb_set_all
 .text.rgb_set_group
                0x10000e9c       0xc8 CMakeFiles/UNISNES_RP2040.dir/lib/hoja-lib-rp2040/src/utilities/rgb.c.obj
                0x10000e9c                rgb_set_group
 .text.rgb_preset_reload
                0x10000f64       0x38 CMakeFiles/UNISNES_RP2040.dir/lib/hoja-lib-rp2040/src/utilities/rgb.c.obj
                0x10000f64                rgb_preset_reload
 .text.rgb_load_preset
                0x10000f9c       0x10 CMakeFiles/UNISNES_RP2040.dir/lib/hoja-lib-rp2040/src/utilities/rgb.c.obj
                0x10000f9c                rgb_load_preset
 .text.rgb_init
                0x10000fac      0x134 CMakeFiles/UNISNES_RP2040.dir/lib/hoja-lib-rp2040/src/utilities/rgb.c.obj
                0x10000fac                rgb_init
 .text.rgb_task
                0x100010e0       0x48 CMakeFiles/UNISNES_RP2040.dir/lib/hoja-lib-rp2040/src/utilities/rgb.c.obj
                0x100010e0                rgb_task
 .text.util_battery_monitor_task_usb
                0x10001128        0x2 CMakeFiles/UNISNES_RP2040.dir/lib/hoja-lib-rp2040/src/utilities/battery.c.obj
                0x10001128                util_battery_monitor_task_usb
 .text.util_battery_enable_ship_mode
                0x1000112a       0x12 CMakeFiles/UNISNES_RP2040.dir/lib/hoja-lib-rp2040/src/utilities/battery.c.obj
                0x1000112a                util_battery_enable_ship_mode
 .text.util_battery_set_charge_rate
                0x1000113c       0x38 CMakeFiles/UNISNES_RP2040.dir/lib/hoja-lib-rp2040/src/utilities/battery.c.obj
                0x1000113c                util_battery_set_charge_rate
 .text.util_wire_connected
                0x10001174       0x10 CMakeFiles/UNISNES_RP2040.dir/lib/hoja-lib-rp2040/src/utilities/battery.c.obj
                0x10001174                util_wire_connected
 .text.tud_descriptor_bos_cb
                0x10001184       0x1c CMakeFiles/UNISNES_RP2040.dir/lib/hoja-lib-rp2040/src/usb/desc_bos.c.obj
                0x10001184                tud_descriptor_bos_cb
 .text.tud_hid_ready
                0x100011a0        0xa CMakeFiles/UNISNES_RP2040.dir/lib/hoja-lib-rp2040/src/usb/hoja_usb.c.obj
 *fill*         0x100011aa        0x2 
 .text.usbd_app_driver_get_cb
                0x100011ac       0x24 CMakeFiles/UNISNES_RP2040.dir/lib/hoja-lib-rp2040/src/usb/hoja_usb.c.obj
                0x100011ac                usbd_app_driver_get_cb
 .text._hoja_usb_set_interval
                0x100011d0        0xc CMakeFiles/UNISNES_RP2040.dir/lib/hoja-lib-rp2040/src/usb/hoja_usb.c.obj
                0x100011d0                _hoja_usb_set_interval
 .text.hoja_usb_start
                0x100011dc       0x80 CMakeFiles/UNISNES_RP2040.dir/lib/hoja-lib-rp2040/src/usb/hoja_usb.c.obj
                0x100011dc                hoja_usb_start
 .text.hoja_usb_task
                0x1000125c       0xac CMakeFiles/UNISNES_RP2040.dir/lib/hoja-lib-rp2040/src/usb/hoja_usb.c.obj
                0x1000125c                hoja_usb_task
 .text.tud_descriptor_device_cb
                0x10001308       0x2c CMakeFiles/UNISNES_RP2040.dir/lib/hoja-lib-rp2040/src/usb/hoja_usb.c.obj
                0x10001308                tud_descriptor_device_cb
 .text.tud_descriptor_configuration_cb
                0x10001334       0x2c CMakeFiles/UNISNES_RP2040.dir/lib/hoja-lib-rp2040/src/usb/hoja_usb.c.obj
                0x10001334                tud_descriptor_configuration_cb
 .text.tud_hid_get_report_cb
                0x10001360        0x4 CMakeFiles/UNISNES_RP2040.dir/lib/hoja-lib-rp2040/src/usb/hoja_usb.c.obj
                0x10001360                tud_hid_get_report_cb
 .text.tud_hid_report_complete_cb
                0x10001364        0xc CMakeFiles/UNISNES_RP2040.dir/lib/hoja-lib-rp2040/src/usb/hoja_usb.c.obj
                0x10001364                tud_hid_report_complete_cb
 .text.tud_hid_set_report_cb
                0x10001370       0x9c CMakeFiles/UNISNES_RP2040.dir/lib/hoja-lib-rp2040/src/usb/hoja_usb.c.obj
                0x10001370                tud_hid_set_report_cb
 .text.tud_hid_descriptor_report_cb
                0x1000140c       0x20 CMakeFiles/UNISNES_RP2040.dir/lib/hoja-lib-rp2040/src/usb/hoja_usb.c.obj
                0x1000140c                tud_hid_descriptor_report_cb
 .text.tud_descriptor_string_cb
                0x1000142c       0x9c CMakeFiles/UNISNES_RP2040.dir/lib/hoja-lib-rp2040/src/usb/hoja_usb.c.obj
                0x1000142c                tud_descriptor_string_cb
 .text.tud_vendor_rx_cb
                0x100014c8       0x38 CMakeFiles/UNISNES_RP2040.dir/lib/hoja-lib-rp2040/src/usb/hoja_usb.c.obj
                0x100014c8                tud_vendor_rx_cb
 .text.tud_vendor_control_xfer_cb
                0x10001500      0x100 CMakeFiles/UNISNES_RP2040.dir/lib/hoja-lib-rp2040/src/usb/hoja_usb.c.obj
                0x10001500                tud_vendor_control_xfer_cb
 .text.xinputd_control_xfer_cb
                0x10001600        0x4 CMakeFiles/UNISNES_RP2040.dir/lib/hoja-lib-rp2040/src/usb/xinput_device.c.obj
                0x10001600                xinputd_control_xfer_cb
 .text.xinputd_reset
                0x10001604       0x14 CMakeFiles/UNISNES_RP2040.dir/lib/hoja-lib-rp2040/src/usb/xinput_device.c.obj
                0x10001604                xinputd_reset
 .text.xinputd_init
                0x10001618        0xa CMakeFiles/UNISNES_RP2040.dir/lib/hoja-lib-rp2040/src/usb/xinput_device.c.obj
                0x10001618                xinputd_init
 *fill*         0x10001622        0x2 
 .text.xinputd_open
                0x10001624       0x70 CMakeFiles/UNISNES_RP2040.dir/lib/hoja-lib-rp2040/src/usb/xinput_device.c.obj
                0x10001624                xinputd_open
 .text.xinputd_xfer_cb
                0x10001694       0x68 CMakeFiles/UNISNES_RP2040.dir/lib/hoja-lib-rp2040/src/usb/xinput_device.c.obj
                0x10001694                xinputd_xfer_cb
 .text.tud_xinput_getout
                0x100016fc       0x54 CMakeFiles/UNISNES_RP2040.dir/lib/hoja-lib-rp2040/src/usb/xinput_device.c.obj
                0x100016fc                tud_xinput_getout
 .text.tud_xinput_report
                0x10001750       0x58 CMakeFiles/UNISNES_RP2040.dir/lib/hoja-lib-rp2040/src/usb/xinput_device.c.obj
                0x10001750                tud_xinput_report
 .text.tud_xinput_ready
                0x100017a8       0x48 CMakeFiles/UNISNES_RP2040.dir/lib/hoja-lib-rp2040/src/usb/xinput_device.c.obj
                0x100017a8                tud_xinput_ready
 .text.ginputd_reset
                0x100017f0       0x14 CMakeFiles/UNISNES_RP2040.dir/lib/hoja-lib-rp2040/src/usb/ginput_device.c.obj
                0x100017f0                ginputd_reset
 .text.ginputd_init
                0x10001804        0xa CMakeFiles/UNISNES_RP2040.dir/lib/hoja-lib-rp2040/src/usb/ginput_device.c.obj
                0x10001804                ginputd_init
 *fill*         0x1000180e        0x2 
 .text.ginputd_open
                0x10001810       0xc4 CMakeFiles/UNISNES_RP2040.dir/lib/hoja-lib-rp2040/src/usb/ginput_device.c.obj
                0x10001810                ginputd_open
 .text.ginputd_xfer_cb
                0x100018d4       0x84 CMakeFiles/UNISNES_RP2040.dir/lib/hoja-lib-rp2040/src/usb/ginput_device.c.obj
                0x100018d4                ginputd_xfer_cb
 .text.ginputd_control_xfer_cb
                0x10001958      0x28c CMakeFiles/UNISNES_RP2040.dir/lib/hoja-lib-rp2040/src/usb/ginput_device.c.obj
                0x10001958                ginputd_control_xfer_cb
 .text.tud_ginput_n_ready
                0x10001be4       0x50 CMakeFiles/UNISNES_RP2040.dir/lib/hoja-lib-rp2040/src/usb/ginput_device.c.obj
                0x10001be4                tud_ginput_n_ready
 .text.tud_ginput_ready
                0x10001c34        0xa CMakeFiles/UNISNES_RP2040.dir/lib/hoja-lib-rp2040/src/usb/ginput_device.c.obj
                0x10001c34                tud_ginput_ready
 *fill*         0x10001c3e        0x2 
 .text.tud_ginput_n_report
                0x10001c40       0x94 CMakeFiles/UNISNES_RP2040.dir/lib/hoja-lib-rp2040/src/usb/ginput_device.c.obj
                0x10001c40                tud_ginput_n_report
 .text.tud_ginput_report
                0x10001cd4       0x10 CMakeFiles/UNISNES_RP2040.dir/lib/hoja-lib-rp2040/src/usb/ginput_device.c.obj
                0x10001cd4                tud_ginput_report
 .text.switch_analog_encode
                0x10001ce4       0x16 CMakeFiles/UNISNES_RP2040.dir/lib/hoja-lib-rp2040/src/switch/switch_analog.c.obj
                0x10001ce4                switch_analog_encode
 *fill*         0x10001cfa        0x2 
 .text.switch_analog_calibration_init
                0x10001cfc       0x50 CMakeFiles/UNISNES_RP2040.dir/lib/hoja-lib-rp2040/src/switch/switch_analog.c.obj
                0x10001cfc                switch_analog_calibration_init
 .text.clear_report
                0x10001d4c       0x14 CMakeFiles/UNISNES_RP2040.dir/lib/hoja-lib-rp2040/src/switch/switch_commands.c.obj
                0x10001d4c                clear_report
 .text.set_report_id
                0x10001d60        0xc CMakeFiles/UNISNES_RP2040.dir/lib/hoja-lib-rp2040/src/switch/switch_commands.c.obj
                0x10001d60                set_report_id
 .text.set_ack  0x10001d6c        0xc CMakeFiles/UNISNES_RP2040.dir/lib/hoja-lib-rp2040/src/switch/switch_commands.c.obj
                0x10001d6c                set_ack
 .text.set_command
                0x10001d78        0xc CMakeFiles/UNISNES_RP2040.dir/lib/hoja-lib-rp2040/src/switch/switch_commands.c.obj
                0x10001d78                set_command
 .text.set_timer
                0x10001d84       0x28 CMakeFiles/UNISNES_RP2040.dir/lib/hoja-lib-rp2040/src/switch/switch_commands.c.obj
                0x10001d84                set_timer
 .text.set_battconn
                0x10001dac       0x14 CMakeFiles/UNISNES_RP2040.dir/lib/hoja-lib-rp2040/src/switch/switch_commands.c.obj
                0x10001dac                set_battconn
 .text.set_devinfo
                0x10001dc0       0x1c CMakeFiles/UNISNES_RP2040.dir/lib/hoja-lib-rp2040/src/switch/switch_commands.c.obj
                0x10001dc0                set_devinfo
 .text.set_sub_triggertime
                0x10001ddc       0x24 CMakeFiles/UNISNES_RP2040.dir/lib/hoja-lib-rp2040/src/switch/switch_commands.c.obj
                0x10001ddc                set_sub_triggertime
 .text.shouldControllerRumble
                0x10001e00       0x36 CMakeFiles/UNISNES_RP2040.dir/lib/hoja-lib-rp2040/src/switch/switch_commands.c.obj
                0x10001e00                shouldControllerRumble
 *fill*         0x10001e36        0x2 
 .text.rumble_translate
                0x10001e38       0x84 CMakeFiles/UNISNES_RP2040.dir/lib/hoja-lib-rp2040/src/switch/switch_commands.c.obj
                0x10001e38                rumble_translate
 .text.info_set_mac
                0x10001ebc       0x34 CMakeFiles/UNISNES_RP2040.dir/lib/hoja-lib-rp2040/src/switch/switch_commands.c.obj
                0x10001ebc                info_set_mac
 .text.info_handler
                0x10001ef0       0x4c CMakeFiles/UNISNES_RP2040.dir/lib/hoja-lib-rp2040/src/switch/switch_commands.c.obj
                0x10001ef0                info_handler
 .text.pairing_set
                0x10001f3c       0xc0 CMakeFiles/UNISNES_RP2040.dir/lib/hoja-lib-rp2040/src/switch/switch_commands.c.obj
                0x10001f3c                pairing_set
 .text.command_handler
                0x10001ffc      0x22c CMakeFiles/UNISNES_RP2040.dir/lib/hoja-lib-rp2040/src/switch/switch_commands.c.obj
                0x10001ffc                command_handler
 .text.report_handler
                0x10002228       0x44 CMakeFiles/UNISNES_RP2040.dir/lib/hoja-lib-rp2040/src/switch/switch_commands.c.obj
                0x10002228                report_handler
 .text._unknown_thing
                0x1000226c       0x2c CMakeFiles/UNISNES_RP2040.dir/lib/hoja-lib-rp2040/src/switch/switch_commands.c.obj
                0x1000226c                _unknown_thing
 .text.switch_commands_process
                0x10002298       0xb8 CMakeFiles/UNISNES_RP2040.dir/lib/hoja-lib-rp2040/src/switch/switch_commands.c.obj
                0x10002298                switch_commands_process
 .text.switch_commands_future_handle
                0x10002350       0x28 CMakeFiles/UNISNES_RP2040.dir/lib/hoja-lib-rp2040/src/switch/switch_commands.c.obj
                0x10002350                switch_commands_future_handle
 .text.switch_commands_bulkset
                0x10002378       0x10 CMakeFiles/UNISNES_RP2040.dir/lib/hoja-lib-rp2040/src/switch/switch_commands.c.obj
                0x10002378                switch_commands_bulkset
 .text.sw_spi_getaddressdata
                0x10002388      0x18c CMakeFiles/UNISNES_RP2040.dir/lib/hoja-lib-rp2040/src/switch/switch_spi.c.obj
                0x10002388                sw_spi_getaddressdata
 .text.sw_spi_readfromaddress
                0x10002514       0x50 CMakeFiles/UNISNES_RP2040.dir/lib/hoja-lib-rp2040/src/switch/switch_spi.c.obj
                0x10002514                sw_spi_readfromaddress
 .text._imu_average_value
                0x10002564       0x30 CMakeFiles/UNISNES_RP2040.dir/lib/hoja-lib-rp2040/src/input/imu.c.obj
                0x10002564                _imu_average_value
 .text.imu_calibrate_start
                0x10002594       0x88 CMakeFiles/UNISNES_RP2040.dir/lib/hoja-lib-rp2040/src/input/imu.c.obj
                0x10002594                imu_calibrate_start
 .text.imu_calibrate_stop
                0x1000261c       0x20 CMakeFiles/UNISNES_RP2040.dir/lib/hoja-lib-rp2040/src/input/imu.c.obj
                0x1000261c                imu_calibrate_stop
 .text._imu_calibrate_task
                0x1000263c       0x88 CMakeFiles/UNISNES_RP2040.dir/lib/hoja-lib-rp2040/src/input/imu.c.obj
                0x1000263c                _imu_calibrate_task
 .text._imu_process_8
                0x100026c4        0x8 CMakeFiles/UNISNES_RP2040.dir/lib/hoja-lib-rp2040/src/input/imu.c.obj
                0x100026c4                _imu_process_8
 .text.imu_switch_buffer_out
                0x100026cc       0xe8 CMakeFiles/UNISNES_RP2040.dir/lib/hoja-lib-rp2040/src/input/imu.c.obj
                0x100026cc                imu_switch_buffer_out
 .text.imu_set_enabled
                0x100027b4        0xc CMakeFiles/UNISNES_RP2040.dir/lib/hoja-lib-rp2040/src/input/imu.c.obj
                0x100027b4                imu_set_enabled
 .text.imu_task
                0x100027c0      0x200 CMakeFiles/UNISNES_RP2040.dir/lib/hoja-lib-rp2040/src/input/imu.c.obj
                0x100027c0                imu_task
 .text._remap_load_remap
                0x100029c0       0x58 CMakeFiles/UNISNES_RP2040.dir/lib/hoja-lib-rp2040/src/input/remap.c.obj
                0x100029c0                _remap_load_remap
 .text._remap_pack_remap
                0x10002a18       0xda CMakeFiles/UNISNES_RP2040.dir/lib/hoja-lib-rp2040/src/input/remap.c.obj
                0x10002a18                _remap_pack_remap
 .text._remap_unpack_remap
                0x10002af2       0x72 CMakeFiles/UNISNES_RP2040.dir/lib/hoja-lib-rp2040/src/input/remap.c.obj
                0x10002af2                _remap_unpack_remap
 .text.remap_reset_default
                0x10002b64       0x74 CMakeFiles/UNISNES_RP2040.dir/lib/hoja-lib-rp2040/src/input/remap.c.obj
                0x10002b64                remap_reset_default
 .text.remap_init
                0x10002bd8       0x3c CMakeFiles/UNISNES_RP2040.dir/lib/hoja-lib-rp2040/src/input/remap.c.obj
                0x10002bd8                remap_init
 .text.remap_set_gc_sp
                0x10002c14       0x10 CMakeFiles/UNISNES_RP2040.dir/lib/hoja-lib-rp2040/src/input/remap.c.obj
                0x10002c14                remap_set_gc_sp
 .text.remap_listen_stop
                0x10002c24       0x20 CMakeFiles/UNISNES_RP2040.dir/lib/hoja-lib-rp2040/src/input/remap.c.obj
                0x10002c24                remap_listen_stop
 .text.remap_send_data_webusb
                0x10002c44       0xf0 CMakeFiles/UNISNES_RP2040.dir/lib/hoja-lib-rp2040/src/input/remap.c.obj
                0x10002c44                remap_send_data_webusb
 .text._remap_listener
                0x10002d34       0xec CMakeFiles/UNISNES_RP2040.dir/lib/hoja-lib-rp2040/src/input/remap.c.obj
                0x10002d34                _remap_listener
 .text.remap_listen_enable
                0x10002e20       0x40 CMakeFiles/UNISNES_RP2040.dir/lib/hoja-lib-rp2040/src/input/remap.c.obj
                0x10002e20                remap_listen_enable
 .text.remap_buttons_task
                0x10002e60      0x470 CMakeFiles/UNISNES_RP2040.dir/lib/hoja-lib-rp2040/src/input/remap.c.obj
                0x10002e60                remap_buttons_task
 .text._add_axis
                0x100032d0      0x230 CMakeFiles/UNISNES_RP2040.dir/lib/hoja-lib-rp2040/src/input/snapback.c.obj
                0x100032d0                _add_axis
 .text.snapback_process
                0x10003500       0x54 CMakeFiles/UNISNES_RP2040.dir/lib/hoja-lib-rp2040/src/input/snapback.c.obj
                0x10003500                snapback_process
 .text._snapback_add_value
                0x10003554       0x30 CMakeFiles/UNISNES_RP2040.dir/lib/hoja-lib-rp2040/src/input/snapback.c.obj
                0x10003554                _snapback_add_value
 .text.snapback_webcapture_task
                0x10003584      0x138 CMakeFiles/UNISNES_RP2040.dir/lib/hoja-lib-rp2040/src/input/snapback.c.obj
                0x10003584                snapback_webcapture_task
 .text._stick_angle_adjust
                0x100036bc       0x3c CMakeFiles/UNISNES_RP2040.dir/lib/hoja-lib-rp2040/src/input/stick_scaling.c.obj
                0x100036bc                _stick_angle_adjust
 .text._stick_get_octant_adjusted
                0x100036f8       0x18 CMakeFiles/UNISNES_RP2040.dir/lib/hoja-lib-rp2040/src/input/stick_scaling.c.obj
                0x100036f8                _stick_get_octant_adjusted
 .text._stick_get_octant
                0x10003710       0xcc CMakeFiles/UNISNES_RP2040.dir/lib/hoja-lib-rp2040/src/input/stick_scaling.c.obj
                0x10003710                _stick_get_octant
 .text._stick_get_angle
                0x100037dc       0x70 CMakeFiles/UNISNES_RP2040.dir/lib/hoja-lib-rp2040/src/input/stick_scaling.c.obj
                0x100037dc                _stick_get_angle
 .text._stick_get_distance
                0x1000384c       0x56 CMakeFiles/UNISNES_RP2040.dir/lib/hoja-lib-rp2040/src/input/stick_scaling.c.obj
                0x1000384c                _stick_get_distance
 *fill*         0x100038a2        0x2 
 .text._stick_normalized_vector
                0x100038a4       0x40 CMakeFiles/UNISNES_RP2040.dir/lib/hoja-lib-rp2040/src/input/stick_scaling.c.obj
                0x100038a4                _stick_normalized_vector
 .text._stick_angle_distance_scaled
                0x100038e4      0x150 CMakeFiles/UNISNES_RP2040.dir/lib/hoja-lib-rp2040/src/input/stick_scaling.c.obj
                0x100038e4                _stick_angle_distance_scaled
 .text._stick_calculate_distance_scalers
                0x10003a34       0x24 CMakeFiles/UNISNES_RP2040.dir/lib/hoja-lib-rp2040/src/input/stick_scaling.c.obj
                0x10003a34                _stick_calculate_distance_scalers
 .text.stick_scaling_get_settings
                0x10003a58       0x90 CMakeFiles/UNISNES_RP2040.dir/lib/hoja-lib-rp2040/src/input/stick_scaling.c.obj
                0x10003a58                stick_scaling_get_settings
 .text.stick_scaling_set_settings
                0x10003ae8       0x48 CMakeFiles/UNISNES_RP2040.dir/lib/hoja-lib-rp2040/src/input/stick_scaling.c.obj
                0x10003ae8                stick_scaling_set_settings
 .text.stick_scaling_init
                0x10003b30       0x24 CMakeFiles/UNISNES_RP2040.dir/lib/hoja-lib-rp2040/src/input/stick_scaling.c.obj
                0x10003b30                stick_scaling_init
 .text.stick_scaling_reset_distances
                0x10003b54       0x48 CMakeFiles/UNISNES_RP2040.dir/lib/hoja-lib-rp2040/src/input/stick_scaling.c.obj
                0x10003b54                stick_scaling_reset_distances
 .text.stick_scaling_capture_distances
                0x10003b9c      0x178 CMakeFiles/UNISNES_RP2040.dir/lib/hoja-lib-rp2040/src/input/stick_scaling.c.obj
                0x10003b9c                stick_scaling_capture_distances
 .text.stick_scaling_capture_center
                0x10003d14       0x2c CMakeFiles/UNISNES_RP2040.dir/lib/hoja-lib-rp2040/src/input/stick_scaling.c.obj
                0x10003d14                stick_scaling_capture_center
 .text.stick_scaling_capture_angle
                0x10003d40      0x134 CMakeFiles/UNISNES_RP2040.dir/lib/hoja-lib-rp2040/src/input/stick_scaling.c.obj
                0x10003d40                stick_scaling_capture_angle
 .text.stick_scaling_process_data
                0x10003e74       0xe0 CMakeFiles/UNISNES_RP2040.dir/lib/hoja-lib-rp2040/src/input/stick_scaling.c.obj
                0x10003e74                stick_scaling_process_data
 .text.analog_send_reset
                0x10003f54       0x24 CMakeFiles/UNISNES_RP2040.dir/lib/hoja-lib-rp2040/src/input/analog.c.obj
                0x10003f54                analog_send_reset
 .text.analog_calibrate_start
                0x10003f78       0x30 CMakeFiles/UNISNES_RP2040.dir/lib/hoja-lib-rp2040/src/input/analog.c.obj
                0x10003f78                analog_calibrate_start
 .text.analog_init
                0x10003fa8       0x40 CMakeFiles/UNISNES_RP2040.dir/lib/hoja-lib-rp2040/src/input/analog.c.obj
                0x10003fa8                analog_init
 .text.analog_calibrate_stop
                0x10003fe8       0x34 CMakeFiles/UNISNES_RP2040.dir/lib/hoja-lib-rp2040/src/input/analog.c.obj
                0x10003fe8                analog_calibrate_stop
 .text.analog_calibrate_save
                0x1000401c       0x3c CMakeFiles/UNISNES_RP2040.dir/lib/hoja-lib-rp2040/src/input/analog.c.obj
                0x1000401c                analog_calibrate_save
 .text.analog_calibrate_angle
                0x10004058       0x10 CMakeFiles/UNISNES_RP2040.dir/lib/hoja-lib-rp2040/src/input/analog.c.obj
                0x10004058                analog_calibrate_angle
 .text._analog_calibrate_loop
                0x10004068       0x64 CMakeFiles/UNISNES_RP2040.dir/lib/hoja-lib-rp2040/src/input/analog.c.obj
                0x10004068                _analog_calibrate_loop
 .text._analog_distance_check
                0x100040cc       0x44 CMakeFiles/UNISNES_RP2040.dir/lib/hoja-lib-rp2040/src/input/analog.c.obj
                0x100040cc                _analog_distance_check
 .text.analog_task
                0x10004110       0xe0 CMakeFiles/UNISNES_RP2040.dir/lib/hoja-lib-rp2040/src/input/analog.c.obj
                0x10004110                analog_task
 .text.macro_handler_task
                0x100041f0      0x108 CMakeFiles/UNISNES_RP2040.dir/lib/hoja-lib-rp2040/src/input/macros.c.obj
                0x100041f0                macro_handler_task
 .text.macro_safe_mode_check
                0x100042f8        0xc CMakeFiles/UNISNES_RP2040.dir/lib/hoja-lib-rp2040/src/input/macros.c.obj
                0x100042f8                macro_safe_mode_check
 .text.gcinput_hid_report
                0x10004304      0x370 CMakeFiles/UNISNES_RP2040.dir/lib/hoja-lib-rp2040/src/devices/gcinput.c.obj
                0x10004304                gcinput_hid_report
 .text.joybus_program_init
                0x10004674      0x1a0 CMakeFiles/UNISNES_RP2040.dir/lib/hoja-lib-rp2040/src/devices/gamecube.c.obj
 .text._gamecube_isr_txdone
                0x10004814       0x54 CMakeFiles/UNISNES_RP2040.dir/lib/hoja-lib-rp2040/src/devices/gamecube.c.obj
 .text._gamecube_send_probe
                0x10004868       0x34 CMakeFiles/UNISNES_RP2040.dir/lib/hoja-lib-rp2040/src/devices/gamecube.c.obj
                0x10004868                _gamecube_send_probe
 .text._gamecube_send_origin
                0x1000489c       0x9c CMakeFiles/UNISNES_RP2040.dir/lib/hoja-lib-rp2040/src/devices/gamecube.c.obj
                0x1000489c                _gamecube_send_origin
 .text._gamecube_send_poll
                0x10004938       0xa0 CMakeFiles/UNISNES_RP2040.dir/lib/hoja-lib-rp2040/src/devices/gamecube.c.obj
                0x10004938                _gamecube_send_poll
 .text._gamecube_reset_state
                0x100049d8       0x48 CMakeFiles/UNISNES_RP2040.dir/lib/hoja-lib-rp2040/src/devices/gamecube.c.obj
                0x100049d8                _gamecube_reset_state
 .text._gamecube_isr_handler
                0x10004a20       0x34 CMakeFiles/UNISNES_RP2040.dir/lib/hoja-lib-rp2040/src/devices/gamecube.c.obj
 .text.gamecube_comms_task
                0x10004a54      0x444 CMakeFiles/UNISNES_RP2040.dir/lib/hoja-lib-rp2040/src/devices/gamecube.c.obj
                0x10004a54                gamecube_comms_task
 .text.joybus_program_init
                0x10004e98      0x1a0 CMakeFiles/UNISNES_RP2040.dir/lib/hoja-lib-rp2040/src/devices/n64.c.obj
 .text._n64_isr_txdone
                0x10005038       0x54 CMakeFiles/UNISNES_RP2040.dir/lib/hoja-lib-rp2040/src/devices/n64.c.obj
 .text._n64_get_crc
                0x1000508c       0x10 CMakeFiles/UNISNES_RP2040.dir/lib/hoja-lib-rp2040/src/devices/n64.c.obj
                0x1000508c                _n64_get_crc
 .text._n64_send_probe
                0x1000509c       0x34 CMakeFiles/UNISNES_RP2040.dir/lib/hoja-lib-rp2040/src/devices/n64.c.obj
                0x1000509c                _n64_send_probe
 .text._n64_send_pak_write
                0x100050d0       0x1c CMakeFiles/UNISNES_RP2040.dir/lib/hoja-lib-rp2040/src/devices/n64.c.obj
                0x100050d0                _n64_send_pak_write
 .text._n64_send_poll
                0x100050ec       0x5c CMakeFiles/UNISNES_RP2040.dir/lib/hoja-lib-rp2040/src/devices/n64.c.obj
                0x100050ec                _n64_send_poll
 .text._n64_isr_handler
                0x10005148       0x34 CMakeFiles/UNISNES_RP2040.dir/lib/hoja-lib-rp2040/src/devices/n64.c.obj
 .text._n64_reset_state
                0x1000517c       0x48 CMakeFiles/UNISNES_RP2040.dir/lib/hoja-lib-rp2040/src/devices/n64.c.obj
                0x1000517c                _n64_reset_state
 .text.n64_comms_task
                0x100051c4      0x254 CMakeFiles/UNISNES_RP2040.dir/lib/hoja-lib-rp2040/src/devices/n64.c.obj
                0x100051c4                n64_comms_task
 .text._nspi_isr_handler
                0x10005418       0x78 CMakeFiles/UNISNES_RP2040.dir/lib/hoja-lib-rp2040/src/devices/nspi.c.obj
 .text.nspi_init
                0x10005490      0x2c4 CMakeFiles/UNISNES_RP2040.dir/lib/hoja-lib-rp2040/src/devices/nspi.c.obj
                0x10005490                nspi_init
 .text.nspi_comms_task
                0x10005754      0x190 CMakeFiles/UNISNES_RP2040.dir/lib/hoja-lib-rp2040/src/devices/nspi.c.obj
                0x10005754                nspi_comms_task
 .text.swpro_hid_report
                0x100058e4      0x16c CMakeFiles/UNISNES_RP2040.dir/lib/hoja-lib-rp2040/src/devices/swpro.c.obj
                0x100058e4                swpro_hid_report
 .text.webusb_output_enabled
                0x10005a50        0xc CMakeFiles/UNISNES_RP2040.dir/lib/hoja-lib-rp2040/src/devices/webusb.c.obj
                0x10005a50                webusb_output_enabled
 .text.webusb_enable_output
                0x10005a5c        0xc CMakeFiles/UNISNES_RP2040.dir/lib/hoja-lib-rp2040/src/devices/webusb.c.obj
                0x10005a5c                webusb_enable_output
 .text.webusb_ready_blocking
                0x10005a68       0x3e CMakeFiles/UNISNES_RP2040.dir/lib/hoja-lib-rp2040/src/devices/webusb.c.obj
                0x10005a68                webusb_ready_blocking
 *fill*         0x10005aa6        0x2 
 .text.webusb_save_confirm
                0x10005aa8       0x40 CMakeFiles/UNISNES_RP2040.dir/lib/hoja-lib-rp2040/src/devices/webusb.c.obj
                0x10005aa8                webusb_save_confirm
 .text.webusb_input_report_task
                0x10005ae8       0xdc CMakeFiles/UNISNES_RP2040.dir/lib/hoja-lib-rp2040/src/devices/webusb.c.obj
                0x10005ae8                webusb_input_report_task
 .text.webusb_command_processor
                0x10005bc4      0x348 CMakeFiles/UNISNES_RP2040.dir/lib/hoja-lib-rp2040/src/devices/webusb.c.obj
                0x10005bc4                webusb_command_processor
 .text.sign_axis
                0x10005f0c       0x24 CMakeFiles/UNISNES_RP2040.dir/lib/hoja-lib-rp2040/src/devices/xinput.c.obj
                0x10005f0c                sign_axis
 .text.xinput_hid_report
                0x10005f30      0x144 CMakeFiles/UNISNES_RP2040.dir/lib/hoja-lib-rp2040/src/devices/xinput.c.obj
                0x10005f30                xinput_hid_report
 .text.gpio_set_function
                0x10006074       0x30 CMakeFiles/UNISNES_RP2040.dir/C_/Program_Files/Raspberry_Pi/Pico_SDK_v1.5.1/pico-sdk/src/rp2_common/hardware_gpio/gpio.c.obj
                0x10006074                gpio_set_function
 .text.gpio_set_pulls
                0x100060a4       0x34 CMakeFiles/UNISNES_RP2040.dir/C_/Program_Files/Raspberry_Pi/Pico_SDK_v1.5.1/pico-sdk/src/rp2_common/hardware_gpio/gpio.c.obj
                0x100060a4                gpio_set_pulls
 .text.gpio_init
                0x100060d8       0x16 CMakeFiles/UNISNES_RP2040.dir/C_/Program_Files/Raspberry_Pi/Pico_SDK_v1.5.1/pico-sdk/src/rp2_common/hardware_gpio/gpio.c.obj
                0x100060d8                gpio_init
 *fill*         0x100060ee        0x2 
 .text.running_on_fpga
                0x100060f0       0x14 CMakeFiles/UNISNES_RP2040.dir/C_/Program_Files/Raspberry_Pi/Pico_SDK_v1.5.1/pico-sdk/src/rp2_common/pico_platform/platform.c.obj
                0x100060f0                running_on_fpga
 .text.hw_claim_lock
                0x10006104       0x18 CMakeFiles/UNISNES_RP2040.dir/C_/Program_Files/Raspberry_Pi/Pico_SDK_v1.5.1/pico-sdk/src/rp2_common/hardware_claim/claim.c.obj
                0x10006104                hw_claim_lock
 .text.hw_claim_unlock
                0x1000611c       0x14 CMakeFiles/UNISNES_RP2040.dir/C_/Program_Files/Raspberry_Pi/Pico_SDK_v1.5.1/pico-sdk/src/rp2_common/hardware_claim/claim.c.obj
                0x1000611c                hw_claim_unlock
 .text.hw_claim_or_assert
                0x10006130       0x32 CMakeFiles/UNISNES_RP2040.dir/C_/Program_Files/Raspberry_Pi/Pico_SDK_v1.5.1/pico-sdk/src/rp2_common/hardware_claim/claim.c.obj
                0x10006130                hw_claim_or_assert
 .text.hw_claim_unused_from_range
                0x10006162       0x50 CMakeFiles/UNISNES_RP2040.dir/C_/Program_Files/Raspberry_Pi/Pico_SDK_v1.5.1/pico-sdk/src/rp2_common/hardware_claim/claim.c.obj
                0x10006162                hw_claim_unused_from_range
 *fill*         0x100061b2        0x2 
 .text.spin_locks_reset
                0x100061b4       0x20 CMakeFiles/UNISNES_RP2040.dir/C_/Program_Files/Raspberry_Pi/Pico_SDK_v1.5.1/pico-sdk/src/rp2_common/hardware_sync/sync.c.obj
                0x100061b4                spin_locks_reset
 .text.next_striped_spin_lock_num
                0x100061d4       0x1c CMakeFiles/UNISNES_RP2040.dir/C_/Program_Files/Raspberry_Pi/Pico_SDK_v1.5.1/pico-sdk/src/rp2_common/hardware_sync/sync.c.obj
                0x100061d4                next_striped_spin_lock_num
 .text.spin_lock_claim_unused
                0x100061f0       0x20 CMakeFiles/UNISNES_RP2040.dir/C_/Program_Files/Raspberry_Pi/Pico_SDK_v1.5.1/pico-sdk/src/rp2_common/hardware_sync/sync.c.obj
                0x100061f0                spin_lock_claim_unused
 .text.set_raw_irq_handler_and_unlock
                0x10006210       0x28 CMakeFiles/UNISNES_RP2040.dir/C_/Program_Files/Raspberry_Pi/Pico_SDK_v1.5.1/pico-sdk/src/rp2_common/hardware_irq/irq.c.obj
 .text.make_branch
                0x10006238       0x48 CMakeFiles/UNISNES_RP2040.dir/C_/Program_Files/Raspberry_Pi/Pico_SDK_v1.5.1/pico-sdk/src/rp2_common/hardware_irq/irq.c.obj
 .text.insert_branch_and_link
                0x10006280       0x40 CMakeFiles/UNISNES_RP2040.dir/C_/Program_Files/Raspberry_Pi/Pico_SDK_v1.5.1/pico-sdk/src/rp2_common/hardware_irq/irq.c.obj
 .text.irq_is_enabled
                0x100062c0       0x18 CMakeFiles/UNISNES_RP2040.dir/C_/Program_Files/Raspberry_Pi/Pico_SDK_v1.5.1/pico-sdk/src/rp2_common/hardware_irq/irq.c.obj
                0x100062c0                irq_is_enabled
 .text.irq_set_mask_enabled
                0x100062d8       0x20 CMakeFiles/UNISNES_RP2040.dir/C_/Program_Files/Raspberry_Pi/Pico_SDK_v1.5.1/pico-sdk/src/rp2_common/hardware_irq/irq.c.obj
                0x100062d8                irq_set_mask_enabled
 .text.irq_set_enabled
                0x100062f8        0xe CMakeFiles/UNISNES_RP2040.dir/C_/Program_Files/Raspberry_Pi/Pico_SDK_v1.5.1/pico-sdk/src/rp2_common/hardware_irq/irq.c.obj
                0x100062f8                irq_set_enabled
 *fill*         0x10006306        0x2 
 .text.irq_get_vtable_handler
                0x10006308       0x10 CMakeFiles/UNISNES_RP2040.dir/C_/Program_Files/Raspberry_Pi/Pico_SDK_v1.5.1/pico-sdk/src/rp2_common/hardware_irq/irq.c.obj
                0x10006308                irq_get_vtable_handler
 .text.irq_set_exclusive_handler
                0x10006318       0x54 CMakeFiles/UNISNES_RP2040.dir/C_/Program_Files/Raspberry_Pi/Pico_SDK_v1.5.1/pico-sdk/src/rp2_common/hardware_irq/irq.c.obj
                0x10006318                irq_set_exclusive_handler
 .text.irq_add_shared_handler
                0x1000636c      0x234 CMakeFiles/UNISNES_RP2040.dir/C_/Program_Files/Raspberry_Pi/Pico_SDK_v1.5.1/pico-sdk/src/rp2_common/hardware_irq/irq.c.obj
                0x1000636c                irq_add_shared_handler
 .text.irq_remove_handler
                0x100065a0      0x1ac CMakeFiles/UNISNES_RP2040.dir/C_/Program_Files/Raspberry_Pi/Pico_SDK_v1.5.1/pico-sdk/src/rp2_common/hardware_irq/irq.c.obj
                0x100065a0                irq_remove_handler
 .text.irq_add_tail_to_free_list
                0x1000674c       0xf0 CMakeFiles/UNISNES_RP2040.dir/C_/Program_Files/Raspberry_Pi/Pico_SDK_v1.5.1/pico-sdk/src/rp2_common/hardware_irq/irq.c.obj
                0x1000674c                irq_add_tail_to_free_list
 .text.irq_init_priorities
                0x1000683c       0x1c CMakeFiles/UNISNES_RP2040.dir/C_/Program_Files/Raspberry_Pi/Pico_SDK_v1.5.1/pico-sdk/src/rp2_common/hardware_irq/irq.c.obj
                0x1000683c                irq_init_priorities
 .text.lock_init
                0x10006858       0x10 CMakeFiles/UNISNES_RP2040.dir/C_/Program_Files/Raspberry_Pi/Pico_SDK_v1.5.1/pico-sdk/src/common/pico_sync/lock_core.c.obj
                0x10006858                lock_init
 .text.mutex_init
                0x10006868       0x1a CMakeFiles/UNISNES_RP2040.dir/C_/Program_Files/Raspberry_Pi/Pico_SDK_v1.5.1/pico-sdk/src/common/pico_sync/mutex.c.obj
                0x10006868                mutex_init
 .text.recursive_mutex_init
                0x10006882       0x1e CMakeFiles/UNISNES_RP2040.dir/C_/Program_Files/Raspberry_Pi/Pico_SDK_v1.5.1/pico-sdk/src/common/pico_sync/mutex.c.obj
                0x10006882                recursive_mutex_init
 .text.critical_section_init_with_lock_num
                0x100068a0       0x14 CMakeFiles/UNISNES_RP2040.dir/C_/Program_Files/Raspberry_Pi/Pico_SDK_v1.5.1/pico-sdk/src/common/pico_sync/critical_section.c.obj
                0x100068a0                critical_section_init_with_lock_num
 .text.critical_section_init
                0x100068b4       0x14 CMakeFiles/UNISNES_RP2040.dir/C_/Program_Files/Raspberry_Pi/Pico_SDK_v1.5.1/pico-sdk/src/common/pico_sync/critical_section.c.obj
                0x100068b4                critical_section_init
 .text.alarm_pool_post_alloc_init
                0x100068c8       0x40 CMakeFiles/UNISNES_RP2040.dir/C_/Program_Files/Raspberry_Pi/Pico_SDK_v1.5.1/pico-sdk/src/common/pico_time/time.c.obj
 .text.sleep_until_callback
                0x10006908       0x30 CMakeFiles/UNISNES_RP2040.dir/C_/Program_Files/Raspberry_Pi/Pico_SDK_v1.5.1/pico-sdk/src/common/pico_time/time.c.obj
 .text.timer_pool_entry_comparator
                0x10006938       0x7c CMakeFiles/UNISNES_RP2040.dir/C_/Program_Files/Raspberry_Pi/Pico_SDK_v1.5.1/pico-sdk/src/common/pico_time/time.c.obj
                0x10006938                timer_pool_entry_comparator
 .text.ph_add_child_node
                0x100069b4       0xa4 CMakeFiles/UNISNES_RP2040.dir/C_/Program_Files/Raspberry_Pi/Pico_SDK_v1.5.1/pico-sdk/src/common/pico_time/time.c.obj
 .text.ph_merge_nodes
                0x10006a58       0x3e CMakeFiles/UNISNES_RP2040.dir/C_/Program_Files/Raspberry_Pi/Pico_SDK_v1.5.1/pico-sdk/src/common/pico_time/time.c.obj
 *fill*         0x10006a96        0x2 
 .text.add_alarm_under_lock
                0x10006a98      0x174 CMakeFiles/UNISNES_RP2040.dir/C_/Program_Files/Raspberry_Pi/Pico_SDK_v1.5.1/pico-sdk/src/common/pico_time/time.c.obj
 .text.alarm_pool_alarm_callback
                0x10006c0c      0x33c CMakeFiles/UNISNES_RP2040.dir/C_/Program_Files/Raspberry_Pi/Pico_SDK_v1.5.1/pico-sdk/src/common/pico_time/time.c.obj
 .text.alarm_pool_init_default
                0x10006f48       0x40 CMakeFiles/UNISNES_RP2040.dir/C_/Program_Files/Raspberry_Pi/Pico_SDK_v1.5.1/pico-sdk/src/common/pico_time/time.c.obj
                0x10006f48                alarm_pool_init_default
 .text.alarm_pool_get_default
                0x10006f88       0x2c CMakeFiles/UNISNES_RP2040.dir/C_/Program_Files/Raspberry_Pi/Pico_SDK_v1.5.1/pico-sdk/src/common/pico_time/time.c.obj
                0x10006f88                alarm_pool_get_default
 .text.alarm_pool_add_alarm_at
                0x10006fb4      0x168 CMakeFiles/UNISNES_RP2040.dir/C_/Program_Files/Raspberry_Pi/Pico_SDK_v1.5.1/pico-sdk/src/common/pico_time/time.c.obj
                0x10006fb4                alarm_pool_add_alarm_at
 .text.alarm_pool_cancel_alarm
                0x1000711c       0xf8 CMakeFiles/UNISNES_RP2040.dir/C_/Program_Files/Raspberry_Pi/Pico_SDK_v1.5.1/pico-sdk/src/common/pico_time/time.c.obj
                0x1000711c                alarm_pool_cancel_alarm
 .text.sleep_until
                0x10007214       0xfc CMakeFiles/UNISNES_RP2040.dir/C_/Program_Files/Raspberry_Pi/Pico_SDK_v1.5.1/pico-sdk/src/common/pico_time/time.c.obj
                0x10007214                sleep_until
 .text.sleep_us
                0x10007310       0x58 CMakeFiles/UNISNES_RP2040.dir/C_/Program_Files/Raspberry_Pi/Pico_SDK_v1.5.1/pico-sdk/src/common/pico_time/time.c.obj
                0x10007310                sleep_us
 .text.sleep_ms
                0x10007368       0x14 CMakeFiles/UNISNES_RP2040.dir/C_/Program_Files/Raspberry_Pi/Pico_SDK_v1.5.1/pico-sdk/src/common/pico_time/time.c.obj
                0x10007368                sleep_ms
 .text.best_effort_wfe_or_timeout
                0x1000737c       0xac CMakeFiles/UNISNES_RP2040.dir/C_/Program_Files/Raspberry_Pi/Pico_SDK_v1.5.1/pico-sdk/src/common/pico_time/time.c.obj
                0x1000737c                best_effort_wfe_or_timeout
 .text.hardware_alarm_irq_handler
                0x10007428       0x90 CMakeFiles/UNISNES_RP2040.dir/C_/Program_Files/Raspberry_Pi/Pico_SDK_v1.5.1/pico-sdk/src/rp2_common/hardware_timer/timer.c.obj
 .text.hardware_alarm_claim
                0x100074b8       0x18 CMakeFiles/UNISNES_RP2040.dir/C_/Program_Files/Raspberry_Pi/Pico_SDK_v1.5.1/pico-sdk/src/rp2_common/hardware_timer/timer.c.obj
                0x100074b8                hardware_alarm_claim
 .text.time_us_64
                0x100074d0       0x18 CMakeFiles/UNISNES_RP2040.dir/C_/Program_Files/Raspberry_Pi/Pico_SDK_v1.5.1/pico-sdk/src/rp2_common/hardware_timer/timer.c.obj
                0x100074d0                time_us_64
 .text.busy_wait_until
                0x100074e8       0x28 CMakeFiles/UNISNES_RP2040.dir/C_/Program_Files/Raspberry_Pi/Pico_SDK_v1.5.1/pico-sdk/src/rp2_common/hardware_timer/timer.c.obj
                0x100074e8                busy_wait_until
 .text.busy_wait_us
                0x10007510       0x48 CMakeFiles/UNISNES_RP2040.dir/C_/Program_Files/Raspberry_Pi/Pico_SDK_v1.5.1/pico-sdk/src/rp2_common/hardware_timer/timer.c.obj
                0x10007510                busy_wait_us
 .text.hardware_alarm_set_callback
                0x10007558       0x90 CMakeFiles/UNISNES_RP2040.dir/C_/Program_Files/Raspberry_Pi/Pico_SDK_v1.5.1/pico-sdk/src/rp2_common/hardware_timer/timer.c.obj
                0x10007558                hardware_alarm_set_callback
 .text.hardware_alarm_set_target
                0x100075e8       0xe8 CMakeFiles/UNISNES_RP2040.dir/C_/Program_Files/Raspberry_Pi/Pico_SDK_v1.5.1/pico-sdk/src/rp2_common/hardware_timer/timer.c.obj
                0x100075e8                hardware_alarm_set_target
 .text.hardware_alarm_cancel
                0x100076d0       0x40 CMakeFiles/UNISNES_RP2040.dir/C_/Program_Files/Raspberry_Pi/Pico_SDK_v1.5.1/pico-sdk/src/rp2_common/hardware_timer/timer.c.obj
                0x100076d0                hardware_alarm_cancel
 .text.ph_add_child_node
                0x10007710       0xa4 CMakeFiles/UNISNES_RP2040.dir/C_/Program_Files/Raspberry_Pi/Pico_SDK_v1.5.1/pico-sdk/src/common/pico_util/pheap.c.obj
 .text.ph_merge_nodes
                0x100077b4       0x3e CMakeFiles/UNISNES_RP2040.dir/C_/Program_Files/Raspberry_Pi/Pico_SDK_v1.5.1/pico-sdk/src/common/pico_util/pheap.c.obj
 *fill*         0x100077f2        0x2 
 .text.ph_clear
                0x100077f4       0x70 CMakeFiles/UNISNES_RP2040.dir/C_/Program_Files/Raspberry_Pi/Pico_SDK_v1.5.1/pico-sdk/src/common/pico_util/pheap.c.obj
                0x100077f4                ph_clear
 .text.ph_post_alloc_init
                0x10007864        0xe CMakeFiles/UNISNES_RP2040.dir/C_/Program_Files/Raspberry_Pi/Pico_SDK_v1.5.1/pico-sdk/src/common/pico_util/pheap.c.obj
                0x10007864                ph_post_alloc_init
 *fill*         0x10007872        0x2 
 .text.ph_merge_two_pass
                0x10007874       0xa8 CMakeFiles/UNISNES_RP2040.dir/C_/Program_Files/Raspberry_Pi/Pico_SDK_v1.5.1/pico-sdk/src/common/pico_util/pheap.c.obj
                0x10007874                ph_merge_two_pass
 .text.ph_remove_any_head
                0x1000791c      0x128 CMakeFiles/UNISNES_RP2040.dir/C_/Program_Files/Raspberry_Pi/Pico_SDK_v1.5.1/pico-sdk/src/common/pico_util/pheap.c.obj
 .text.ph_remove_head
                0x10007a44       0x14 CMakeFiles/UNISNES_RP2040.dir/C_/Program_Files/Raspberry_Pi/Pico_SDK_v1.5.1/pico-sdk/src/common/pico_util/pheap.c.obj
                0x10007a44                ph_remove_head
 .text.ph_remove_and_free_node
                0x10007a58       0xf8 CMakeFiles/UNISNES_RP2040.dir/C_/Program_Files/Raspberry_Pi/Pico_SDK_v1.5.1/pico-sdk/src/common/pico_util/pheap.c.obj
                0x10007a58                ph_remove_and_free_node
 .text.uart_disable_before_lcr_write
                0x10007b50       0x48 CMakeFiles/UNISNES_RP2040.dir/C_/Program_Files/Raspberry_Pi/Pico_SDK_v1.5.1/pico-sdk/src/rp2_common/hardware_uart/uart.c.obj
 .text.uart_write_lcr_bits_masked
                0x10007b98       0x22 CMakeFiles/UNISNES_RP2040.dir/C_/Program_Files/Raspberry_Pi/Pico_SDK_v1.5.1/pico-sdk/src/rp2_common/hardware_uart/uart.c.obj
 *fill*         0x10007bba        0x2 
 .text.uart_set_baudrate
                0x10007bbc       0x5c CMakeFiles/UNISNES_RP2040.dir/C_/Program_Files/Raspberry_Pi/Pico_SDK_v1.5.1/pico-sdk/src/rp2_common/hardware_uart/uart.c.obj
                0x10007bbc                uart_set_baudrate
 .text.uart_set_format
                0x10007c18       0x2c CMakeFiles/UNISNES_RP2040.dir/C_/Program_Files/Raspberry_Pi/Pico_SDK_v1.5.1/pico-sdk/src/rp2_common/hardware_uart/uart.c.obj
                0x10007c18                uart_set_format
 .text.uart_set_translate_crlf
                0x10007c44       0x28 CMakeFiles/UNISNES_RP2040.dir/C_/Program_Files/Raspberry_Pi/Pico_SDK_v1.5.1/pico-sdk/src/rp2_common/hardware_uart/uart.c.obj
                0x10007c44                uart_set_translate_crlf
 .text.uart_init
                0x10007c6c       0x80 CMakeFiles/UNISNES_RP2040.dir/C_/Program_Files/Raspberry_Pi/Pico_SDK_v1.5.1/pico-sdk/src/rp2_common/hardware_uart/uart.c.obj
                0x10007c6c                uart_init
 .text.clock_configure
                0x10007cec      0x108 CMakeFiles/UNISNES_RP2040.dir/C_/Program_Files/Raspberry_Pi/Pico_SDK_v1.5.1/pico-sdk/src/rp2_common/hardware_clocks/clocks.c.obj
                0x10007cec                clock_configure
 .text.clocks_init
                0x10007df4      0x100 CMakeFiles/UNISNES_RP2040.dir/C_/Program_Files/Raspberry_Pi/Pico_SDK_v1.5.1/pico-sdk/src/rp2_common/hardware_clocks/clocks.c.obj
                0x10007df4                clocks_init
 .text.clock_get_hz
                0x10007ef4        0xc CMakeFiles/UNISNES_RP2040.dir/C_/Program_Files/Raspberry_Pi/Pico_SDK_v1.5.1/pico-sdk/src/rp2_common/hardware_clocks/clocks.c.obj
                0x10007ef4                clock_get_hz
 .text.pll_init
                0x10007f00      0x120 CMakeFiles/UNISNES_RP2040.dir/C_/Program_Files/Raspberry_Pi/Pico_SDK_v1.5.1/pico-sdk/src/rp2_common/hardware_pll/pll.c.obj
                0x10007f00                pll_init
 .text.watchdog_start_tick
                0x10008020       0x10 CMakeFiles/UNISNES_RP2040.dir/C_/Program_Files/Raspberry_Pi/Pico_SDK_v1.5.1/pico-sdk/src/rp2_common/hardware_watchdog/watchdog.c.obj
                0x10008020                watchdog_start_tick
 .text.xosc_init
                0x10008030       0x2c CMakeFiles/UNISNES_RP2040.dir/C_/Program_Files/Raspberry_Pi/Pico_SDK_v1.5.1/pico-sdk/src/rp2_common/hardware_xosc/xosc.c.obj
                0x10008030                xosc_init
 .text._exit    0x1000805c        0x4 CMakeFiles/UNISNES_RP2040.dir/C_/Program_Files/Raspberry_Pi/Pico_SDK_v1.5.1/pico-sdk/src/rp2_common/pico_runtime/runtime.c.obj
                0x1000805c                _exit
 .text.exit     0x10008060        0x6 CMakeFiles/UNISNES_RP2040.dir/C_/Program_Files/Raspberry_Pi/Pico_SDK_v1.5.1/pico-sdk/src/rp2_common/pico_runtime/runtime.c.obj
                0x10008060                exit
 *fill*         0x10008066        0x2 
 .text.__assert_func
                0x10008068       0x3c CMakeFiles/UNISNES_RP2040.dir/C_/Program_Files/Raspberry_Pi/Pico_SDK_v1.5.1/pico-sdk/src/rp2_common/pico_runtime/runtime.c.obj
                0x10008068                __assert_func
 .text.runtime_init
                0x100080a4       0xf8 CMakeFiles/UNISNES_RP2040.dir/C_/Program_Files/Raspberry_Pi/Pico_SDK_v1.5.1/pico-sdk/src/rp2_common/pico_runtime/runtime.c.obj
                0x100080a4                runtime_init
 .text.panic    0x1000819c       0x30 CMakeFiles/UNISNES_RP2040.dir/C_/Program_Files/Raspberry_Pi/Pico_SDK_v1.5.1/pico-sdk/src/rp2_common/pico_runtime/runtime.c.obj
                0x1000819c                panic
 .text._out_null
                0x100081cc        0x2 CMakeFiles/UNISNES_RP2040.dir/C_/Program_Files/Raspberry_Pi/Pico_SDK_v1.5.1/pico-sdk/src/rp2_common/pico_printf/printf.c.obj
 .text._out_fct
                0x100081ce        0xe CMakeFiles/UNISNES_RP2040.dir/C_/Program_Files/Raspberry_Pi/Pico_SDK_v1.5.1/pico-sdk/src/rp2_common/pico_printf/printf.c.obj
 .text._atoi    0x100081dc       0x24 CMakeFiles/UNISNES_RP2040.dir/C_/Program_Files/Raspberry_Pi/Pico_SDK_v1.5.1/pico-sdk/src/rp2_common/pico_printf/printf.c.obj
 .text._out_rev
                0x10008200       0xae CMakeFiles/UNISNES_RP2040.dir/C_/Program_Files/Raspberry_Pi/Pico_SDK_v1.5.1/pico-sdk/src/rp2_common/pico_printf/printf.c.obj
 .text._ntoa_format
                0x100082ae      0x112 CMakeFiles/UNISNES_RP2040.dir/C_/Program_Files/Raspberry_Pi/Pico_SDK_v1.5.1/pico-sdk/src/rp2_common/pico_printf/printf.c.obj
 .text._ntoa_long
                0x100083c0       0xbc CMakeFiles/UNISNES_RP2040.dir/C_/Program_Files/Raspberry_Pi/Pico_SDK_v1.5.1/pico-sdk/src/rp2_common/pico_printf/printf.c.obj
 .text._ntoa_long_long
                0x1000847c       0xe2 CMakeFiles/UNISNES_RP2040.dir/C_/Program_Files/Raspberry_Pi/Pico_SDK_v1.5.1/pico-sdk/src/rp2_common/pico_printf/printf.c.obj
 *fill*         0x1000855e        0x2 
 .text._etoa    0x10008560      0x414 CMakeFiles/UNISNES_RP2040.dir/C_/Program_Files/Raspberry_Pi/Pico_SDK_v1.5.1/pico-sdk/src/rp2_common/pico_printf/printf.c.obj
 .text._ftoa    0x10008974      0x354 CMakeFiles/UNISNES_RP2040.dir/C_/Program_Files/Raspberry_Pi/Pico_SDK_v1.5.1/pico-sdk/src/rp2_common/pico_printf/printf.c.obj
 .text._vsnprintf
                0x10008cc8      0x624 CMakeFiles/UNISNES_RP2040.dir/C_/Program_Files/Raspberry_Pi/Pico_SDK_v1.5.1/pico-sdk/src/rp2_common/pico_printf/printf.c.obj
 .text.vfctprintf
                0x100092ec       0x20 CMakeFiles/UNISNES_RP2040.dir/C_/Program_Files/Raspberry_Pi/Pico_SDK_v1.5.1/pico-sdk/src/rp2_common/pico_printf/printf.c.obj
                0x100092ec                vfctprintf
 .text          0x1000930c       0x10 CMakeFiles/UNISNES_RP2040.dir/C_/Program_Files/Raspberry_Pi/Pico_SDK_v1.5.1/pico-sdk/src/rp2_common/pico_bit_ops/bit_ops_aeabi.S.obj
 .text.rom_func_lookup
                0x1000931c       0x10 CMakeFiles/UNISNES_RP2040.dir/C_/Program_Files/Raspberry_Pi/Pico_SDK_v1.5.1/pico-sdk/src/rp2_common/pico_bootrom/bootrom.c.obj
                0x1000931c                rom_func_lookup
 .text.rom_data_lookup
                0x1000932c       0x10 CMakeFiles/UNISNES_RP2040.dir/C_/Program_Files/Raspberry_Pi/Pico_SDK_v1.5.1/pico-sdk/src/rp2_common/pico_bootrom/bootrom.c.obj
                0x1000932c                rom_data_lookup
 .text.rom_funcs_lookup
                0x1000933c       0x36 CMakeFiles/UNISNES_RP2040.dir/C_/Program_Files/Raspberry_Pi/Pico_SDK_v1.5.1/pico-sdk/src/rp2_common/pico_bootrom/bootrom.c.obj
                0x1000933c                rom_funcs_lookup
 *fill*         0x10009372        0x2 
 .text.__wrap___aeabi_idiv
                0x10009374       0x50 CMakeFiles/UNISNES_RP2040.dir/C_/Program_Files/Raspberry_Pi/Pico_SDK_v1.5.1/pico-sdk/src/rp2_common/pico_divider/divider.S.obj
                0x10009374                __wrap___aeabi_idivmod
                0x10009374                divmod_s32s32
                0x10009374                div_s32s32
                0x10009374                __wrap___aeabi_idiv
                0x1000937c                divmod_s32s32_unsafe
                0x100093a8                divmod_s32s32_savestate
 .text.__wrap___aeabi_uidiv
                0x100093c4       0x4c CMakeFiles/UNISNES_RP2040.dir/C_/Program_Files/Raspberry_Pi/Pico_SDK_v1.5.1/pico-sdk/src/rp2_common/pico_divider/divider.S.obj
                0x100093c4                __wrap___aeabi_uidiv
                0x100093c4                __wrap___aeabi_uidivmod
                0x100093c4                div_u32u32
                0x100093c4                divmod_u32u32
                0x100093cc                divmod_u32u32_unsafe
                0x100093f4                divmod_u32u32_savestate
 .text.__wrap___aeabi_ldiv
                0x10009410      0x424 CMakeFiles/UNISNES_RP2040.dir/C_/Program_Files/Raspberry_Pi/Pico_SDK_v1.5.1/pico-sdk/src/rp2_common/pico_divider/divider.S.obj
                0x10009410                div_s64s64
                0x10009410                divmod_s64s64
                0x10009410                __wrap___aeabi_ldivmod
                0x10009440                divmod_u64u64
                0x10009440                div_u64u64
                0x10009440                __wrap___aeabi_uldivmod
                0x10009450                divmod_u64u64_savestate
                0x10009470                divmod_s64s64_unsafe
                0x100094f8                divmod_u64u64_unsafe
 .text.push_r8_r11
                0x10009834        0xc CMakeFiles/UNISNES_RP2040.dir/C_/Program_Files/Raspberry_Pi/Pico_SDK_v1.5.1/pico-sdk/src/rp2_common/pico_double/double_aeabi.S.obj
                0x10009834                push_r8_r11
 .text.pop_r8_r11
                0x10009840        0xc CMakeFiles/UNISNES_RP2040.dir/C_/Program_Files/Raspberry_Pi/Pico_SDK_v1.5.1/pico-sdk/src/rp2_common/pico_double/double_aeabi.S.obj
                0x10009840                pop_r8_r11
 .text.__wrap___aeabi_darithmetic
                0x1000984c       0x80 CMakeFiles/UNISNES_RP2040.dir/C_/Program_Files/Raspberry_Pi/Pico_SDK_v1.5.1/pico-sdk/src/rp2_common/pico_double/double_aeabi.S.obj
                0x1000984c                __wrap___aeabi_drsub
                0x10009852                __wrap___aeabi_dsub
                0x10009864                __wrap___aeabi_dadd
                0x10009876                __wrap___aeabi_ddiv
                0x100098b2                __wrap___aeabi_dmul
 .text.__wrap___aeabi_cdcmple
                0x100098cc       0x6c CMakeFiles/UNISNES_RP2040.dir/C_/Program_Files/Raspberry_Pi/Pico_SDK_v1.5.1/pico-sdk/src/rp2_common/pico_double/double_aeabi.S.obj
                0x100098cc                __wrap___aeabi_cdrcmple
                0x100098dc                __wrap___aeabi_cdcmpeq
                0x100098dc                __wrap___aeabi_cdcmple
 .text.__wrap___aeabi_dcmplt
                0x10009938        0xc CMakeFiles/UNISNES_RP2040.dir/C_/Program_Files/Raspberry_Pi/Pico_SDK_v1.5.1/pico-sdk/src/rp2_common/pico_double/double_aeabi.S.obj
                0x10009938                __wrap___aeabi_dcmplt
 .text.__wrap___aeabi_dcmple
                0x10009944       0x10 CMakeFiles/UNISNES_RP2040.dir/C_/Program_Files/Raspberry_Pi/Pico_SDK_v1.5.1/pico-sdk/src/rp2_common/pico_double/double_aeabi.S.obj
                0x10009944                __wrap___aeabi_dcmple
 .text.__wrap___aeabi_dcmpge
                0x10009954       0x10 CMakeFiles/UNISNES_RP2040.dir/C_/Program_Files/Raspberry_Pi/Pico_SDK_v1.5.1/pico-sdk/src/rp2_common/pico_double/double_aeabi.S.obj
                0x10009954                __wrap___aeabi_dcmpge
 .text.__wrap___aeabi_dcmpgt
                0x10009964        0xa CMakeFiles/UNISNES_RP2040.dir/C_/Program_Files/Raspberry_Pi/Pico_SDK_v1.5.1/pico-sdk/src/rp2_common/pico_double/double_aeabi.S.obj
                0x10009964                __wrap___aeabi_dcmpgt
 .text.__wrap___aeabi_dcmpun
                0x1000996e       0x1c CMakeFiles/UNISNES_RP2040.dir/C_/Program_Files/Raspberry_Pi/Pico_SDK_v1.5.1/pico-sdk/src/rp2_common/pico_double/double_aeabi.S.obj
                0x1000996e                __wrap___aeabi_dcmpun
 *fill*         0x1000998a        0x2 
 .text.__wrap___aeabi_i2d
                0x1000998c       0x38 CMakeFiles/UNISNES_RP2040.dir/C_/Program_Files/Raspberry_Pi/Pico_SDK_v1.5.1/pico-sdk/src/rp2_common/pico_double/double_aeabi.S.obj
                0x1000998c                __wrap___aeabi_ui2d
                0x10009994                __wrap___aeabi_i2d
 .text.__wrap___aeabi_d2iz
                0x100099c4       0x48 CMakeFiles/UNISNES_RP2040.dir/C_/Program_Files/Raspberry_Pi/Pico_SDK_v1.5.1/pico-sdk/src/rp2_common/pico_double/double_aeabi.S.obj
                0x100099c4                double2int_z
                0x100099c4                __wrap___aeabi_d2iz
 .text.__wrap___aeabi_d2uiz
                0x10009a0c       0x18 CMakeFiles/UNISNES_RP2040.dir/C_/Program_Files/Raspberry_Pi/Pico_SDK_v1.5.1/pico-sdk/src/rp2_common/pico_double/double_aeabi.S.obj
                0x10009a0c                __wrap___aeabi_d2uiz
                0x10009a0c                double2uint
 .text.fix642double
                0x10009a24       0x18 CMakeFiles/UNISNES_RP2040.dir/C_/Program_Files/Raspberry_Pi/Pico_SDK_v1.5.1/pico-sdk/src/rp2_common/pico_double/double_aeabi.S.obj
                0x10009a24                fix642double
 .text.__wrap___aeabi_d2f
                0x10009a3c       0x18 CMakeFiles/UNISNES_RP2040.dir/C_/Program_Files/Raspberry_Pi/Pico_SDK_v1.5.1/pico-sdk/src/rp2_common/pico_double/double_aeabi.S.obj
                0x10009a3c                __wrap___aeabi_d2f
 .text.__wrap_sincostan_remainder
                0x10009a54       0x14 CMakeFiles/UNISNES_RP2040.dir/C_/Program_Files/Raspberry_Pi/Pico_SDK_v1.5.1/pico-sdk/src/rp2_common/pico_double/double_aeabi.S.obj
                0x10009a54                sincostan_remainder
 .text.__wrap_cos
                0x10009a68       0x2c CMakeFiles/UNISNES_RP2040.dir/C_/Program_Files/Raspberry_Pi/Pico_SDK_v1.5.1/pico-sdk/src/rp2_common/pico_double/double_aeabi.S.obj
                0x10009a68                __wrap_cos
 .text.__wrap_sin
                0x10009a94       0x2c CMakeFiles/UNISNES_RP2040.dir/C_/Program_Files/Raspberry_Pi/Pico_SDK_v1.5.1/pico-sdk/src/rp2_common/pico_double/double_aeabi.S.obj
                0x10009a94                __wrap_sin
 .text.__aeabi_double_init
                0x10009ac0       0xc8 CMakeFiles/UNISNES_RP2040.dir/C_/Program_Files/Raspberry_Pi/Pico_SDK_v1.5.1/pico-sdk/src/rp2_common/pico_double/double_init_rom.c.obj
                0x10009ac0                __aeabi_double_init
 .text.drem_0   0x10009b88      0x130 CMakeFiles/UNISNES_RP2040.dir/C_/Program_Files/Raspberry_Pi/Pico_SDK_v1.5.1/pico-sdk/src/rp2_common/pico_double/double_math.c.obj
 .text.__wrap_fmod
                0x10009cb8       0xa8 CMakeFiles/UNISNES_RP2040.dir/C_/Program_Files/Raspberry_Pi/Pico_SDK_v1.5.1/pico-sdk/src/rp2_common/pico_double/double_math.c.obj
                0x10009cb8                __wrap_fmod
 .text.__wrap_remquo
                0x10009d60      0x17c CMakeFiles/UNISNES_RP2040.dir/C_/Program_Files/Raspberry_Pi/Pico_SDK_v1.5.1/pico-sdk/src/rp2_common/pico_double/double_math.c.obj
                0x10009d60                __wrap_remquo
 .text.__wrap_remainder
                0x10009edc       0x10 CMakeFiles/UNISNES_RP2040.dir/C_/Program_Files/Raspberry_Pi/Pico_SDK_v1.5.1/pico-sdk/src/rp2_common/pico_double/double_math.c.obj
                0x10009edc                __wrap_remainder
 .text.double_table_shim_on_use_helper
                0x10009eec       0x34 CMakeFiles/UNISNES_RP2040.dir/C_/Program_Files/Raspberry_Pi/Pico_SDK_v1.5.1/pico-sdk/src/rp2_common/pico_double/double_v1_rom_shim.S.obj
                0x10009eec                double_table_shim_on_use_helper
 .text.__wrap___aeabi_dsub
                0x10009f20       0x10 CMakeFiles/UNISNES_RP2040.dir/C_/Program_Files/Raspberry_Pi/Pico_SDK_v1.5.1/pico-sdk/src/rp2_common/pico_double/double_v1_rom_shim.S.obj
                0x10009f20                drsub_shim
                0x10009f26                dsub_shim
 .text.dadd_shim
                0x10009f30      0x15c CMakeFiles/UNISNES_RP2040.dir/C_/Program_Files/Raspberry_Pi/Pico_SDK_v1.5.1/pico-sdk/src/rp2_common/pico_double/double_v1_rom_shim.S.obj
                0x10009f30                dadd_shim
 .text.dmul_shim
                0x1000a08c      0x15c CMakeFiles/UNISNES_RP2040.dir/C_/Program_Files/Raspberry_Pi/Pico_SDK_v1.5.1/pico-sdk/src/rp2_common/pico_double/double_v1_rom_shim.S.obj
                0x1000a08c                dmul_shim
 .text.ddiv_shim
                0x1000a1e8      0x1b0 CMakeFiles/UNISNES_RP2040.dir/C_/Program_Files/Raspberry_Pi/Pico_SDK_v1.5.1/pico-sdk/src/rp2_common/pico_double/double_v1_rom_shim.S.obj
                0x1000a1e8                ddiv_shim
 .text.dcordic_vec_step
                0x1000a398        0xe CMakeFiles/UNISNES_RP2040.dir/C_/Program_Files/Raspberry_Pi/Pico_SDK_v1.5.1/pico-sdk/src/rp2_common/pico_double/double_v1_rom_shim.S.obj
                0x1000a398                dcordic_vec_step
 .text.dcordic_rot_step
                0x1000a3a6       0x76 CMakeFiles/UNISNES_RP2040.dir/C_/Program_Files/Raspberry_Pi/Pico_SDK_v1.5.1/pico-sdk/src/rp2_common/pico_double/double_v1_rom_shim.S.obj
                0x1000a3a6                dcordic_rot_step
 .text.double2uint_shim
                0x1000a41c        0xe CMakeFiles/UNISNES_RP2040.dir/C_/Program_Files/Raspberry_Pi/Pico_SDK_v1.5.1/pico-sdk/src/rp2_common/pico_double/double_v1_rom_shim.S.obj
                0x1000a41c                double2uint_shim
                0x1000a41e                double2ufix_shim
 .text.double2int64_shim
                0x1000a42a       0x1a CMakeFiles/UNISNES_RP2040.dir/C_/Program_Files/Raspberry_Pi/Pico_SDK_v1.5.1/pico-sdk/src/rp2_common/pico_double/double_v1_rom_shim.S.obj
                0x1000a42a                double2int64_shim
                0x1000a42c                double2fix64_shim
 .text.double2uint64_shim
                0x1000a444       0x70 CMakeFiles/UNISNES_RP2040.dir/C_/Program_Files/Raspberry_Pi/Pico_SDK_v1.5.1/pico-sdk/src/rp2_common/pico_double/double_v1_rom_shim.S.obj
                0x1000a444                double2uint64_shim
                0x1000a446                double2ufix64_shim
                0x1000a466                d2fix_a
 .text.double2float_shim
                0x1000a4b4       0x5c CMakeFiles/UNISNES_RP2040.dir/C_/Program_Files/Raspberry_Pi/Pico_SDK_v1.5.1/pico-sdk/src/rp2_common/pico_double/double_v1_rom_shim.S.obj
                0x1000a4b4                double2float_shim
 .text.x2double_shims
                0x1000a510       0x90 CMakeFiles/UNISNES_RP2040.dir/C_/Program_Files/Raspberry_Pi/Pico_SDK_v1.5.1/pico-sdk/src/rp2_common/pico_double/double_v1_rom_shim.S.obj
                0x1000a510                uint2double_shim
                0x1000a512                ufix2double_shim
                0x1000a518                int2double_shim
                0x1000a51a                fix2double_shim
                0x1000a520                uint642double_shim
                0x1000a522                ufix642double_shim
                0x1000a528                int642double_shim
                0x1000a52a                fix642double_shim
 .text.dunpacks
                0x1000a5a0       0x3c CMakeFiles/UNISNES_RP2040.dir/C_/Program_Files/Raspberry_Pi/Pico_SDK_v1.5.1/pico-sdk/src/rp2_common/pico_double/double_v1_rom_shim.S.obj
                0x1000a5a0                dunpacks
 .text.dreduce  0x1000a5dc       0x82 CMakeFiles/UNISNES_RP2040.dir/C_/Program_Files/Raspberry_Pi/Pico_SDK_v1.5.1/pico-sdk/src/rp2_common/pico_double/double_v1_rom_shim.S.obj
                0x1000a5dc                dreduce
 .text.dcos_shim
                0x1000a65e       0x10 CMakeFiles/UNISNES_RP2040.dir/C_/Program_Files/Raspberry_Pi/Pico_SDK_v1.5.1/pico-sdk/src/rp2_common/pico_double/double_v1_rom_shim.S.obj
                0x1000a65e                dcos_shim
 .text.dsin_shim
                0x1000a66e       0x14 CMakeFiles/UNISNES_RP2040.dir/C_/Program_Files/Raspberry_Pi/Pico_SDK_v1.5.1/pico-sdk/src/rp2_common/pico_double/double_v1_rom_shim.S.obj
                0x1000a66e                dsin_shim
 *fill*         0x1000a682        0x2 
 .text.dtrig_guts
                0x1000a684      0x2ec CMakeFiles/UNISNES_RP2040.dir/C_/Program_Files/Raspberry_Pi/Pico_SDK_v1.5.1/pico-sdk/src/rp2_common/pico_double/double_v1_rom_shim.S.obj
                0x1000a75c                datan2_shim
 .text.__aeabi_lmul
                0x1000a970       0x32 CMakeFiles/UNISNES_RP2040.dir/C_/Program_Files/Raspberry_Pi/Pico_SDK_v1.5.1/pico-sdk/src/rp2_common/pico_int64_ops/pico_int64_ops_aeabi.S.obj
                0x1000a970                __wrap___aeabi_lmul
 *fill*         0x1000a9a2        0x2 
 .text.__wrap___aeabi_farithmetic
                0x1000a9a4       0x58 CMakeFiles/UNISNES_RP2040.dir/C_/Program_Files/Raspberry_Pi/Pico_SDK_v1.5.1/pico-sdk/src/rp2_common/pico_float/float_aeabi.S.obj
                0x1000a9a4                __wrap___aeabi_frsub
                0x1000a9aa                __wrap___aeabi_fsub
                0x1000a9b4                __wrap___aeabi_fadd
                0x1000a9be                __wrap___aeabi_fdiv
                0x1000a9ea                __wrap___aeabi_fmul
 .text.__wrap___aeabi_cfcmple
                0x1000a9fc       0x50 CMakeFiles/UNISNES_RP2040.dir/C_/Program_Files/Raspberry_Pi/Pico_SDK_v1.5.1/pico-sdk/src/rp2_common/pico_float/float_aeabi.S.obj
                0x1000a9fc                __wrap___aeabi_cfrcmple
                0x1000aa08                __wrap___aeabi_cfcmple
                0x1000aa08                __wrap___aeabi_cfcmpeq
 .text.__wrap___aeabi_fcmplt
                0x1000aa4c        0xc CMakeFiles/UNISNES_RP2040.dir/C_/Program_Files/Raspberry_Pi/Pico_SDK_v1.5.1/pico-sdk/src/rp2_common/pico_float/float_aeabi.S.obj
                0x1000aa4c                __wrap___aeabi_fcmplt
 .text.__wrap___aeabi_fcmple
                0x1000aa58       0x10 CMakeFiles/UNISNES_RP2040.dir/C_/Program_Files/Raspberry_Pi/Pico_SDK_v1.5.1/pico-sdk/src/rp2_common/pico_float/float_aeabi.S.obj
                0x1000aa58                __wrap___aeabi_fcmple
 .text.__wrap___aeabi_fcmpge
                0x1000aa68       0x10 CMakeFiles/UNISNES_RP2040.dir/C_/Program_Files/Raspberry_Pi/Pico_SDK_v1.5.1/pico-sdk/src/rp2_common/pico_float/float_aeabi.S.obj
                0x1000aa68                __wrap___aeabi_fcmpge
 .text.__wrap___aeabi_fcmpgt
                0x1000aa78        0xa CMakeFiles/UNISNES_RP2040.dir/C_/Program_Files/Raspberry_Pi/Pico_SDK_v1.5.1/pico-sdk/src/rp2_common/pico_float/float_aeabi.S.obj
                0x1000aa78                __wrap___aeabi_fcmpgt
 .text.__wrap___aeabi_ui2f
                0x1000aa82        0xa CMakeFiles/UNISNES_RP2040.dir/C_/Program_Files/Raspberry_Pi/Pico_SDK_v1.5.1/pico-sdk/src/rp2_common/pico_float/float_aeabi.S.obj
                0x1000aa82                __wrap___aeabi_ui2f
 .text.__wrap___aeabi_i2f
                0x1000aa8c       0x44 CMakeFiles/UNISNES_RP2040.dir/C_/Program_Files/Raspberry_Pi/Pico_SDK_v1.5.1/pico-sdk/src/rp2_common/pico_float/float_aeabi.S.obj
                0x1000aa8c                __wrap___aeabi_i2f
 .text.__wrap___aeabi_f2iz
                0x1000aad0       0x4e CMakeFiles/UNISNES_RP2040.dir/C_/Program_Files/Raspberry_Pi/Pico_SDK_v1.5.1/pico-sdk/src/rp2_common/pico_float/float_aeabi.S.obj
                0x1000aad0                float2int_z
                0x1000aad0                __wrap___aeabi_f2iz
 *fill*         0x1000ab1e        0x2 
 .text.float2int
                0x1000ab20       0x14 CMakeFiles/UNISNES_RP2040.dir/C_/Program_Files/Raspberry_Pi/Pico_SDK_v1.5.1/pico-sdk/src/rp2_common/pico_float/float_aeabi.S.obj
                0x1000ab20                float2int
 .text.__wrap___aeabi_f2uiz
                0x1000ab34       0x10 CMakeFiles/UNISNES_RP2040.dir/C_/Program_Files/Raspberry_Pi/Pico_SDK_v1.5.1/pico-sdk/src/rp2_common/pico_float/float_aeabi.S.obj
                0x1000ab34                __wrap___aeabi_f2uiz
 .text.__wrap___aeabi_f2d
                0x1000ab44       0x14 CMakeFiles/UNISNES_RP2040.dir/C_/Program_Files/Raspberry_Pi/Pico_SDK_v1.5.1/pico-sdk/src/rp2_common/pico_float/float_aeabi.S.obj
                0x1000ab44                __wrap___aeabi_f2d
 .text.__wrap_sqrtf
                0x1000ab58       0x24 CMakeFiles/UNISNES_RP2040.dir/C_/Program_Files/Raspberry_Pi/Pico_SDK_v1.5.1/pico-sdk/src/rp2_common/pico_float/float_aeabi.S.obj
                0x1000ab58                __wrap_sqrtf
 .text.__wrap_atan2f
                0x1000ab7c       0x14 CMakeFiles/UNISNES_RP2040.dir/C_/Program_Files/Raspberry_Pi/Pico_SDK_v1.5.1/pico-sdk/src/rp2_common/pico_float/float_aeabi.S.obj
                0x1000ab7c                __wrap_atan2f
 .text.__aeabi_float_init
                0x1000ab90       0xfc CMakeFiles/UNISNES_RP2040.dir/C_/Program_Files/Raspberry_Pi/Pico_SDK_v1.5.1/pico-sdk/src/rp2_common/pico_float/float_init_rom.c.obj
                0x1000ab90                __aeabi_float_init
 .text.__wrap_roundf
                0x1000ac8c       0x3e CMakeFiles/UNISNES_RP2040.dir/C_/Program_Files/Raspberry_Pi/Pico_SDK_v1.5.1/pico-sdk/src/rp2_common/pico_float/float_math.c.obj
                0x1000ac8c                __wrap_roundf
 *fill*         0x1000acca        0x2 
 .text.float_table_shim_on_use_helper
                0x1000accc       0x34 CMakeFiles/UNISNES_RP2040.dir/C_/Program_Files/Raspberry_Pi/Pico_SDK_v1.5.1/pico-sdk/src/rp2_common/pico_float/float_v1_rom_shim.S.obj
                0x1000accc                float_table_shim_on_use_helper
 .text.fatan2_shim
                0x1000ad00       0x88 CMakeFiles/UNISNES_RP2040.dir/C_/Program_Files/Raspberry_Pi/Pico_SDK_v1.5.1/pico-sdk/src/rp2_common/pico_float/float_v1_rom_shim.S.obj
                0x1000ad00                fatan2_shim
 .text.float232_shims
                0x1000ad88       0x18 CMakeFiles/UNISNES_RP2040.dir/C_/Program_Files/Raspberry_Pi/Pico_SDK_v1.5.1/pico-sdk/src/rp2_common/pico_float/float_v1_rom_shim.S.obj
                0x1000ad88                float2int_shim
                0x1000ad8a                float2fix_shim
 .text.float2double_shim
                0x1000ada0       0x30 CMakeFiles/UNISNES_RP2040.dir/C_/Program_Files/Raspberry_Pi/Pico_SDK_v1.5.1/pico-sdk/src/rp2_common/pico_float/float_v1_rom_shim.S.obj
                0x1000ada0                float2double_shim
 .text          0x1000add0       0x10 CMakeFiles/UNISNES_RP2040.dir/C_/Program_Files/Raspberry_Pi/Pico_SDK_v1.5.1/pico-sdk/src/rp2_common/pico_mem_ops/mem_ops_aeabi.S.obj
                0x1000add0                __aeabi_mem_init
 .text.memset   0x1000ade0        0xc CMakeFiles/UNISNES_RP2040.dir/C_/Program_Files/Raspberry_Pi/Pico_SDK_v1.5.1/pico-sdk/src/rp2_common/pico_mem_ops/mem_ops_aeabi.S.obj
                0x1000ade0                __wrap_memset
 .text.memcpy   0x1000adec        0xc CMakeFiles/UNISNES_RP2040.dir/C_/Program_Files/Raspberry_Pi/Pico_SDK_v1.5.1/pico-sdk/src/rp2_common/pico_mem_ops/mem_ops_aeabi.S.obj
                0x1000adec                __wrap_memcpy
                0x1000adec                __wrap___aeabi_memcpy
 .text.stdio_out_chars_no_crlf
                0x1000adf8        0xe CMakeFiles/UNISNES_RP2040.dir/C_/Program_Files/Raspberry_Pi/Pico_SDK_v1.5.1/pico-sdk/src/rp2_common/pico_stdio/stdio.c.obj
 *fill*         0x1000ae06        0x2 
 .text.stdio_out_chars_crlf
                0x1000ae08       0x80 CMakeFiles/UNISNES_RP2040.dir/C_/Program_Files/Raspberry_Pi/Pico_SDK_v1.5.1/pico-sdk/src/rp2_common/pico_stdio/stdio.c.obj
 .text.stdio_stack_buffer_flush
                0x1000ae88       0x44 CMakeFiles/UNISNES_RP2040.dir/C_/Program_Files/Raspberry_Pi/Pico_SDK_v1.5.1/pico-sdk/src/rp2_common/pico_stdio/stdio.c.obj
 .text.stdio_buffered_printer
                0x1000aecc       0x20 CMakeFiles/UNISNES_RP2040.dir/C_/Program_Files/Raspberry_Pi/Pico_SDK_v1.5.1/pico-sdk/src/rp2_common/pico_stdio/stdio.c.obj
 .text.stdout_serialize_begin
                0x1000aeec       0x5c CMakeFiles/UNISNES_RP2040.dir/C_/Program_Files/Raspberry_Pi/Pico_SDK_v1.5.1/pico-sdk/src/rp2_common/pico_stdio/stdio.c.obj
                0x1000aeec                stdout_serialize_begin
 .text.stdout_serialize_end
                0x1000af48       0x10 CMakeFiles/UNISNES_RP2040.dir/C_/Program_Files/Raspberry_Pi/Pico_SDK_v1.5.1/pico-sdk/src/rp2_common/pico_stdio/stdio.c.obj
                0x1000af48                stdout_serialize_end
 .text.stdio_put_string
                0x1000af58       0x98 CMakeFiles/UNISNES_RP2040.dir/C_/Program_Files/Raspberry_Pi/Pico_SDK_v1.5.1/pico-sdk/src/rp2_common/pico_stdio/stdio.c.obj
 .text.__wrap_putchar
                0x1000aff0       0x1c CMakeFiles/UNISNES_RP2040.dir/C_/Program_Files/Raspberry_Pi/Pico_SDK_v1.5.1/pico-sdk/src/rp2_common/pico_stdio/stdio.c.obj
                0x1000aff0                __wrap_putchar
 .text.stdio_set_driver_enabled
                0x1000b00c       0x2c CMakeFiles/UNISNES_RP2040.dir/C_/Program_Files/Raspberry_Pi/Pico_SDK_v1.5.1/pico-sdk/src/rp2_common/pico_stdio/stdio.c.obj
                0x1000b00c                stdio_set_driver_enabled
 .text.stdio_flush
                0x1000b038       0x20 CMakeFiles/UNISNES_RP2040.dir/C_/Program_Files/Raspberry_Pi/Pico_SDK_v1.5.1/pico-sdk/src/rp2_common/pico_stdio/stdio.c.obj
                0x1000b038                stdio_flush
 .text.__wrap_puts
                0x1000b058       0x1e CMakeFiles/UNISNES_RP2040.dir/C_/Program_Files/Raspberry_Pi/Pico_SDK_v1.5.1/pico-sdk/src/rp2_common/pico_stdio/stdio.c.obj
                0x1000b058                __wrap_puts
 *fill*         0x1000b076        0x2 
 .text.__wrap_vprintf
                0x1000b078       0x40 CMakeFiles/UNISNES_RP2040.dir/C_/Program_Files/Raspberry_Pi/Pico_SDK_v1.5.1/pico-sdk/src/rp2_common/pico_stdio/stdio.c.obj
                0x1000b078                __wrap_vprintf
 .text.__wrap_printf
                0x1000b0b8       0x18 CMakeFiles/UNISNES_RP2040.dir/C_/Program_Files/Raspberry_Pi/Pico_SDK_v1.5.1/pico-sdk/src/rp2_common/pico_stdio/stdio.c.obj
                0x1000b0b8                __wrap_printf
 .text.stdio_init_all
                0x1000b0d0        0xa CMakeFiles/UNISNES_RP2040.dir/C_/Program_Files/Raspberry_Pi/Pico_SDK_v1.5.1/pico-sdk/src/rp2_common/pico_stdio/stdio.c.obj
                0x1000b0d0                stdio_init_all
 *fill*         0x1000b0da        0x2 
 .text.stdio_uart_out_chars
                0x1000b0dc       0x74 CMakeFiles/UNISNES_RP2040.dir/C_/Program_Files/Raspberry_Pi/Pico_SDK_v1.5.1/pico-sdk/src/rp2_common/pico_stdio_uart/stdio_uart.c.obj
 .text.stdio_uart_in_chars
                0x1000b150       0x80 CMakeFiles/UNISNES_RP2040.dir/C_/Program_Files/Raspberry_Pi/Pico_SDK_v1.5.1/pico-sdk/src/rp2_common/pico_stdio_uart/stdio_uart.c.obj
                0x1000b150                stdio_uart_in_chars
 .text.on_uart_rx
                0x1000b1d0       0x28 CMakeFiles/UNISNES_RP2040.dir/C_/Program_Files/Raspberry_Pi/Pico_SDK_v1.5.1/pico-sdk/src/rp2_common/pico_stdio_uart/stdio_uart.c.obj
 .text.stdio_uart_set_chars_available_callback
                0x1000b1f8       0x8c CMakeFiles/UNISNES_RP2040.dir/C_/Program_Files/Raspberry_Pi/Pico_SDK_v1.5.1/pico-sdk/src/rp2_common/pico_stdio_uart/stdio_uart.c.obj
 .text.stdio_uart_init_full
                0x1000b284       0x44 CMakeFiles/UNISNES_RP2040.dir/C_/Program_Files/Raspberry_Pi/Pico_SDK_v1.5.1/pico-sdk/src/rp2_common/pico_stdio_uart/stdio_uart.c.obj
                0x1000b284                stdio_uart_init_full
 .text.stdio_uart_init
                0x1000b2c8       0x28 CMakeFiles/UNISNES_RP2040.dir/C_/Program_Files/Raspberry_Pi/Pico_SDK_v1.5.1/pico-sdk/src/rp2_common/pico_stdio_uart/stdio_uart.c.obj
                0x1000b2c8                stdio_uart_init
 .text.core1_trampoline
                0x1000b2f0        0x2 CMakeFiles/UNISNES_RP2040.dir/C_/Program_Files/Raspberry_Pi/Pico_SDK_v1.5.1/pico-sdk/src/rp2_common/pico_multicore/multicore.c.obj
 .text.core1_wrapper
                0x1000b2f2        0xc CMakeFiles/UNISNES_RP2040.dir/C_/Program_Files/Raspberry_Pi/Pico_SDK_v1.5.1/pico-sdk/src/rp2_common/pico_multicore/multicore.c.obj
                0x1000b2f2                core1_wrapper
 *fill*         0x1000b2fe        0x2 
 .text.check_lockout_mutex_init
                0x1000b300       0x24 CMakeFiles/UNISNES_RP2040.dir/C_/Program_Files/Raspberry_Pi/Pico_SDK_v1.5.1/pico-sdk/src/rp2_common/pico_multicore/multicore.c.obj
 .text.multicore_fifo_push_blocking
                0x1000b324       0x14 CMakeFiles/UNISNES_RP2040.dir/C_/Program_Files/Raspberry_Pi/Pico_SDK_v1.5.1/pico-sdk/src/rp2_common/pico_multicore/multicore.c.obj
                0x1000b324                multicore_fifo_push_blocking
 .text.multicore_fifo_push_timeout_us
                0x1000b338       0x98 CMakeFiles/UNISNES_RP2040.dir/C_/Program_Files/Raspberry_Pi/Pico_SDK_v1.5.1/pico-sdk/src/rp2_common/pico_multicore/multicore.c.obj
                0x1000b338                multicore_fifo_push_timeout_us
 .text.multicore_fifo_pop_blocking
                0x1000b3d0       0x16 CMakeFiles/UNISNES_RP2040.dir/C_/Program_Files/Raspberry_Pi/Pico_SDK_v1.5.1/pico-sdk/src/rp2_common/pico_multicore/multicore.c.obj
                0x1000b3d0                multicore_fifo_pop_blocking
 *fill*         0x1000b3e6        0x2 
 .text.multicore_fifo_pop_timeout_us
                0x1000b3e8       0x9c CMakeFiles/UNISNES_RP2040.dir/C_/Program_Files/Raspberry_Pi/Pico_SDK_v1.5.1/pico-sdk/src/rp2_common/pico_multicore/multicore.c.obj
                0x1000b3e8                multicore_fifo_pop_timeout_us
 .text.multicore_lockout_handshake
                0x1000b484       0xc0 CMakeFiles/UNISNES_RP2040.dir/C_/Program_Files/Raspberry_Pi/Pico_SDK_v1.5.1/pico-sdk/src/rp2_common/pico_multicore/multicore.c.obj
 .text.multicore_lockout_start_block_until
                0x1000b544       0x60 CMakeFiles/UNISNES_RP2040.dir/C_/Program_Files/Raspberry_Pi/Pico_SDK_v1.5.1/pico-sdk/src/rp2_common/pico_multicore/multicore.c.obj
 .text.multicore_lockout_end_block_until
                0x1000b5a4       0x7c CMakeFiles/UNISNES_RP2040.dir/C_/Program_Files/Raspberry_Pi/Pico_SDK_v1.5.1/pico-sdk/src/rp2_common/pico_multicore/multicore.c.obj
 .text.multicore_launch_core1_raw
                0x1000b620       0x6e CMakeFiles/UNISNES_RP2040.dir/C_/Program_Files/Raspberry_Pi/Pico_SDK_v1.5.1/pico-sdk/src/rp2_common/pico_multicore/multicore.c.obj
                0x1000b620                multicore_launch_core1_raw
 *fill*         0x1000b68e        0x2 
 .text.multicore_launch_core1_with_stack
                0x1000b690       0x50 CMakeFiles/UNISNES_RP2040.dir/C_/Program_Files/Raspberry_Pi/Pico_SDK_v1.5.1/pico-sdk/src/rp2_common/pico_multicore/multicore.c.obj
                0x1000b690                multicore_launch_core1_with_stack
 .text.multicore_launch_core1
                0x1000b6e0       0x24 CMakeFiles/UNISNES_RP2040.dir/C_/Program_Files/Raspberry_Pi/Pico_SDK_v1.5.1/pico-sdk/src/rp2_common/pico_multicore/multicore.c.obj
                0x1000b6e0                multicore_launch_core1
 .text.multicore_lockout_victim_init
                0x1000b704       0x30 CMakeFiles/UNISNES_RP2040.dir/C_/Program_Files/Raspberry_Pi/Pico_SDK_v1.5.1/pico-sdk/src/rp2_common/pico_multicore/multicore.c.obj
                0x1000b704                multicore_lockout_victim_init
 .text.multicore_lockout_start_blocking
                0x1000b734       0x14 CMakeFiles/UNISNES_RP2040.dir/C_/Program_Files/Raspberry_Pi/Pico_SDK_v1.5.1/pico-sdk/src/rp2_common/pico_multicore/multicore.c.obj
                0x1000b734                multicore_lockout_start_blocking
 .text.multicore_lockout_end_blocking
                0x1000b748       0x14 CMakeFiles/UNISNES_RP2040.dir/C_/Program_Files/Raspberry_Pi/Pico_SDK_v1.5.1/pico-sdk/src/rp2_common/pico_multicore/multicore.c.obj
                0x1000b748                multicore_lockout_end_blocking
 .text.splitmix64
                0x1000b75c       0x5c CMakeFiles/UNISNES_RP2040.dir/C_/Program_Files/Raspberry_Pi/Pico_SDK_v1.5.1/pico-sdk/src/rp2_common/pico_rand/rand.c.obj
 .text.sdbm_hash64_sram
                0x1000b7b8       0x64 CMakeFiles/UNISNES_RP2040.dir/C_/Program_Files/Raspberry_Pi/Pico_SDK_v1.5.1/pico-sdk/src/rp2_common/pico_rand/rand.c.obj
 .text.xoroshiro128ss
                0x1000b81c       0xb8 CMakeFiles/UNISNES_RP2040.dir/C_/Program_Files/Raspberry_Pi/Pico_SDK_v1.5.1/pico-sdk/src/rp2_common/pico_rand/rand.c.obj
 .text.capture_additional_rosc_samples
                0x1000b8d4      0x1a4 CMakeFiles/UNISNES_RP2040.dir/C_/Program_Files/Raspberry_Pi/Pico_SDK_v1.5.1/pico-sdk/src/rp2_common/pico_rand/rand.c.obj
 .text.initialise_rand
                0x1000ba78      0x118 CMakeFiles/UNISNES_RP2040.dir/C_/Program_Files/Raspberry_Pi/Pico_SDK_v1.5.1/pico-sdk/src/rp2_common/pico_rand/rand.c.obj
 .text.get_rand_64
                0x1000bb90      0x11c CMakeFiles/UNISNES_RP2040.dir/C_/Program_Files/Raspberry_Pi/Pico_SDK_v1.5.1/pico-sdk/src/rp2_common/pico_rand/rand.c.obj
                0x1000bb90                get_rand_64
 .text.get_rand_32
                0x1000bcac        0x8 CMakeFiles/UNISNES_RP2040.dir/C_/Program_Files/Raspberry_Pi/Pico_SDK_v1.5.1/pico-sdk/src/rp2_common/pico_rand/rand.c.obj
                0x1000bcac                get_rand_32
 .text._retrieve_unique_id_on_boot
                0x1000bcb4       0x10 CMakeFiles/UNISNES_RP2040.dir/C_/Program_Files/Raspberry_Pi/Pico_SDK_v1.5.1/pico-sdk/src/rp2_common/pico_unique_id/unique_id.c.obj
 .text.pico_get_unique_board_id
                0x1000bcc4       0x10 CMakeFiles/UNISNES_RP2040.dir/C_/Program_Files/Raspberry_Pi/Pico_SDK_v1.5.1/pico-sdk/src/rp2_common/pico_unique_id/unique_id.c.obj
                0x1000bcc4                pico_get_unique_board_id
 .text.flash_get_unique_id
                0x1000bcd4       0x46 CMakeFiles/UNISNES_RP2040.dir/C_/Program_Files/Raspberry_Pi/Pico_SDK_v1.5.1/pico-sdk/src/rp2_common/hardware_flash/flash.c.obj
                0x1000bcd4                flash_get_unique_id
 *fill*         0x1000bd1a        0x2 
 .text._pio_can_add_program_at_offset
                0x1000bd1c       0x3c CMakeFiles/UNISNES_RP2040.dir/C_/Program_Files/Raspberry_Pi/Pico_SDK_v1.5.1/pico-sdk/src/rp2_common/hardware_pio/pio.c.obj
 .text._pio_find_offset_for_program
                0x1000bd58       0x7c CMakeFiles/UNISNES_RP2040.dir/C_/Program_Files/Raspberry_Pi/Pico_SDK_v1.5.1/pico-sdk/src/rp2_common/hardware_pio/pio.c.obj
 .text._pio_add_program_at_offset
                0x1000bdd4       0x78 CMakeFiles/UNISNES_RP2040.dir/C_/Program_Files/Raspberry_Pi/Pico_SDK_v1.5.1/pico-sdk/src/rp2_common/hardware_pio/pio.c.obj
 .text.pio_add_program
                0x1000be4c       0x38 CMakeFiles/UNISNES_RP2040.dir/C_/Program_Files/Raspberry_Pi/Pico_SDK_v1.5.1/pico-sdk/src/rp2_common/hardware_pio/pio.c.obj
                0x1000be4c                pio_add_program
 .text.pio_sm_set_consecutive_pindirs
                0x1000be84       0xa4 CMakeFiles/UNISNES_RP2040.dir/C_/Program_Files/Raspberry_Pi/Pico_SDK_v1.5.1/pico-sdk/src/rp2_common/hardware_pio/pio.c.obj
                0x1000be84                pio_sm_set_consecutive_pindirs
 .text.pio_sm_init
                0x1000bf28       0xe4 CMakeFiles/UNISNES_RP2040.dir/C_/Program_Files/Raspberry_Pi/Pico_SDK_v1.5.1/pico-sdk/src/rp2_common/hardware_pio/pio.c.obj
                0x1000bf28                pio_sm_init
 .text.pio_sm_drain_tx_fifo
                0x1000c00c       0x40 CMakeFiles/UNISNES_RP2040.dir/C_/Program_Files/Raspberry_Pi/Pico_SDK_v1.5.1/pico-sdk/src/rp2_common/hardware_pio/pio.c.obj
                0x1000c00c                pio_sm_drain_tx_fifo
 .text.hw_endpoint_get_by_addr
                0x1000c04c       0x18 CMakeFiles/UNISNES_RP2040.dir/C_/Program_Files/Raspberry_Pi/Pico_SDK_v1.5.1/pico-sdk/lib/tinyusb/src/portable/raspberrypi/rp2040/dcd_rp2040.c.obj
 .text._hw_endpoint_alloc
                0x1000c064       0x70 CMakeFiles/UNISNES_RP2040.dir/C_/Program_Files/Raspberry_Pi/Pico_SDK_v1.5.1/pico-sdk/lib/tinyusb/src/portable/raspberrypi/rp2040/dcd_rp2040.c.obj
 .text.hw_endpoint_init
                0x1000c0d4       0x88 CMakeFiles/UNISNES_RP2040.dir/C_/Program_Files/Raspberry_Pi/Pico_SDK_v1.5.1/pico-sdk/lib/tinyusb/src/portable/raspberrypi/rp2040/dcd_rp2040.c.obj
 .text.hw_endpoint_xfer