Archive member included to satisfy reference by file (symbol)

c:/progra~1/raspbe~1/picosd~1.1/gcc-ar~1/bin/../lib/gcc/arm-none-eabi/10.3.1/../../../../arm-none-eabi/lib/thumb/v6-m/nofp\libm.a(lib_a-s_fmin.o)
                              CMakeFiles/UNISNES_RP2040.dir/lib/hoja-lib-rp2040/src/input/stick_scaling.c.obj (fmin)
c:/progra~1/raspbe~1/picosd~1.1/gcc-ar~1/bin/../lib/gcc/arm-none-eabi/10.3.1/../../../../arm-none-eabi/lib/thumb/v6-m/nofp\libm.a(lib_a-s_fpclassify.o)
                              c:/progra~1/raspbe~1/picosd~1.1/gcc-ar~1/bin/../lib/gcc/arm-none-eabi/10.3.1/../../../../arm-none-eabi/lib/thumb/v6-m/nofp\libm.a(lib_a-s_fmin.o) (__fpclassifyd)
c:/progra~1/raspbe~1/picosd~1.1/gcc-ar~1/bin/../lib/gcc/arm-none-eabi/10.3.1/thumb/v6-m/nofp\libgcc.a(_dvmd_tls.o)
                              CMakeFiles/UNISNES_RP2040.dir/C_/Program_Files/Raspberry_Pi/Pico_SDK_v1.5.1/pico-sdk/src/rp2_common/pico_divider/divider.S.obj (__aeabi_idiv0)
c:/progra~1/raspbe~1/picosd~1.1/gcc-ar~1/bin/../lib/gcc/arm-none-eabi/10.3.1/../../../../arm-none-eabi/lib/thumb/v6-m/nofp\libg.a(lib_a-calloc.o)
                              CMakeFiles/UNISNES_RP2040.dir/C_/Program_Files/Raspberry_Pi/Pico_SDK_v1.5.1/pico-sdk/src/rp2_common/pico_malloc/pico_malloc.c.obj (calloc)
c:/progra~1/raspbe~1/picosd~1.1/gcc-ar~1/bin/../lib/gcc/arm-none-eabi/10.3.1/../../../../arm-none-eabi/lib/thumb/v6-m/nofp\libg.a(lib_a-callocr.o)
                              c:/progra~1/raspbe~1/picosd~1.1/gcc-ar~1/bin/../lib/gcc/arm-none-eabi/10.3.1/../../../../arm-none-eabi/lib/thumb/v6-m/nofp\libg.a(lib_a-calloc.o) (_calloc_r)
c:/progra~1/raspbe~1/picosd~1.1/gcc-ar~1/bin/../lib/gcc/arm-none-eabi/10.3.1/../../../../arm-none-eabi/lib/thumb/v6-m/nofp\libg.a(lib_a-errno.o)
                              c:/progra~1/raspbe~1/picosd~1.1/gcc-ar~1/bin/../lib/gcc/arm-none-eabi/10.3.1/../../../../arm-none-eabi/lib/thumb/v6-m/nofp\libg.a(lib_a-callocr.o) (__errno)
c:/progra~1/raspbe~1/picosd~1.1/gcc-ar~1/bin/../lib/gcc/arm-none-eabi/10.3.1/../../../../arm-none-eabi/lib/thumb/v6-m/nofp\libg.a(lib_a-impure.o)
                              c:/progra~1/raspbe~1/picosd~1.1/gcc-ar~1/bin/../lib/gcc/arm-none-eabi/10.3.1/../../../../arm-none-eabi/lib/thumb/v6-m/nofp\libg.a(lib_a-calloc.o) (_impure_ptr)
c:/progra~1/raspbe~1/picosd~1.1/gcc-ar~1/bin/../lib/gcc/arm-none-eabi/10.3.1/../../../../arm-none-eabi/lib/thumb/v6-m/nofp\libg.a(lib_a-init.o)
                              c:/progra~1/raspbe~1/picosd~1.1/gcc-ar~1/bin/../lib/gcc/arm-none-eabi/10.3.1/../../../../arm-none-eabi/lib/thumb/v6-m/nofp/crt0.o (__libc_init_array)
c:/progra~1/raspbe~1/picosd~1.1/gcc-ar~1/bin/../lib/gcc/arm-none-eabi/10.3.1/../../../../arm-none-eabi/lib/thumb/v6-m/nofp\libg.a(lib_a-malloc.o)
                              CMakeFiles/UNISNES_RP2040.dir/C_/Program_Files/Raspberry_Pi/Pico_SDK_v1.5.1/pico-sdk/src/rp2_common/pico_malloc/pico_malloc.c.obj (malloc)
c:/progra~1/raspbe~1/picosd~1.1/gcc-ar~1/bin/../lib/gcc/arm-none-eabi/10.3.1/../../../../arm-none-eabi/lib/thumb/v6-m/nofp\libg.a(lib_a-mallocr.o)
                              c:/progra~1/raspbe~1/picosd~1.1/gcc-ar~1/bin/../lib/gcc/arm-none-eabi/10.3.1/../../../../arm-none-eabi/lib/thumb/v6-m/nofp\libg.a(lib_a-callocr.o) (_malloc_r)
c:/progra~1/raspbe~1/picosd~1.1/gcc-ar~1/bin/../lib/gcc/arm-none-eabi/10.3.1/../../../../arm-none-eabi/lib/thumb/v6-m/nofp\libg.a(lib_a-mlock.o)
                              c:/progra~1/raspbe~1/picosd~1.1/gcc-ar~1/bin/../lib/gcc/arm-none-eabi/10.3.1/../../../../arm-none-eabi/lib/thumb/v6-m/nofp\libg.a(lib_a-mallocr.o) (__malloc_lock)
c:/progra~1/raspbe~1/picosd~1.1/gcc-ar~1/bin/../lib/gcc/arm-none-eabi/10.3.1/../../../../arm-none-eabi/lib/thumb/v6-m/nofp\libg.a(lib_a-realloc.o)
                              CMakeFiles/UNISNES_RP2040.dir/C_/Program_Files/Raspberry_Pi/Pico_SDK_v1.5.1/pico-sdk/src/rp2_common/pico_malloc/pico_malloc.c.obj (realloc)
c:/progra~1/raspbe~1/picosd~1.1/gcc-ar~1/bin/../lib/gcc/arm-none-eabi/10.3.1/../../../../arm-none-eabi/lib/thumb/v6-m/nofp\libg.a(lib_a-reallocr.o)
                              c:/progra~1/raspbe~1/picosd~1.1/gcc-ar~1/bin/../lib/gcc/arm-none-eabi/10.3.1/../../../../arm-none-eabi/lib/thumb/v6-m/nofp\libg.a(lib_a-realloc.o) (_realloc_r)
c:/progra~1/raspbe~1/picosd~1.1/gcc-ar~1/bin/../lib/gcc/arm-none-eabi/10.3.1/../../../../arm-none-eabi/lib/thumb/v6-m/nofp\libg.a(lib_a-sbrkr.o)
                              c:/progra~1/raspbe~1/picosd~1.1/gcc-ar~1/bin/../lib/gcc/arm-none-eabi/10.3.1/../../../../arm-none-eabi/lib/thumb/v6-m/nofp\libg.a(lib_a-mallocr.o) (_sbrk_r)
c:/progra~1/raspbe~1/picosd~1.1/gcc-ar~1/bin/../lib/gcc/arm-none-eabi/10.3.1/../../../../arm-none-eabi/lib/thumb/v6-m/nofp\libg.a(lib_a-strlen-stub.o)
                              CMakeFiles/UNISNES_RP2040.dir/lib/hoja-lib-rp2040/src/usb/hoja_usb.c.obj (strlen)
c:/progra~1/raspbe~1/picosd~1.1/gcc-ar~1/bin/../lib/gcc/arm-none-eabi/10.3.1/../../../../arm-none-eabi/lib/thumb/v6-m/nofp\libg.a(lib_a-freer.o)
[...]
Memory Configuration

Name             Origin             Length             Attributes
FLASH            0x10000000         0x00200000         xr
RAM              0x20000000         0x00040000         xrw
SCRATCH_X        0x20040000         0x00001000         xrw
SCRATCH_Y        0x20041000         0x00001000         xrw
*default*        0x00000000         0xffffffff

Linker script and memory map

LOAD c:/progra~1/raspbe~1/picosd~1.1/gcc-ar~1/bin/../lib/gcc/arm-none-eabi/10.3.1/thumb/v6-m/nofp/crti.o
LOAD c:/progra~1/raspbe~1/picosd~1.1/gcc-ar~1/bin/../lib/gcc/arm-none-eabi/10.3.1/thumb/v6-m/nofp/crtbegin.o
LOAD c:/progra~1/raspbe~1/picosd~1.1/gcc-ar~1/bin/../lib/gcc/arm-none-eabi/10.3.1/../../../../arm-none-eabi/lib/thumb/v6-m/nofp/crt0.o

.flash_begin    0x10000000        0x0
                0x10000000                __flash_binary_start = .

.boot2          0x10000000      0x100
                0x10000000                __boot2_start__ = .
 *(.boot2)
 .boot2         0x10000000      0x100 C:\Users\Mitch\AppData\Local\Temp\ccqseaM8.o
                0x10000100                __boot2_end__ = .
                0x00000001                ASSERT (((__boot2_end__ - __boot2_start__) == 0x100), ERROR: Pico second stage bootloader must be 256 bytes in size)

.text           0x10000100    0x10840
                0x10000100                __logical_binary_start = .
 *(.vectors)
 .vectors       0x10000100       0xd4 CMakeFiles/UNISNES_RP2040.dir/C_/Program_Files/Raspberry_Pi/Pico_SDK_v1.5.1/pico-sdk/src/rp2_common/pico_standard_link/crt0.S.obj
                0x10000100                __VECTOR_TABLE
                0x10000100                __vectors
                0x100001c0                isr_invalid
                0x100001c0                __default_isrs_start
                0x100001c2                isr_nmi
                0x100001c4                isr_hardfault
                0x100001c6                isr_svcall
                0x100001c8                isr_pendsv
                0x100001ca                isr_systick
                0x100001cc                isr_irq23
                0x100001cc                isr_irq18
                0x100001cc                isr_irq11
                0x100001cc                isr_irq28
                0x100001cc                isr_irq19
                0x100001cc                isr_irq0
                0x100001cc                isr_irq6
                0x100001cc                isr_irq5
                0x100001cc                isr_irq12
                0x100001cc                isr_irq22
                0x100001cc                isr_irq31
                0x100001cc                isr_irq17
                0x100001cc                isr_irq27
                0x100001cc                isr_irq30
                0x100001cc                isr_irq2
                0x100001cc                isr_irq10
                0x100001cc                isr_irq8
                0x100001cc                isr_irq24
                0x100001cc                isr_irq1
                0x100001cc                isr_irq7
                0x100001cc                isr_irq21
                0x100001cc                isr_irq20
                0x100001cc                isr_irq15
                0x100001cc                isr_irq25
                0x100001cc                isr_irq13
                0x100001cc                __unhandled_user_irq
                0x100001cc                isr_irq4
                0x100001cc                isr_irq16
                0x100001cc                isr_irq29
                0x100001cc                isr_irq26
                0x100001cc                __default_isrs_end
                0x100001cc                isr_irq3
                0x100001cc                isr_irq14
                0x100001cc                isr_irq9
                0x100001d2                unhandled_user_irq_num_in_r0
 *(.binary_info_header)
 .binary_info_header
                0x100001d4       0x14 CMakeFiles/UNISNES_RP2040.dir/C_/Program_Files/Raspberry_Pi/Pico_SDK_v1.5.1/pico-sdk/src/rp2_common/pico_standard_link/crt0.S.obj
                0x100001e8                __binary_info_header_end = .
 *(.reset)
 .reset         0x100001e8       0xa0 CMakeFiles/UNISNES_RP2040.dir/C_/Program_Files/Raspberry_Pi/Pico_SDK_v1.5.1/pico-sdk/src/rp2_common/pico_standard_link/crt0.S.obj
                0x100001e8                _entry_point
 .reset         0x10000288       0x30 CMakeFiles/UNISNES_RP2040.dir/C_/Program_Files/Raspberry_Pi/Pico_SDK_v1.5.1/pico-sdk/src/rp2_common/pico_standard_link/binary_info.c.obj
 *(.init)
 .init          0x100002b8        0x4 c:/progra~1/raspbe~1/picosd~1.1/gcc-ar~1/bin/../lib/gcc/arm-none-eabi/10.3.1/thumb/v6-m/nofp/crti.o
                0x100002b8                _init
 *(EXCLUDE_FILE(*libm.a: *libc.a:*lib_a-mem*.o *libgcc.a:) .text*)
 .text          0x100002bc       0x48 c:/progra~1/raspbe~1/picosd~1.1/gcc-ar~1/bin/../lib/gcc/arm-none-eabi/10.3.1/thumb/v6-m/nofp/crtbegin.o
 .text.cb_hoja_set_uart_enabled
                0x10000304        0x2 CMakeFiles/UNISNES_RP2040.dir/src/main.c.obj
                0x10000304                cb_hoja_set_uart_enabled
 .text.cb_hoja_set_bluetooth_enabled
                0x10000306        0x2 CMakeFiles/UNISNES_RP2040.dir/src/main.c.obj
                0x10000306                cb_hoja_set_bluetooth_enabled
 .text.cb_hoja_hardware_setup
                0x10000308       0x4c CMakeFiles/UNISNES_RP2040.dir/src/main.c.obj
                0x10000308                cb_hoja_hardware_setup
 .text.cb_hoja_read_buttons
                0x10000354      0x14c CMakeFiles/UNISNES_RP2040.dir/src/main.c.obj
                0x10000354                cb_hoja_read_buttons
 .text.cb_hoja_read_analog
                0x100004a0        0xe CMakeFiles/UNISNES_RP2040.dir/src/main.c.obj
                0x100004a0                cb_hoja_read_analog
 .text.cb_hoja_task_1_hook
                0x100004ae        0x8 CMakeFiles/UNISNES_RP2040.dir/src/main.c.obj
                0x100004ae                cb_hoja_task_1_hook
 *fill*         0x100004b6        0x2 
 .text.main     0x100004b8       0x60 CMakeFiles/UNISNES_RP2040.dir/src/main.c.obj
                0x100004b8                main
 .text.app_rumble_task
                0x10000518       0x90 CMakeFiles/UNISNES_RP2040.dir/src/app_rumble.c.obj
                0x10000518                app_rumble_task
 .text.cb_hoja_rumble_set
                0x100005a8       0x60 CMakeFiles/UNISNES_RP2040.dir/src/app_rumble.c.obj
                0x100005a8                cb_hoja_rumble_set
 .text.cb_hoja_rumble_init
                0x10000608      0x144 CMakeFiles/UNISNES_RP2040.dir/src/app_rumble.c.obj
                0x10000608                cb_hoja_rumble_init
 .text.cb_hoja_hardware_test
                0x1000074c        0x4 CMakeFiles/UNISNES_RP2040.dir/lib/hoja-lib-rp2040/src/hoja.c.obj
                0x1000074c                cb_hoja_hardware_test
 .text.cb_hoja_read_imu
                0x10000750        0x2 CMakeFiles/UNISNES_RP2040.dir/lib/hoja-lib-rp2040/src/hoja.c.obj
                0x10000750                cb_hoja_read_imu
 *fill*         0x10000752        0x2 
 .text._hoja_task_1
                0x10000754       0x48 CMakeFiles/UNISNES_RP2040.dir/lib/hoja-lib-rp2040/src/hoja.c.obj
                0x10000754                _hoja_task_1
 .text.hoja_get_rumble_intensity
                0x1000079c       0x18 CMakeFiles/UNISNES_RP2040.dir/lib/hoja-lib-rp2040/src/hoja.c.obj
                0x1000079c                hoja_get_rumble_intensity
 .text.cb_hoja_baseband_update_loop
                0x100007b4        0x2 CMakeFiles/UNISNES_RP2040.dir/lib/hoja-lib-rp2040/src/hoja.c.obj
                0x100007b4                cb_hoja_baseband_update_loop
 *fill*         0x100007b6        0x2 
 .text.hoja_get_input_method
                0x100007b8        0xc CMakeFiles/UNISNES_RP2040.dir/lib/hoja-lib-rp2040/src/hoja.c.obj
                0x100007b8                hoja_get_input_method
 .text.hoja_get_desnapped_analog_data
                0x100007c4        0x8 CMakeFiles/UNISNES_RP2040.dir/lib/hoja-lib-rp2040/src/hoja.c.obj
                0x100007c4                hoja_get_desnapped_analog_data
 .text.hoja_get_raw_button_data
                0x100007cc        0x8 CMakeFiles/UNISNES_RP2040.dir/lib/hoja-lib-rp2040/src/hoja.c.obj
                0x100007cc                hoja_get_raw_button_data
 .text.hoja_shutdown_instant
                0x100007d4       0x1a CMakeFiles/UNISNES_RP2040.dir/lib/hoja-lib-rp2040/src/hoja.c.obj
                0x100007d4                hoja_shutdown_instant
 *fill*         0x100007ee        0x2 
 .text._hoja_task_0
                0x100007f0       0xd4 CMakeFiles/UNISNES_RP2040.dir/lib/hoja-lib-rp2040/src/hoja.c.obj
                0x100007f0                _hoja_task_0
 .text.hoja_init
                0x100008c4      0x1b4 CMakeFiles/UNISNES_RP2040.dir/lib/hoja-lib-rp2040/src/hoja.c.obj
                0x100008c4                hoja_init
 .text.hoja_setup_gpio_button
                0x10000a78       0x1e CMakeFiles/UNISNES_RP2040.dir/lib/hoja-lib-rp2040/src/hoja.c.obj
                0x10000a78                hoja_setup_gpio_button
 *fill*         0x10000a96        0x2 
 .text._generate_mac
                0x10000a98       0x58 CMakeFiles/UNISNES_RP2040.dir/lib/hoja-lib-rp2040/src/hoja_settings.c.obj
                0x10000a98                _generate_mac
 .text.settings_reset_to_default
                0x10000af0      0x1cc CMakeFiles/UNISNES_RP2040.dir/lib/hoja-lib-rp2040/src/hoja_settings.c.obj
                0x10000af0                settings_reset_to_default
 .text.settings_core1_save_check
                0x10000cbc       0x90 CMakeFiles/UNISNES_RP2040.dir/lib/hoja-lib-rp2040/src/hoja_settings.c.obj
                0x10000cbc                settings_core1_save_check
 .text.settings_save_webindicate
                0x10000d4c        0xc CMakeFiles/UNISNES_RP2040.dir/lib/hoja-lib-rp2040/src/hoja_settings.c.obj
                0x10000d4c                settings_save_webindicate
 .text.settings_save
                0x10000d58        0xc CMakeFiles/UNISNES_RP2040.dir/lib/hoja-lib-rp2040/src/hoja_settings.c.obj
                0x10000d58                settings_save
 .text.settings_set_rumble_floor
                0x10000d64       0x1c CMakeFiles/UNISNES_RP2040.dir/lib/hoja-lib-rp2040/src/hoja_settings.c.obj
                0x10000d64                settings_set_rumble_floor
 .text.settings_set_rumble
                0x10000d80       0x1c CMakeFiles/UNISNES_RP2040.dir/lib/hoja-lib-rp2040/src/hoja_settings.c.obj
                0x10000d80                settings_set_rumble
 .text.settings_load
                0x10000d9c       0x78 CMakeFiles/UNISNES_RP2040.dir/lib/hoja-lib-rp2040/src/hoja_settings.c.obj
                0x10000d9c                settings_load
 .text.settings_set_centers
                0x10000e14       0x44 CMakeFiles/UNISNES_RP2040.dir/lib/hoja-lib-rp2040/src/hoja_settings.c.obj
                0x10000e14                settings_set_centers
 .text.hoja_comms_task
                0x10000e58       0x14 CMakeFiles/UNISNES_RP2040.dir/lib/hoja-lib-rp2040/src/hoja_comms.c.obj
                0x10000e58                hoja_comms_task
 .text.hoja_comms_current_mode
                0x10000e6c        0xc CMakeFiles/UNISNES_RP2040.dir/lib/hoja-lib-rp2040/src/hoja_comms.c.obj
                0x10000e6c                hoja_comms_current_mode
 .text.hoja_comms_init
                0x10000e78       0xb0 CMakeFiles/UNISNES_RP2040.dir/lib/hoja-lib-rp2040/src/hoja_comms.c.obj
                0x10000e78                hoja_comms_init
 .text.ws2812_program_init
                0x10000f28      0x154 CMakeFiles/UNISNES_RP2040.dir/lib/hoja-lib-rp2040/src/utilities/rgb.c.obj
 .text._rgb_convert_hue_saturation
                0x1000107c       0x84 CMakeFiles/UNISNES_RP2040.dir/lib/hoja-lib-rp2040/src/utilities/rgb.c.obj
                0x1000107c                _rgb_convert_hue_saturation
 .text._rgb_set_color_brightness
                0x10001100       0xa4 CMakeFiles/UNISNES_RP2040.dir/lib/hoja-lib-rp2040/src/utilities/rgb.c.obj
                0x10001100                _rgb_set_color_brightness
 .text._rgb_normalize_output_power
                0x100011a4       0x88 CMakeFiles/UNISNES_RP2040.dir/lib/hoja-lib-rp2040/src/utilities/rgb.c.obj
                0x100011a4                _rgb_normalize_output_power
 .text._rgb_update_all
                0x1000122c       0x28 CMakeFiles/UNISNES_RP2040.dir/lib/hoja-lib-rp2040/src/utilities/rgb.c.obj
                0x1000122c                _rgb_update_all
 .text._rgb_blend
                0x10001254       0xb2 CMakeFiles/UNISNES_RP2040.dir/lib/hoja-lib-rp2040/src/utilities/rgb.c.obj
                0x10001254                _rgb_blend
 *fill*         0x10001306        0x2 
 .text._rgb_animate_step
                0x10001308       0xd4 CMakeFiles/UNISNES_RP2040.dir/lib/hoja-lib-rp2040/src/utilities/rgb.c.obj
                0x10001308                _rgb_animate_step
 .text._rgb_set_sequential
                0x100013dc       0x32 CMakeFiles/UNISNES_RP2040.dir/lib/hoja-lib-rp2040/src/utilities/rgb.c.obj
                0x100013dc                _rgb_set_sequential
 *fill*         0x1000140e        0x2 
 .text._rgb_set_brightness
                0x10001410       0x14 CMakeFiles/UNISNES_RP2040.dir/lib/hoja-lib-rp2040/src/utilities/rgb.c.obj
                0x10001410                _rgb_set_brightness
 .text._rgb_set_dirty
                0x10001424        0xc CMakeFiles/UNISNES_RP2040.dir/lib/hoja-lib-rp2040/src/utilities/rgb.c.obj
                0x10001424                _rgb_set_dirty
 .text._rgbanim_rainbowoffset_do
                0x10001430       0x8c CMakeFiles/UNISNES_RP2040.dir/lib/hoja-lib-rp2040/src/utilities/rgb.c.obj
                0x10001430                _rgbanim_rainbowoffset_do
 .text._rgbanim_cycleoffset_do
                0x100014bc       0x84 CMakeFiles/UNISNES_RP2040.dir/lib/hoja-lib-rp2040/src/utilities/rgb.c.obj
                0x100014bc                _rgbanim_cycleoffset_do
 .text._rgb_set_all
                0x10001540       0x30 CMakeFiles/UNISNES_RP2040.dir/lib/hoja-lib-rp2040/src/utilities/rgb.c.obj
                0x10001540                _rgb_set_all
 .text._rgbanim_rainbow_do
                0x10001570       0x34 CMakeFiles/UNISNES_RP2040.dir/lib/hoja-lib-rp2040/src/utilities/rgb.c.obj
                0x10001570                _rgbanim_rainbow_do
 .text._rgbanim_cycle_do
                0x100015a4       0x58 CMakeFiles/UNISNES_RP2040.dir/lib/hoja-lib-rp2040/src/utilities/rgb.c.obj
                0x100015a4                _rgbanim_cycle_do
 .text._rgbanim_flash_do
                0x100015fc       0x4c CMakeFiles/UNISNES_RP2040.dir/lib/hoja-lib-rp2040/src/utilities/rgb.c.obj
                0x100015fc                _rgbanim_flash_do
 .text._rgb_indicate_override_do
                0x10001648       0x58 CMakeFiles/UNISNES_RP2040.dir/lib/hoja-lib-rp2040/src/utilities/rgb.c.obj
                0x10001648                _rgb_indicate_override_do
 .text.rgb_set_group
                0x100016a0       0xc8 CMakeFiles/UNISNES_RP2040.dir/lib/hoja-lib-rp2040/src/utilities/rgb.c.obj
                0x100016a0                rgb_set_group
 .text._rgb_preset_reload
                0x10001768       0x3c CMakeFiles/UNISNES_RP2040.dir/lib/hoja-lib-rp2040/src/utilities/rgb.c.obj
                0x10001768                _rgb_preset_reload
 .text._rgb_load_preset
                0x100017a4       0x10 CMakeFiles/UNISNES_RP2040.dir/lib/hoja-lib-rp2040/src/utilities/rgb.c.obj
                0x100017a4                _rgb_load_preset
 .text._rgbanim_preset_do
                0x100017b4       0x4c CMakeFiles/UNISNES_RP2040.dir/lib/hoja-lib-rp2040/src/utilities/rgb.c.obj
                0x100017b4                _rgbanim_preset_do
 .text.rgb_update_speed
                0x10001800       0xb8 CMakeFiles/UNISNES_RP2040.dir/lib/hoja-lib-rp2040/src/utilities/rgb.c.obj
                0x10001800                rgb_update_speed
 .text._rgb_stick_get_intensity
                0x100018b8       0x6e CMakeFiles/UNISNES_RP2040.dir/lib/hoja-lib-rp2040/src/utilities/rgb.c.obj
                0x100018b8                _rgb_stick_get_intensity
 *fill*         0x10001926        0x2 
 .text._rgbanim_reactive_do
                0x10001928      0x218 CMakeFiles/UNISNES_RP2040.dir/lib/hoja-lib-rp2040/src/utilities/rgb.c.obj
                0x10001928                _rgbanim_reactive_do
 .text.rgb_indicate
                0x10001b40       0x44 CMakeFiles/UNISNES_RP2040.dir/lib/hoja-lib-rp2040/src/utilities/rgb.c.obj
                0x10001b40                rgb_indicate
 .text.rgb_init
                0x10001b84       0xe8 CMakeFiles/UNISNES_RP2040.dir/lib/hoja-lib-rp2040/src/utilities/rgb.c.obj
                0x10001b84                rgb_init
 .text.rgb_flash
                0x10001c6c       0x14 CMakeFiles/UNISNES_RP2040.dir/lib/hoja-lib-rp2040/src/utilities/rgb.c.obj
                0x10001c6c                rgb_flash
 .text.rgb_task
                0x10001c80       0x68 CMakeFiles/UNISNES_RP2040.dir/lib/hoja-lib-rp2040/src/utilities/rgb.c.obj
                0x10001c80                rgb_task
 .text.util_battery_monitor_task_usb
                0x10001ce8        0x2 CMakeFiles/UNISNES_RP2040.dir/lib/hoja-lib-rp2040/src/utilities/battery.c.obj
                0x10001ce8                util_battery_monitor_task_usb
 .text.util_battery_enable_ship_mode
                0x10001cea        0xe CMakeFiles/UNISNES_RP2040.dir/lib/hoja-lib-rp2040/src/utilities/battery.c.obj
                0x10001cea                util_battery_enable_ship_mode
 .text.util_battery_set_charge_rate
                0x10001cf8       0x38 CMakeFiles/UNISNES_RP2040.dir/lib/hoja-lib-rp2040/src/utilities/battery.c.obj
                0x10001cf8                util_battery_set_charge_rate
 .text.util_wire_connected
                0x10001d30       0x10 CMakeFiles/UNISNES_RP2040.dir/lib/hoja-lib-rp2040/src/utilities/battery.c.obj
                0x10001d30                util_wire_connected
 .text._scratch_set
                0x10001d40       0x14 CMakeFiles/UNISNES_RP2040.dir/lib/hoja-lib-rp2040/src/utilities/reboot.c.obj
                0x10001d40                _scratch_set
 .text._scratch_get
                0x10001d54       0x24 CMakeFiles/UNISNES_RP2040.dir/lib/hoja-lib-rp2040/src/utilities/reboot.c.obj
                0x10001d54                _scratch_get
 .text.reboot_get_memory
                0x10001d78        0xa CMakeFiles/UNISNES_RP2040.dir/lib/hoja-lib-rp2040/src/utilities/reboot.c.obj
                0x10001d78                reboot_get_memory
 .text.interval_run
                0x10001d82       0x26 CMakeFiles/UNISNES_RP2040.dir/lib/hoja-lib-rp2040/src/utilities/interval.c.obj
                0x10001d82                interval_run
 .text.interval_resettable_run
                0x10001da8       0x3a CMakeFiles/UNISNES_RP2040.dir/lib/hoja-lib-rp2040/src/utilities/interval.c.obj
                0x10001da8                interval_resettable_run
 *fill*         0x10001de2        0x2 
 .text.tud_descriptor_bos_cb
                0x10001de4       0x1c CMakeFiles/UNISNES_RP2040.dir/lib/hoja-lib-rp2040/src/usb/desc_bos.c.obj
                0x10001de4                tud_descriptor_bos_cb
 .text.tud_hid_ready
                0x10001e00        0xa CMakeFiles/UNISNES_RP2040.dir/lib/hoja-lib-rp2040/src/usb/hoja_usb.c.obj
 *fill*         0x10001e0a        0x2 
 .text.hoja_usb_set_usb_clear
                0x10001e0c       0x28 CMakeFiles/UNISNES_RP2040.dir/lib/hoja-lib-rp2040/src/usb/hoja_usb.c.obj
                0x10001e0c                hoja_usb_set_usb_clear
 .text.hoja_usb_unset_usb_clear
                0x10001e34       0x28 CMakeFiles/UNISNES_RP2040.dir/lib/hoja-lib-rp2040/src/usb/hoja_usb.c.obj
                0x10001e34                hoja_usb_unset_usb_clear
 .text.hoja_usb_get_usb_clear
                0x10001e5c       0x4c CMakeFiles/UNISNES_RP2040.dir/lib/hoja-lib-rp2040/src/usb/hoja_usb.c.obj
                0x10001e5c                hoja_usb_get_usb_clear
 .text.usbd_app_driver_get_cb
                0x10001ea8       0x24 CMakeFiles/UNISNES_RP2040.dir/lib/hoja-lib-rp2040/src/usb/hoja_usb.c.obj
                0x10001ea8                usbd_app_driver_get_cb
 .text._hoja_usb_set_interval
                0x10001ecc        0xc CMakeFiles/UNISNES_RP2040.dir/lib/hoja-lib-rp2040/src/usb/hoja_usb.c.obj
                0x10001ecc                _hoja_usb_set_interval
 .text.hoja_usb_start
                0x10001ed8       0xac CMakeFiles/UNISNES_RP2040.dir/lib/hoja-lib-rp2040/src/usb/hoja_usb.c.obj
                0x10001ed8                hoja_usb_start
 .text.hoja_usb_task
                0x10001f84       0x6c CMakeFiles/UNISNES_RP2040.dir/lib/hoja-lib-rp2040/src/usb/hoja_usb.c.obj
                0x10001f84                hoja_usb_task
 .text.tud_descriptor_device_cb
                0x10001ff0       0x38 CMakeFiles/UNISNES_RP2040.dir/lib/hoja-lib-rp2040/src/usb/hoja_usb.c.obj
                0x10001ff0                tud_descriptor_device_cb
 .text.tud_descriptor_configuration_cb
                0x10002028       0x38 CMakeFiles/UNISNES_RP2040.dir/lib/hoja-lib-rp2040/src/usb/hoja_usb.c.obj
                0x10002028                tud_descriptor_configuration_cb
 .text.tud_hid_get_report_cb
                0x10002060        0x4 CMakeFiles/UNISNES_RP2040.dir/lib/hoja-lib-rp2040/src/usb/hoja_usb.c.obj
                0x10002060                tud_hid_get_report_cb
 .text.tud_hid_report_complete_cb
                0x10002064       0x54 CMakeFiles/UNISNES_RP2040.dir/lib/hoja-lib-rp2040/src/usb/hoja_usb.c.obj
                0x10002064                tud_hid_report_complete_cb
 .text.tud_hid_set_report_cb
                0x100020b8       0xc8 CMakeFiles/UNISNES_RP2040.dir/lib/hoja-lib-rp2040/src/usb/hoja_usb.c.obj
                0x100020b8                tud_hid_set_report_cb
 .text.tud_hid_descriptor_report_cb
                0x10002180       0x2c CMakeFiles/UNISNES_RP2040.dir/lib/hoja-lib-rp2040/src/usb/hoja_usb.c.obj
                0x10002180                tud_hid_descriptor_report_cb
 .text.tud_descriptor_string_cb
                0x100021ac       0x9c CMakeFiles/UNISNES_RP2040.dir/lib/hoja-lib-rp2040/src/usb/hoja_usb.c.obj
                0x100021ac                tud_descriptor_string_cb
 .text.tud_vendor_rx_cb
                0x10002248       0x38 CMakeFiles/UNISNES_RP2040.dir/lib/hoja-lib-rp2040/src/usb/hoja_usb.c.obj
                0x10002248                tud_vendor_rx_cb
 .text.tud_vendor_control_xfer_cb
                0x10002280      0x100 CMakeFiles/UNISNES_RP2040.dir/lib/hoja-lib-rp2040/src/usb/hoja_usb.c.obj
                0x10002280                tud_vendor_control_xfer_cb
 .text.dir_to_hat
                0x10002380       0x88 CMakeFiles/UNISNES_RP2040.dir/lib/hoja-lib-rp2040/src/usb/hoja_usb.c.obj
                0x10002380                dir_to_hat
 .text.xinputd_control_xfer_cb
                0x10002408        0x4 CMakeFiles/UNISNES_RP2040.dir/lib/hoja-lib-rp2040/src/usb/xinput_device.c.obj
                0x10002408                xinputd_control_xfer_cb
 .text.xinputd_reset
                0x1000240c       0x14 CMakeFiles/UNISNES_RP2040.dir/lib/hoja-lib-rp2040/src/usb/xinput_device.c.obj
                0x1000240c                xinputd_reset
 .text.xinputd_init
                0x10002420        0xa CMakeFiles/UNISNES_RP2040.dir/lib/hoja-lib-rp2040/src/usb/xinput_device.c.obj
                0x10002420                xinputd_init
 *fill*         0x1000242a        0x2 
 .text.xinputd_open
                0x1000242c       0x70 CMakeFiles/UNISNES_RP2040.dir/lib/hoja-lib-rp2040/src/usb/xinput_device.c.obj
                0x1000242c                xinputd_open
 .text.xinputd_xfer_cb
                0x1000249c       0x68 CMakeFiles/UNISNES_RP2040.dir/lib/hoja-lib-rp2040/src/usb/xinput_device.c.obj
                0x1000249c                xinputd_xfer_cb
 .text.tud_xinput_getout
                0x10002504       0x54 CMakeFiles/UNISNES_RP2040.dir/lib/hoja-lib-rp2040/src/usb/xinput_device.c.obj
                0x10002504                tud_xinput_getout
 .text.tud_xinput_report
                0x10002558       0x58 CMakeFiles/UNISNES_RP2040.dir/lib/hoja-lib-rp2040/src/usb/xinput_device.c.obj
                0x10002558                tud_xinput_report
 .text.tud_xinput_ready
                0x100025b0       0x48 CMakeFiles/UNISNES_RP2040.dir/lib/hoja-lib-rp2040/src/usb/xinput_device.c.obj
                0x100025b0                tud_xinput_ready
 .text.ginputd_reset
                0x100025f8       0x14 CMakeFiles/UNISNES_RP2040.dir/lib/hoja-lib-rp2040/src/usb/ginput_device.c.obj
                0x100025f8                ginputd_reset
 .text.ginputd_init
                0x1000260c        0xa CMakeFiles/UNISNES_RP2040.dir/lib/hoja-lib-rp2040/src/usb/ginput_device.c.obj
                0x1000260c                ginputd_init
 *fill*         0x10002616        0x2 
 .text.ginputd_open
                0x10002618       0xc4 CMakeFiles/UNISNES_RP2040.dir/lib/hoja-lib-rp2040/src/usb/ginput_device.c.obj
                0x10002618                ginputd_open
 .text.ginputd_xfer_cb
                0x100026dc       0x84 CMakeFiles/UNISNES_RP2040.dir/lib/hoja-lib-rp2040/src/usb/ginput_device.c.obj
                0x100026dc                ginputd_xfer_cb
 .text.ginputd_control_xfer_cb
                0x10002760      0x28c CMakeFiles/UNISNES_RP2040.dir/lib/hoja-lib-rp2040/src/usb/ginput_device.c.obj
                0x10002760                ginputd_control_xfer_cb
 .text.tud_ginput_n_ready
                0x100029ec       0x50 CMakeFiles/UNISNES_RP2040.dir/lib/hoja-lib-rp2040/src/usb/ginput_device.c.obj
                0x100029ec                tud_ginput_n_ready
 .text.tud_ginput_ready
                0x10002a3c        0xa CMakeFiles/UNISNES_RP2040.dir/lib/hoja-lib-rp2040/src/usb/ginput_device.c.obj
                0x10002a3c                tud_ginput_ready
 *fill*         0x10002a46        0x2 
 .text.tud_ginput_n_report
                0x10002a48       0x94 CMakeFiles/UNISNES_RP2040.dir/lib/hoja-lib-rp2040/src/usb/ginput_device.c.obj
                0x10002a48                tud_ginput_n_report
 .text.tud_ginput_report
                0x10002adc       0x10 CMakeFiles/UNISNES_RP2040.dir/lib/hoja-lib-rp2040/src/usb/ginput_device.c.obj
                0x10002adc                tud_ginput_report
 .text.switch_analog_encode
                0x10002aec       0x16 CMakeFiles/UNISNES_RP2040.dir/lib/hoja-lib-rp2040/src/switch/switch_analog.c.obj
                0x10002aec                switch_analog_encode
 *fill*         0x10002b02        0x2 
 .text.switch_analog_calibration_init
                0x10002b04       0x50 CMakeFiles/UNISNES_RP2040.dir/lib/hoja-lib-rp2040/src/switch/switch_analog.c.obj
                0x10002b04                switch_analog_calibration_init
 .text.clear_report
                0x10002b54       0x14 CMakeFiles/UNISNES_RP2040.dir/lib/hoja-lib-rp2040/src/switch/switch_commands.c.obj
                0x10002b54                clear_report
 .text.set_report_id
                0x10002b68        0xc CMakeFiles/UNISNES_RP2040.dir/lib/hoja-lib-rp2040/src/switch/switch_commands.c.obj
                0x10002b68                set_report_id
 .text.set_ack  0x10002b74        0xc CMakeFiles/UNISNES_RP2040.dir/lib/hoja-lib-rp2040/src/switch/switch_commands.c.obj
                0x10002b74                set_ack
 .text.set_command
                0x10002b80        0xc CMakeFiles/UNISNES_RP2040.dir/lib/hoja-lib-rp2040/src/switch/switch_commands.c.obj
                0x10002b80                set_command
 .text.set_timer
                0x10002b8c       0x28 CMakeFiles/UNISNES_RP2040.dir/lib/hoja-lib-rp2040/src/switch/switch_commands.c.obj
                0x10002b8c                set_timer
 .text.set_battconn
                0x10002bb4       0x14 CMakeFiles/UNISNES_RP2040.dir/lib/hoja-lib-rp2040/src/switch/switch_commands.c.obj
                0x10002bb4                set_battconn
 .text.set_devinfo
                0x10002bc8       0x1c CMakeFiles/UNISNES_RP2040.dir/lib/hoja-lib-rp2040/src/switch/switch_commands.c.obj
                0x10002bc8                set_devinfo
 .text.set_sub_triggertime
                0x10002be4       0x24 CMakeFiles/UNISNES_RP2040.dir/lib/hoja-lib-rp2040/src/switch/switch_commands.c.obj
                0x10002be4                set_sub_triggertime
 .text._get_low_frequency
                0x10002c08       0x30 CMakeFiles/UNISNES_RP2040.dir/lib/hoja-lib-rp2040/src/switch/switch_commands.c.obj
                0x10002c08                _get_low_frequency
 .text._get_high_frequency
                0x10002c38       0x30 CMakeFiles/UNISNES_RP2040.dir/lib/hoja-lib-rp2040/src/switch/switch_commands.c.obj
                0x10002c38                _get_high_frequency
 .text._get_amplitude
                0x10002c68       0x24 CMakeFiles/UNISNES_RP2040.dir/lib/hoja-lib-rp2040/src/switch/switch_commands.c.obj
                0x10002c68                _get_amplitude
 .text.rumble_translate
                0x10002c8c      0x154 CMakeFiles/UNISNES_RP2040.dir/lib/hoja-lib-rp2040/src/switch/switch_commands.c.obj
                0x10002c8c                rumble_translate
 .text.info_set_mac
                0x10002de0       0x34 CMakeFiles/UNISNES_RP2040.dir/lib/hoja-lib-rp2040/src/switch/switch_commands.c.obj
                0x10002de0                info_set_mac
 .text.info_handler
                0x10002e14       0x34 CMakeFiles/UNISNES_RP2040.dir/lib/hoja-lib-rp2040/src/switch/switch_commands.c.obj
                0x10002e14                info_handler
 .text.pairing_set
                0x10002e48       0xc0 CMakeFiles/UNISNES_RP2040.dir/lib/hoja-lib-rp2040/src/switch/switch_commands.c.obj
                0x10002e48                pairing_set
 .text.command_handler
                0x10002f08       0xec CMakeFiles/UNISNES_RP2040.dir/lib/hoja-lib-rp2040/src/switch/switch_commands.c.obj
                0x10002f08                command_handler
 .text.report_handler
                0x10002ff4       0x36 CMakeFiles/UNISNES_RP2040.dir/lib/hoja-lib-rp2040/src/switch/switch_commands.c.obj
                0x10002ff4                report_handler
 *fill*         0x1000302a        0x2 
 .text._unknown_thing
                0x1000302c       0x2c CMakeFiles/UNISNES_RP2040.dir/lib/hoja-lib-rp2040/src/switch/switch_commands.c.obj
                0x1000302c                _unknown_thing
 .text.switch_commands_process
                0x10003058      0x16c CMakeFiles/UNISNES_RP2040.dir/lib/hoja-lib-rp2040/src/switch/switch_commands.c.obj
                0x10003058                switch_commands_process
 .text.switch_commands_future_handle
                0x100031c4       0x28 CMakeFiles/UNISNES_RP2040.dir/lib/hoja-lib-rp2040/src/switch/switch_commands.c.obj
                0x100031c4                switch_commands_future_handle
 .text.switch_commands_bulkset
                0x100031ec       0x10 CMakeFiles/UNISNES_RP2040.dir/lib/hoja-lib-rp2040/src/switch/switch_commands.c.obj
                0x100031ec                switch_commands_bulkset
 .text.sw_spi_getaddressdata
                0x100031fc      0x18c CMakeFiles/UNISNES_RP2040.dir/lib/hoja-lib-rp2040/src/switch/switch_spi.c.obj
                0x100031fc                sw_spi_getaddressdata
 .text.sw_spi_readfromaddress
                0x10003388       0x50 CMakeFiles/UNISNES_RP2040.dir/lib/hoja-lib-rp2040/src/switch/switch_spi.c.obj
                0x10003388                sw_spi_readfromaddress
 .text.imu_fifo_push
                0x100033d8       0x98 CMakeFiles/UNISNES_RP2040.dir/lib/hoja-lib-rp2040/src/input/imu.c.obj
                0x100033d8                imu_fifo_push
 .text.imu_fifo_last
                0x10003470       0x38 CMakeFiles/UNISNES_RP2040.dir/lib/hoja-lib-rp2040/src/input/imu.c.obj
                0x10003470                imu_fifo_last
 .text._imu_average_value
                0x100034a8       0x30 CMakeFiles/UNISNES_RP2040.dir/lib/hoja-lib-rp2040/src/input/imu.c.obj
                0x100034a8                _imu_average_value
 .text.imu_calibrate_start
                0x100034d8       0xc0 CMakeFiles/UNISNES_RP2040.dir/lib/hoja-lib-rp2040/src/input/imu.c.obj
                0x100034d8                imu_calibrate_start
 .text.imu_calibrate_stop
                0x10003598       0x2c CMakeFiles/UNISNES_RP2040.dir/lib/hoja-lib-rp2040/src/input/imu.c.obj
                0x10003598                imu_calibrate_stop
 .text._imu_calibrate_task
                0x100035c4      0x160 CMakeFiles/UNISNES_RP2040.dir/lib/hoja-lib-rp2040/src/input/imu.c.obj
                0x100035c4                _imu_calibrate_task
 .text.imu_set_enabled
                0x10003724        0xc CMakeFiles/UNISNES_RP2040.dir/lib/hoja-lib-rp2040/src/input/imu.c.obj
                0x10003724                imu_set_enabled
 .text.imu_task
                0x10003730      0x13c CMakeFiles/UNISNES_RP2040.dir/lib/hoja-lib-rp2040/src/input/imu.c.obj
                0x10003730                imu_task
 .text._remap_load_remap
                0x1000386c       0x58 CMakeFiles/UNISNES_RP2040.dir/lib/hoja-lib-rp2040/src/input/remap.c.obj
                0x1000386c                _remap_load_remap
 .text._remap_pack_remap
                0x100038c4       0xda CMakeFiles/UNISNES_RP2040.dir/lib/hoja-lib-rp2040/src/input/remap.c.obj
                0x100038c4                _remap_pack_remap
 .text._remap_unpack_remap
                0x1000399e       0x72 CMakeFiles/UNISNES_RP2040.dir/lib/hoja-lib-rp2040/src/input/remap.c.obj
                0x1000399e                _remap_unpack_remap
 .text.remap_reset_default
                0x10003a10       0x74 CMakeFiles/UNISNES_RP2040.dir/lib/hoja-lib-rp2040/src/input/remap.c.obj
                0x10003a10                remap_reset_default
 .text.remap_init
                0x10003a84       0x5c CMakeFiles/UNISNES_RP2040.dir/lib/hoja-lib-rp2040/src/input/remap.c.obj
                0x10003a84                remap_init
 .text.remap_set_gc_sp
                0x10003ae0       0x10 CMakeFiles/UNISNES_RP2040.dir/lib/hoja-lib-rp2040/src/input/remap.c.obj
                0x10003ae0                remap_set_gc_sp
 .text.remap_listen_stop
                0x10003af0       0x20 CMakeFiles/UNISNES_RP2040.dir/lib/hoja-lib-rp2040/src/input/remap.c.obj
                0x10003af0                remap_listen_stop
 .text.remap_send_data_webusb
                0x10003b10       0xf8 CMakeFiles/UNISNES_RP2040.dir/lib/hoja-lib-rp2040/src/input/remap.c.obj
                0x10003b10                remap_send_data_webusb
 .text._remap_listener
                0x10003c08       0xec CMakeFiles/UNISNES_RP2040.dir/lib/hoja-lib-rp2040/src/input/remap.c.obj
                0x10003c08                _remap_listener
 .text.remap_listen_enable
                0x10003cf4       0x40 CMakeFiles/UNISNES_RP2040.dir/lib/hoja-lib-rp2040/src/input/remap.c.obj
                0x10003cf4                remap_listen_enable
 .text.remap_buttons_task
                0x10003d34      0x58c CMakeFiles/UNISNES_RP2040.dir/lib/hoja-lib-rp2040/src/input/remap.c.obj
                0x10003d34                remap_buttons_task
 .text.snapback_process
                0x100042c0        0xe CMakeFiles/UNISNES_RP2040.dir/lib/hoja-lib-rp2040/src/input/snapback.c.obj
                0x100042c0                snapback_process
 *fill*         0x100042ce        0x2 
 .text._snapback_add_value
                0x100042d0       0x30 CMakeFiles/UNISNES_RP2040.dir/lib/hoja-lib-rp2040/src/input/snapback.c.obj
                0x100042d0                _snapback_add_value
 .text.snapback_webcapture_task
                0x10004300      0x110 CMakeFiles/UNISNES_RP2040.dir/lib/hoja-lib-rp2040/src/input/snapback.c.obj
                0x10004300                snapback_webcapture_task
 .text._stick_sub_angle_scale
                0x10004410       0x40 CMakeFiles/UNISNES_RP2040.dir/lib/hoja-lib-rp2040/src/input/stick_scaling.c.obj
                0x10004410                _stick_sub_angle_scale
 .text._get_angle_distance
                0x10004450       0x34 CMakeFiles/UNISNES_RP2040.dir/lib/hoja-lib-rp2040/src/input/stick_scaling.c.obj
                0x10004450                _get_angle_distance
 .text._is_angle_between
                0x10004484       0x58 CMakeFiles/UNISNES_RP2040.dir/lib/hoja-lib-rp2040/src/input/stick_scaling.c.obj
                0x10004484                _is_angle_between
 .text._stick_get_processed_octant
                0x100044dc       0x38 CMakeFiles/UNISNES_RP2040.dir/lib/hoja-lib-rp2040/src/input/stick_scaling.c.obj
                0x100044dc                _stick_get_processed_octant
 .text._stick_get_octant
                0x10004514       0x58 CMakeFiles/UNISNES_RP2040.dir/lib/hoja-lib-rp2040/src/input/stick_scaling.c.obj
                0x10004514                _stick_get_octant
 .text._stick_angle_adjust
                0x1000456c       0x3c CMakeFiles/UNISNES_RP2040.dir/lib/hoja-lib-rp2040/src/input/stick_scaling.c.obj
                0x1000456c                _stick_angle_adjust
 .text.stick_get_angle
                0x100045a8       0x70 CMakeFiles/UNISNES_RP2040.dir/lib/hoja-lib-rp2040/src/input/stick_scaling.c.obj
                0x100045a8                stick_get_angle
 .text.stick_get_distance
                0x10004618       0x56 CMakeFiles/UNISNES_RP2040.dir/lib/hoja-lib-rp2040/src/input/stick_scaling.c.obj
                0x10004618                stick_get_distance
 *fill*         0x1000466e        0x2 
 .text.stick_normalized_vector
                0x10004670       0x40 CMakeFiles/UNISNES_RP2040.dir/lib/hoja-lib-rp2040/src/input/stick_scaling.c.obj
                0x10004670                stick_normalized_vector
 .text._stick_process_input
                0x100046b0      0x148 CMakeFiles/UNISNES_RP2040.dir/lib/hoja-lib-rp2040/src/input/stick_scaling.c.obj
                0x100046b0                _stick_process_input
 .text._precalculate_distance_scalers
                0x100047f8       0x24 CMakeFiles/UNISNES_RP2040.dir/lib/hoja-lib-rp2040/src/input/stick_scaling.c.obj
                0x100047f8                _precalculate_distance_scalers
 .text._precalculate_angle_scalers
                0x1000481c       0x38 CMakeFiles/UNISNES_RP2040.dir/lib/hoja-lib-rp2040/src/input/stick_scaling.c.obj
                0x1000481c                _precalculate_angle_scalers
 .text._precalculate_angle_substate
                0x10004854       0x7c CMakeFiles/UNISNES_RP2040.dir/lib/hoja-lib-rp2040/src/input/stick_scaling.c.obj
                0x10004854                _precalculate_angle_substate
 .text.stick_scaling_get_settings
                0x100048d0       0x40 CMakeFiles/UNISNES_RP2040.dir/lib/hoja-lib-rp2040/src/input/stick_scaling.c.obj
                0x100048d0                stick_scaling_get_settings
 .text.stick_scaling_set_settings
                0x10004910       0x28 CMakeFiles/UNISNES_RP2040.dir/lib/hoja-lib-rp2040/src/input/stick_scaling.c.obj
                0x10004910                stick_scaling_set_settings
 .text.stick_scaling_init
                0x10004938       0x60 CMakeFiles/UNISNES_RP2040.dir/lib/hoja-lib-rp2040/src/input/stick_scaling.c.obj
                0x10004938                stick_scaling_init
 .text.stick_scaling_reset_distances
                0x10004998       0x44 CMakeFiles/UNISNES_RP2040.dir/lib/hoja-lib-rp2040/src/input/stick_scaling.c.obj
                0x10004998                stick_scaling_reset_distances
 .text.stick_scaling_capture_distances
                0x100049dc      0x1bc CMakeFiles/UNISNES_RP2040.dir/lib/hoja-lib-rp2040/src/input/stick_scaling.c.obj
                0x100049dc                stick_scaling_capture_distances
 .text.stick_scaling_capture_center
                0x10004b98       0x2c CMakeFiles/UNISNES_RP2040.dir/lib/hoja-lib-rp2040/src/input/stick_scaling.c.obj
                0x10004b98                stick_scaling_capture_center
 .text.stick_scaling_get_octant_axis
                0x10004bc4       0xac CMakeFiles/UNISNES_RP2040.dir/lib/hoja-lib-rp2040/src/input/stick_scaling.c.obj
                0x10004bc4                stick_scaling_get_octant_axis
 .text.stick_scaling_get_octant_axis_offset
                0x10004c70       0xd4 CMakeFiles/UNISNES_RP2040.dir/lib/hoja-lib-rp2040/src/input/stick_scaling.c.obj
                0x10004c70                stick_scaling_get_octant_axis_offset
 .text.stick_scaling_capture_angle
                0x10004d44       0xfc CMakeFiles/UNISNES_RP2040.dir/lib/hoja-lib-rp2040/src/input/stick_scaling.c.obj
                0x10004d44                stick_scaling_capture_angle
 .text.stick_scaling_process_data
                0x10004e40      0x168 CMakeFiles/UNISNES_RP2040.dir/lib/hoja-lib-rp2040/src/input/stick_scaling.c.obj
                0x10004e40                stick_scaling_process_data
 .text.analog_send_reset
                0x10004fa8       0x24 CMakeFiles/UNISNES_RP2040.dir/lib/hoja-lib-rp2040/src/input/analog.c.obj
                0x10004fa8                analog_send_reset
 .text.analog_calibrate_start
                0x10004fcc       0x48 CMakeFiles/UNISNES_RP2040.dir/lib/hoja-lib-rp2040/src/input/analog.c.obj
                0x10004fcc                analog_calibrate_start
 .text.analog_init
                0x10005014       0x40 CMakeFiles/UNISNES_RP2040.dir/lib/hoja-lib-rp2040/src/input/analog.c.obj
                0x10005014                analog_init
 .text.analog_calibrate_stop
                0x10005054       0x4c CMakeFiles/UNISNES_RP2040.dir/lib/hoja-lib-rp2040/src/input/analog.c.obj
                0x10005054                analog_calibrate_stop
 .text.analog_calibrate_save
                0x100050a0       0x54 CMakeFiles/UNISNES_RP2040.dir/lib/hoja-lib-rp2040/src/input/analog.c.obj
                0x100050a0                analog_calibrate_save
 .text.analog_calibrate_angle
                0x100050f4       0x10 CMakeFiles/UNISNES_RP2040.dir/lib/hoja-lib-rp2040/src/input/analog.c.obj
                0x100050f4                analog_calibrate_angle
 .text._analog_calibrate_loop
                0x10005104       0x60 CMakeFiles/UNISNES_RP2040.dir/lib/hoja-lib-rp2040/src/input/analog.c.obj
                0x10005104                _analog_calibrate_loop
 .text._analog_distance_check
                0x10005164       0x4e CMakeFiles/UNISNES_RP2040.dir/lib/hoja-lib-rp2040/src/input/analog.c.obj
                0x10005164                _analog_distance_check
 *fill*         0x100051b2        0x2 
 .text.analog_get_octoangle_data
                0x100051b4       0x18 CMakeFiles/UNISNES_RP2040.dir/lib/hoja-lib-rp2040/src/input/analog.c.obj
                0x100051b4                analog_get_octoangle_data
 .text.analog_get_subangle_data
                0x100051cc       0x18 CMakeFiles/UNISNES_RP2040.dir/lib/hoja-lib-rp2040/src/input/analog.c.obj
                0x100051cc                analog_get_subangle_data
 .text._analog_process_deadzone
                0x100051e4      0x190 CMakeFiles/UNISNES_RP2040.dir/lib/hoja-lib-rp2040/src/input/analog.c.obj
                0x100051e4                _analog_process_deadzone
 .text.analog_task
                0x10005374       0xa8 CMakeFiles/UNISNES_RP2040.dir/lib/hoja-lib-rp2040/src/input/analog.c.obj
                0x10005374                analog_task
 .text.macro_handler_task
                0x1000541c       0x9c CMakeFiles/UNISNES_RP2040.dir/lib/hoja-lib-rp2040/src/input/macros.c.obj
                0x1000541c                macro_handler_task
 .text.macro_safe_mode_check
                0x100054b8        0xc CMakeFiles/UNISNES_RP2040.dir/lib/hoja-lib-rp2040/src/input/macros.c.obj
                0x100054b8                macro_safe_mode_check
 .text.gcinput_hid_report
                0x100054c4      0x45c CMakeFiles/UNISNES_RP2040.dir/lib/hoja-lib-rp2040/src/devices/gcinput.c.obj
                0x100054c4                gcinput_hid_report
 .text.joybus_program_init
                0x10005920      0x1a0 CMakeFiles/UNISNES_RP2040.dir/lib/hoja-lib-rp2040/src/devices/gamecube.c.obj
 .text._gamecube_isr_txdone
                0x10005ac0       0x54 CMakeFiles/UNISNES_RP2040.dir/lib/hoja-lib-rp2040/src/devices/gamecube.c.obj
 .text._gamecube_send_probe
                0x10005b14       0x34 CMakeFiles/UNISNES_RP2040.dir/lib/hoja-lib-rp2040/src/devices/gamecube.c.obj
                0x10005b14                _gamecube_send_probe
 .text._gamecube_send_origin
                0x10005b48       0x9c CMakeFiles/UNISNES_RP2040.dir/lib/hoja-lib-rp2040/src/devices/gamecube.c.obj
                0x10005b48                _gamecube_send_origin
 .text._gamecube_send_poll
                0x10005be4       0xa0 CMakeFiles/UNISNES_RP2040.dir/lib/hoja-lib-rp2040/src/devices/gamecube.c.obj
                0x10005be4                _gamecube_send_poll
 .text._gamecube_reset_state
                0x10005c84       0x48 CMakeFiles/UNISNES_RP2040.dir/lib/hoja-lib-rp2040/src/devices/gamecube.c.obj
                0x10005c84                _gamecube_reset_state
 .text._gamecube_isr_handler
                0x10005ccc       0x34 CMakeFiles/UNISNES_RP2040.dir/lib/hoja-lib-rp2040/src/devices/gamecube.c.obj
 .text.gamecube_comms_task
                0x10005d00      0x50c CMakeFiles/UNISNES_RP2040.dir/lib/hoja-lib-rp2040/src/devices/gamecube.c.obj
                0x10005d00                gamecube_comms_task
 .text.joybus_program_init
                0x1000620c      0x1a0 CMakeFiles/UNISNES_RP2040.dir/lib/hoja-lib-rp2040/src/devices/n64.c.obj
 .text._n64_isr_txdone
                0x100063ac       0x54 CMakeFiles/UNISNES_RP2040.dir/lib/hoja-lib-rp2040/src/devices/n64.c.obj
 .text._n64_get_crc
                0x10006400       0x10 CMakeFiles/UNISNES_RP2040.dir/lib/hoja-lib-rp2040/src/devices/n64.c.obj
                0x10006400                _n64_get_crc
 .text._n64_send_probe
                0x10006410       0x34 CMakeFiles/UNISNES_RP2040.dir/lib/hoja-lib-rp2040/src/devices/n64.c.obj
                0x10006410                _n64_send_probe
 .text._n64_send_pak_write
                0x10006444       0x1c CMakeFiles/UNISNES_RP2040.dir/lib/hoja-lib-rp2040/src/devices/n64.c.obj
                0x10006444                _n64_send_pak_write
 .text._n64_send_poll
                0x10006460       0x5c CMakeFiles/UNISNES_RP2040.dir/lib/hoja-lib-rp2040/src/devices/n64.c.obj
                0x10006460                _n64_send_poll
 .text._n64_isr_handler
                0x100064bc       0x34 CMakeFiles/UNISNES_RP2040.dir/lib/hoja-lib-rp2040/src/devices/n64.c.obj
 .text._n64_reset_state
                0x100064f0       0x48 CMakeFiles/UNISNES_RP2040.dir/lib/hoja-lib-rp2040/src/devices/n64.c.obj
                0x100064f0                _n64_reset_state
 .text.n64_comms_task
                0x10006538      0x210 CMakeFiles/UNISNES_RP2040.dir/lib/hoja-lib-rp2040/src/devices/n64.c.obj
                0x10006538                n64_comms_task
 .text._nspi_isr_handler
                0x10006748       0x78 CMakeFiles/UNISNES_RP2040.dir/lib/hoja-lib-rp2040/src/devices/nspi.c.obj
 .text.nspi_init
                0x100067c0      0x2c4 CMakeFiles/UNISNES_RP2040.dir/lib/hoja-lib-rp2040/src/devices/nspi.c.obj
                0x100067c0                nspi_init
 .text.nspi_comms_task
                0x10006a84      0x190 CMakeFiles/UNISNES_RP2040.dir/lib/hoja-lib-rp2040/src/devices/nspi.c.obj
                0x10006a84                nspi_comms_task
 .text.swpro_hid_report
                0x10006c14      0x19c CMakeFiles/UNISNES_RP2040.dir/lib/hoja-lib-rp2040/src/devices/swpro.c.obj
                0x10006c14                swpro_hid_report
 .text.webusb_output_enabled
                0x10006db0        0xc CMakeFiles/UNISNES_RP2040.dir/lib/hoja-lib-rp2040/src/devices/webusb.c.obj
                0x10006db0                webusb_output_enabled
 .text.webusb_enable_output
                0x10006dbc        0xc CMakeFiles/UNISNES_RP2040.dir/lib/hoja-lib-rp2040/src/devices/webusb.c.obj
                0x10006dbc                webusb_enable_output
 .text.webusb_ready_blocking
                0x10006dc8       0x3e CMakeFiles/UNISNES_RP2040.dir/lib/hoja-lib-rp2040/src/devices/webusb.c.obj
                0x10006dc8                webusb_ready_blocking
 *fill*         0x10006e06        0x2 
 .text.webusb_input_report_task
                0x10006e08       0xd0 CMakeFiles/UNISNES_RP2040.dir/lib/hoja-lib-rp2040/src/devices/webusb.c.obj
                0x10006e08                webusb_input_report_task
 .text.webusb_save_confirm
                0x10006ed8       0x48 CMakeFiles/UNISNES_RP2040.dir/lib/hoja-lib-rp2040/src/devices/webusb.c.obj
                0x10006ed8                webusb_save_confirm
 .text.webusb_command_processor
                0x10006f20      0x708 CMakeFiles/UNISNES_RP2040.dir/lib/hoja-lib-rp2040/src/devices/webusb.c.obj
                0x10006f20                webusb_command_processor
 .text.sign_axis
                0x10007628       0x24 CMakeFiles/UNISNES_RP2040.dir/lib/hoja-lib-rp2040/src/devices/xinput.c.obj
                0x10007628                sign_axis
 .text.xinput_hid_report
                0x1000764c      0x17c CMakeFiles/UNISNES_RP2040.dir/lib/hoja-lib-rp2040/src/devices/xinput.c.obj
                0x1000764c                xinput_hid_report
 .text.btinput_get_version
                0x100077c8        0x8 CMakeFiles/UNISNES_RP2040.dir/lib/hoja-lib-rp2040/src/devices/btinput.c.obj
                0x100077c8                btinput_get_version
 .text.ds4_hid_report
                0x100077d0      0x1d4 CMakeFiles/UNISNES_RP2040.dir/lib/hoja-lib-rp2040/src/devices/ds4input.c.obj
                0x100077d0                ds4_hid_report
 .text.gpio_set_function
                0x100079a4       0x30 CMakeFiles/UNISNES_RP2040.dir/C_/Program_Files/Raspberry_Pi/Pico_SDK_v1.5.1/pico-sdk/src/rp2_common/hardware_gpio/gpio.c.obj
                0x100079a4                gpio_set_function
 .text.gpio_set_pulls
                0x100079d4       0x34 CMakeFiles/UNISNES_RP2040.dir/C_/Program_Files/Raspberry_Pi/Pico_SDK_v1.5.1/pico-sdk/src/rp2_common/hardware_gpio/gpio.c.obj
                0x100079d4                gpio_set_pulls
 .text.gpio_init
                0x10007a08       0x16 CMakeFiles/UNISNES_RP2040.dir/C_/Program_Files/Raspberry_Pi/Pico_SDK_v1.5.1/pico-sdk/src/rp2_common/hardware_gpio/gpio.c.obj
                0x10007a08                gpio_init
 *fill*         0x10007a1e        0x2 
 .text.running_on_fpga
                0x10007a20       0x14 CMakeFiles/UNISNES_RP2040.dir/C_/Program_Files/Raspberry_Pi/Pico_SDK_v1.5.1/pico-sdk/src/rp2_common/pico_platform/platform.c.obj
                0x10007a20                running_on_fpga
 .text.hw_claim_lock
                0x10007a34       0x18 CMakeFiles/UNISNES_RP2040.dir/C_/Program_Files/Raspberry_Pi/Pico_SDK_v1.5.1/pico-sdk/src/rp2_common/hardware_claim/claim.c.obj
                0x10007a34                hw_claim_lock
 .text.hw_claim_unlock
                0x10007a4c       0x14 CMakeFiles/UNISNES_RP2040.dir/C_/Program_Files/Raspberry_Pi/Pico_SDK_v1.5.1/pico-sdk/src/rp2_common/hardware_claim/claim.c.obj
                0x10007a4c                hw_claim_unlock
 .text.hw_claim_or_assert
                0x10007a60       0x32 CMakeFiles/UNISNES_RP2040.dir/C_/Program_Files/Raspberry_Pi/Pico_SDK_v1.5.1/pico-sdk/src/rp2_common/hardware_claim/claim.c.obj
                0x10007a60                hw_claim_or_assert
 .text.hw_claim_unused_from_range
                0x10007a92       0x50 CMakeFiles/UNISNES_RP2040.dir/C_/Program_Files/Raspberry_Pi/Pico_SDK_v1.5.1/pico-sdk/src/rp2_common/hardware_claim/claim.c.obj
                0x10007a92                hw_claim_unused_from_range
 *fill*         0x10007ae2        0x2 
 .text.spin_locks_reset
                0x10007ae4       0x20 CMakeFiles/UNISNES_RP2040.dir/C_/Program_Files/Raspberry_Pi/Pico_SDK_v1.5.1/pico-sdk/src/rp2_common/hardware_sync/sync.c.obj
                0x10007ae4                spin_locks_reset
 .text.next_striped_spin_lock_num
                0x10007b04       0x1c CMakeFiles/UNISNES_RP2040.dir/C_/Program_Files/Raspberry_Pi/Pico_SDK_v1.5.1/pico-sdk/src/rp2_common/hardware_sync/sync.c.obj
                0x10007b04                next_striped_spin_lock_num
 .text.spin_lock_claim_unused
                0x10007b20       0x20 CMakeFiles/UNISNES_RP2040.dir/C_/Program_Files/Raspberry_Pi/Pico_SDK_v1.5.1/pico-sdk/src/rp2_common/hardware_sync/sync.c.obj
                0x10007b20                spin_lock_claim_unused
 .text.set_raw_irq_handler_and_unlock
                0x10007b40       0x28 CMakeFiles/UNISNES_RP2040.dir/C_/Program_Files/Raspberry_Pi/Pico_SDK_v1.5.1/pico-sdk/src/rp2_common/hardware_irq/irq.c.obj
 .text.make_branch
                0x10007b68       0x48 CMakeFiles/UNISNES_RP2040.dir/C_/Program_Files/Raspberry_Pi/Pico_SDK_v1.5.1/pico-sdk/src/rp2_common/hardware_irq/irq.c.obj
 .text.insert_branch_and_link
                0x10007bb0       0x40 CMakeFiles/UNISNES_RP2040.dir/C_/Program_Files/Raspberry_Pi/Pico_SDK_v1.5.1/pico-sdk/src/rp2_common/hardware_irq/irq.c.obj
 .text.irq_is_enabled
                0x10007bf0       0x18 CMakeFiles/UNISNES_RP2040.dir/C_/Program_Files/Raspberry_Pi/Pico_SDK_v1.5.1/pico-sdk/src/rp2_common/hardware_irq/irq.c.obj
                0x10007bf0                irq_is_enabled
 .text.irq_set_mask_enabled
                0x10007c08       0x20 CMakeFiles/UNISNES_RP2040.dir/C_/Program_Files/Raspberry_Pi/Pico_SDK_v1.5.1/pico-sdk/src/rp2_common/hardware_irq/irq.c.obj
                0x10007c08                irq_set_mask_enabled
 .text.irq_set_enabled
                0x10007c28        0xe CMakeFiles/UNISNES_RP2040.dir/C_/Program_Files/Raspberry_Pi/Pico_SDK_v1.5.1/pico-sdk/src/rp2_common/hardware_irq/irq.c.obj
                0x10007c28                irq_set_enabled
 *fill*         0x10007c36        0x2 
 .text.irq_get_vtable_handler
                0x10007c38       0x10 CMakeFiles/UNISNES_RP2040.dir/C_/Program_Files/Raspberry_Pi/Pico_SDK_v1.5.1/pico-sdk/src/rp2_common/hardware_irq/irq.c.obj
                0x10007c38                irq_get_vtable_handler
 .text.irq_set_exclusive_handler
                0x10007c48       0x54 CMakeFiles/UNISNES_RP2040.dir/C_/Program_Files/Raspberry_Pi/Pico_SDK_v1.5.1/pico-sdk/src/rp2_common/hardware_irq/irq.c.obj
                0x10007c48                irq_set_exclusive_handler
 .text.irq_add_shared_handler
                0x10007c9c      0x234 CMakeFiles/UNISNES_RP2040.dir/C_/Program_Files/Raspberry_Pi/Pico_SDK_v1.5.1/pico-sdk/src/rp2_common/hardware_irq/irq.c.obj
                0x10007c9c                irq_add_shared_handler
 .text.irq_remove_handler
                0x10007ed0      0x1ac CMakeFiles/UNISNES_RP2040.dir/C_/Program_Files/Raspberry_Pi/Pico_SDK_v1.5.1/pico-sdk/src/rp2_common/hardware_irq/irq.c.obj
                0x10007ed0                irq_remove_handler
 .text.irq_add_tail_to_free_list
                0x1000807c       0xf0 CMakeFiles/UNISNES_RP2040.dir/C_/Program_Files/Raspberry_Pi/Pico_SDK_v1.5.1/pico-sdk/src/rp2_common/hardware_irq/irq.c.obj
                0x1000807c                irq_add_tail_to_free_list
 .text.irq_init_priorities
                0x1000816c       0x1c CMakeFiles/UNISNES_RP2040.dir/C_/Program_Files/Raspberry_Pi/Pico_SDK_v1.5.1/pico-sdk/src/rp2_common/hardware_irq/irq.c.obj
                0x1000816c                irq_init_priorities
 .text.lock_init
                0x10008188       0x10 CMakeFiles/UNISNES_RP2040.dir/C_/Program_Files/Raspberry_Pi/Pico_SDK_v1.5.1/pico-sdk/src/common/pico_sync/lock_core.c.obj
                0x10008188                lock_init
 .text.mutex_init
                0x10008198       0x1a CMakeFiles/UNISNES_RP2040.dir/C_/Program_Files/Raspberry_Pi/Pico_SDK_v1.5.1/pico-sdk/src/common/pico_sync/mutex.c.obj
                0x10008198                mutex_init
 .text.recursive_mutex_init
                0x100081b2       0x1e CMakeFiles/UNISNES_RP2040.dir/C_/Program_Files/Raspberry_Pi/Pico_SDK_v1.5.1/pico-sdk/src/common/pico_sync/mutex.c.obj
                0x100081b2                recursive_mutex_init
 .text.critical_section_init_with_lock_num
                0x100081d0       0x14 CMakeFiles/UNISNES_RP2040.dir/C_/Program_Files/Raspberry_Pi/Pico_SDK_v1.5.1/pico-sdk/src/common/pico_sync/critical_section.c.obj
                0x100081d0                critical_section_init_with_lock_num
 .text.critical_section_init
                0x100081e4       0x14 CMakeFiles/UNISNES_RP2040.dir/C_/Program_Files/Raspberry_Pi/Pico_SDK_v1.5.1/pico-sdk/src/common/pico_sync/critical_section.c.obj
                0x100081e4                critical_section_init
 .text.alarm_pool_post_alloc_init
                0x100081f8       0x40 CMakeFiles/UNISNES_RP2040.dir/C_/Program_Files/Raspberry_Pi/Pico_SDK_v1.5.1/pico-sdk/src/common/pico_time/time.c.obj
 .text.sleep_until_callback
                0x10008238       0x30 CMakeFiles/UNISNES_RP2040.dir/C_/Program_Files/Raspberry_Pi/Pico_SDK_v1.5.1/pico-sdk/src/common/pico_time/time.c.obj
 .text.timer_pool_entry_comparator
                0x10008268       0x7c CMakeFiles/UNISNES_RP2040.dir/C_/Program_Files/Raspberry_Pi/Pico_SDK_v1.5.1/pico-sdk/src/common/pico_time/time.c.obj
                0x10008268                timer_pool_entry_comparator
 .text.ph_add_child_node
                0x100082e4       0xa4 CMakeFiles/UNISNES_RP2040.dir/C_/Program_Files/Raspberry_Pi/Pico_SDK_v1.5.1/pico-sdk/src/common/pico_time/time.c.obj
 .text.ph_merge_nodes
                0x10008388       0x3e CMakeFiles/UNISNES_RP2040.dir/C_/Program_Files/Raspberry_Pi/Pico_SDK_v1.5.1/pico-sdk/src/common/pico_time/time.c.obj
 *fill*         0x100083c6        0x2 
 .text.add_alarm_under_lock
                0x100083c8      0x174 CMakeFiles/UNISNES_RP2040.dir/C_/Program_Files/Raspberry_Pi/Pico_SDK_v1.5.1/pico-sdk/src/common/pico_time/time.c.obj
 .text.alarm_pool_alarm_callback
                0x1000853c      0x33c CMakeFiles/UNISNES_RP2040.dir/C_/Program_Files/Raspberry_Pi/Pico_SDK_v1.5.1/pico-sdk/src/common/pico_time/time.c.obj
 .text.alarm_pool_init_default
                0x10008878       0x40 CMakeFiles/UNISNES_RP2040.dir/C_/Program_Files/Raspberry_Pi/Pico_SDK_v1.5.1/pico-sdk/src/common/pico_time/time.c.obj
                0x10008878                alarm_pool_init_default
 .text.alarm_pool_get_default
                0x100088b8       0x2c CMakeFiles/UNISNES_RP2040.dir/C_/Program_Files/Raspberry_Pi/Pico_SDK_v1.5.1/pico-sdk/src/common/pico_time/time.c.obj
                0x100088b8                alarm_pool_get_default
 .text.alarm_pool_add_alarm_at
                0x100088e4      0x168 CMakeFiles/UNISNES_RP2040.dir/C_/Program_Files/Raspberry_Pi/Pico_SDK_v1.5.1/pico-sdk/src/common/pico_time/time.c.obj
                0x100088e4                alarm_pool_add_alarm_at
 .text.alarm_pool_cancel_alarm
                0x10008a4c       0xf8 CMakeFiles/UNISNES_RP2040.dir/C_/Program_Files/Raspberry_Pi/Pico_SDK_v1.5.1/pico-sdk/src/common/pico_time/time.c.obj
                0x10008a4c                alarm_pool_cancel_alarm
 .text.sleep_until
                0x10008b44       0xfc CMakeFiles/UNISNES_RP2040.dir/C_/Program_Files/Raspberry_Pi/Pico_SDK_v1.5.1/pico-sdk/src/common/pico_time/time.c.obj
                0x10008b44                sleep_until
 .text.sleep_us
                0x10008c40       0x58 CMakeFiles/UNISNES_RP2040.dir/C_/Program_Files/Raspberry_Pi/Pico_SDK_v1.5.1/pico-sdk/src/common/pico_time/time.c.obj
                0x10008c40                sleep_us
 .text.sleep_ms
                0x10008c98       0x14 CMakeFiles/UNISNES_RP2040.dir/C_/Program_Files/Raspberry_Pi/Pico_SDK_v1.5.1/pico-sdk/src/common/pico_time/time.c.obj
                0x10008c98                sleep_ms
 .text.best_effort_wfe_or_timeout
                0x10008cac       0xac CMakeFiles/UNISNES_RP2040.dir/C_/Program_Files/Raspberry_Pi/Pico_SDK_v1.5.1/pico-sdk/src/common/pico_time/time.c.obj
                0x10008cac                best_effort_wfe_or_timeout
 .text.hardware_alarm_irq_handler
                0x10008d58       0x90 CMakeFiles/UNISNES_RP2040.dir/C_/Program_Files/Raspberry_Pi/Pico_SDK_v1.5.1/pico-sdk/src/rp2_common/hardware_timer/timer.c.obj
 .text.hardware_alarm_claim
                0x10008de8       0x18 CMakeFiles/UNISNES_RP2040.dir/C_/Program_Files/Raspberry_Pi/Pico_SDK_v1.5.1/pico-sdk/src/rp2_common/hardware_timer/timer.c.obj
                0x10008de8                hardware_alarm_claim
 .text.time_us_64
                0x10008e00       0x18 CMakeFiles/UNISNES_RP2040.dir/C_/Program_Files/Raspberry_Pi/Pico_SDK_v1.5.1/pico-sdk/src/rp2_common/hardware_timer/timer.c.obj
                0x10008e00                time_us_64
 .text.busy_wait_until
                0x10008e18       0x28 CMakeFiles/UNISNES_RP2040.dir/C_/Program_Files/Raspberry_Pi/Pico_SDK_v1.5.1/pico-sdk/src/rp2_common/hardware_timer/timer.c.obj
                0x10008e18                busy_wait_until
 .text.busy_wait_us
                0x10008e40       0x48 CMakeFiles/UNISNES_RP2040.dir/C_/Program_Files/Raspberry_Pi/Pico_SDK_v1.5.1/pico-sdk/src/rp2_common/hardware_timer/timer.c.obj
                0x10008e40                busy_wait_us
 .text.hardware_alarm_set_callback
                0x10008e88       0x90 CMakeFiles/UNISNES_RP2040.dir/C_/Program_Files/Raspberry_Pi/Pico_SDK_v1.5.1/pico-sdk/src/rp2_common/hardware_timer/timer.c.obj
                0x10008e88                hardware_alarm_set_callback
 .text.hardware_alarm_set_target
                0x10008f18       0xe8 CMakeFiles/UNISNES_RP2040.dir/C_/Program_Files/Raspberry_Pi/Pico_SDK_v1.5.1/pico-sdk/src/rp2_common/hardware_timer/timer.c.obj
                0x10008f18                hardware_alarm_set_target
 .text.hardware_alarm_cancel
                0x10009000       0x40 CMakeFiles/UNISNES_RP2040.dir/C_/Program_Files/Raspberry_Pi/Pico_SDK_v1.5.1/pico-sdk/src/rp2_common/hardware_timer/timer.c.obj
                0x10009000                hardware_alarm_cancel
 .text.ph_add_child_node
                0x10009040       0xa4 CMakeFiles/UNISNES_RP2040.dir/C_/Program_Files/Raspberry_Pi/Pico_SDK_v1.5.1/pico-sdk/src/common/pico_util/pheap.c.obj
 .text.ph_merge_nodes
                0x100090e4       0x3e CMakeFiles/UNISNES_RP2040.dir/C_/Program_Files/Raspberry_Pi/Pico_SDK_v1.5.1/pico-sdk/src/common/pico_util/pheap.c.obj
 *fill*         0x10009122        0x2 
 .text.ph_clear
                0x10009124       0x70 CMakeFiles/UNISNES_RP2040.dir/C_/Program_Files/Raspberry_Pi/Pico_SDK_v1.5.1/pico-sdk/src/common/pico_util/pheap.c.obj
                0x10009124                ph_clear
 .text.ph_post_alloc_init
                0x10009194        0xe CMakeFiles/UNISNES_RP2040.dir/C_/Program_Files/Raspberry_Pi/Pico_SDK_v1.5.1/pico-sdk/src/common/pico_util/pheap.c.obj
                0x10009194                ph_post_alloc_init
 *fill*         0x100091a2        0x2 
 .text.ph_merge_two_pass
                0x100091a4       0xa8 CMakeFiles/UNISNES_RP2040.dir/C_/Program_Files/Raspberry_Pi/Pico_SDK_v1.5.1/pico-sdk/src/common/pico_util/pheap.c.obj
                0x100091a4                ph_merge_two_pass
 .text.ph_remove_any_head
                0x1000924c      0x128 CMakeFiles/UNISNES_RP2040.dir/C_/Program_Files/Raspberry_Pi/Pico_SDK_v1.5.1/pico-sdk/src/common/pico_util/pheap.c.obj
 .text.ph_remove_head
                0x10009374       0x14 CMakeFiles/UNISNES_RP2040.dir/C_/Program_Files/Raspberry_Pi/Pico_SDK_v1.5.1/pico-sdk/src/common/pico_util/pheap.c.obj
                0x10009374                ph_remove_head
 .text.ph_remove_and_free_node
                0x10009388       0xf8 CMakeFiles/UNISNES_RP2040.dir/C_/Program_Files/Raspberry_Pi/Pico_SDK_v1.5.1/pico-sdk/src/common/pico_util/pheap.c.obj
                0x10009388                ph_remove_and_free_node
 .text.uart_disable_before_lcr_write
                0x10009480       0x48 CMakeFiles/UNISNES_RP2040.dir/C_/Program_Files/Raspberry_Pi/Pico_SDK_v1.5.1/pico-sdk/src/rp2_common/hardware_uart/uart.c.obj
 .text.uart_write_lcr_bits_masked
                0x100094c8       0x22 CMakeFiles/UNISNES_RP2040.dir/C_/Program_Files/Raspberry_Pi/Pico_SDK_v1.5.1/pico-sdk/src/rp2_common/hardware_uart/uart.c.obj
 *fill*         0x100094ea        0x2 
 .text.uart_set_baudrate
                0x100094ec       0x5c CMakeFiles/UNISNES_RP2040.dir/C_/Program_Files/Raspberry_Pi/Pico_SDK_v1.5.1/pico-sdk/src/rp2_common/hardware_uart/uart.c.obj
                0x100094ec                uart_set_baudrate
 .text.uart_set_format
                0x10009548       0x2c CMakeFiles/UNISNES_RP2040.dir/C_/Program_Files/Raspberry_Pi/Pico_SDK_v1.5.1/pico-sdk/src/rp2_common/hardware_uart/uart.c.obj
                0x10009548                uart_set_format
 .text.uart_set_translate_crlf
                0x10009574       0x28 CMakeFiles/UNISNES_RP2040.dir/C_/Program_Files/Raspberry_Pi/Pico_SDK_v1.5.1/pico-sdk/src/rp2_common/hardware_uart/uart.c.obj
                0x10009574                uart_set_translate_crlf
 .text.uart_init
                0x1000959c       0x80 CMakeFiles/UNISNES_RP2040.dir/C_/Program_Files/Raspberry_Pi/Pico_SDK_v1.5.1/pico-sdk/src/rp2_common/hardware_uart/uart.c.obj
                0x1000959c                uart_init
 .text.clock_configure
                0x1000961c      0x108 CMakeFiles/UNISNES_RP2040.dir/C_/Program_Files/Raspberry_Pi/Pico_SDK_v1.5.1/pico-sdk/src/rp2_common/hardware_clocks/clocks.c.obj
                0x1000961c                clock_configure
 .text.clocks_init
                0x10009724      0x100 CMakeFiles/UNISNES_RP2040.dir/C_/Program_Files/Raspberry_Pi/Pico_SDK_v1.5.1/pico-sdk/src/rp2_common/hardware_clocks/clocks.c.obj
                0x10009724                clocks_init
 .text.clock_get_hz
                0x10009824        0xc CMakeFiles/UNISNES_RP2040.dir/C_/Program_Files/Raspberry_Pi/Pico_SDK_v1.5.1/pico-sdk/src/rp2_common/hardware_clocks/clocks.c.obj
                0x10009824                clock_get_hz
 .text.pll_init
                0x10009830      0x120 CMakeFiles/UNISNES_RP2040.dir/C_/Program_Files/Raspberry_Pi/Pico_SDK_v1.5.1/pico-sdk/src/rp2_common/hardware_pll/pll.c.obj
                0x10009830                pll_init
 .text.watchdog_start_tick
                0x10009950       0x10 CMakeFiles/UNISNES_RP2040.dir/C_/Program_Files/Raspberry_Pi/Pico_SDK_v1.5.1/pico-sdk/src/rp2_common/hardware_watchdog/watchdog.c.obj
                0x10009950                watchdog_start_tick
 .text.watchdog_update
                0x10009960       0x14 CMakeFiles/UNISNES_RP2040.dir/C_/Program_Files/Raspberry_Pi/Pico_SDK_v1.5.1/pico-sdk/src/rp2_common/hardware_watchdog/watchdog.c.obj
                0x10009960                watchdog_update
 .text._watchdog_enable
                0x10009974       0x78 CMakeFiles/UNISNES_RP2040.dir/C_/Program_Files/Raspberry_Pi/Pico_SDK_v1.5.1/pico-sdk/src/rp2_common/hardware_watchdog/watchdog.c.obj
                0x10009974                _watchdog_enable
 .text.watchdog_enable
                0x100099ec       0x18 CMakeFiles/UNISNES_RP2040.dir/C_/Program_Files/Raspberry_Pi/Pico_SDK_v1.5.1/pico-sdk/src/rp2_common/hardware_watchdog/watchdog.c.obj
                0x100099ec                watchdog_enable
 .text.watchdog_reboot
                0x10009a04       0x48 CMakeFiles/UNISNES_RP2040.dir/C_/Program_Files/Raspberry_Pi/Pico_SDK_v1.5.1/pico-sdk/src/rp2_common/hardware_watchdog/watchdog.c.obj
                0x10009a04                watchdog_reboot
 .text.xosc_init
                0x10009a4c       0x2c CMakeFiles/UNISNES_RP2040.dir/C_/Program_Files/Raspberry_Pi/Pico_SDK_v1.5.1/pico-sdk/src/rp2_common/hardware_xosc/xosc.c.obj
                0x10009a4c                xosc_init
 .text._exit    0x10009a78        0x4 CMakeFiles/UNISNES_RP2040.dir/C_/Program_Files/Raspberry_Pi/Pico_SDK_v1.5.1/pico-sdk/src/rp2_common/pico_runtime/runtime.c.obj
                0x10009a78                _exit
 .text.exit     0x10009a7c        0x6 CMakeFiles/UNISNES_RP2040.dir/C_/Program_Files/Raspberry_Pi/Pico_SDK_v1.5.1/pico-sdk/src/rp2_common/pico_runtime/runtime.c.obj
                0x10009a7c                exit
 *fill*         0x10009a82        0x2 
 .text.__assert_func
                0x10009a84       0x3c CMakeFiles/UNISNES_RP2040.dir/C_/Program_Files/Raspberry_Pi/Pico_SDK_v1.5.1/pico-sdk/src/rp2_common/pico_runtime/runtime.c.obj
                0x10009a84                __assert_func
 .text.runtime_init
                0x10009ac0       0xf8 CMakeFiles/UNISNES_RP2040.dir/C_/Program_Files/Raspberry_Pi/Pico_SDK_v1.5.1/pico-sdk/src/rp2_common/pico_runtime/runtime.c.obj
                0x10009ac0                runtime_init
 .text.panic    0x10009bb8       0x30 CMakeFiles/UNISNES_RP2040.dir/C_/Program_Files/Raspberry_Pi/Pico_SDK_v1.5.1/pico-sdk/src/rp2_common/pico_runtime/runtime.c.obj
                0x10009bb8                panic
 .text._out_null
                0x10009be8        0x2 CMakeFiles/UNISNES_RP2040.dir/C_/Program_Files/Raspberry_Pi/Pico_SDK_v1.5.1/pico-sdk/src/rp2_common/pico_printf/printf.c.obj
 .text._out_fct
                0x10009bea        0xe CMakeFiles/UNISNES_RP2040.dir/C_/Program_Files/Raspberry_Pi/Pico_SDK_v1.5.1/pico-sdk/src/rp2_common/pico_printf/printf.c.obj
 .text._atoi    0x10009bf8       0x24 CMakeFiles/UNISNES_RP2040.dir/C_/Program_Files/Raspberry_Pi/Pico_SDK_v1.5.1/pico-sdk/src/rp2_common/pico_printf/printf.c.obj
 .text._out_rev
                0x10009c1c       0xae CMakeFiles/UNISNES_RP2040.dir/C_/Program_Files/Raspberry_Pi/Pico_SDK_v1.5.1/pico-sdk/src/rp2_common/pico_printf/printf.c.obj
 .text._ntoa_format
                0x10009cca      0x112 CMakeFiles/UNISNES_RP2040.dir/C_/Program_Files/Raspberry_Pi/Pico_SDK_v1.5.1/pico-sdk/src/rp2_common/pico_printf/printf.c.obj
 .text._ntoa_long
                0x10009ddc       0xbc CMakeFiles/UNISNES_RP2040.dir/C_/Program_Files/Raspberry_Pi/Pico_SDK_v1.5.1/pico-sdk/src/rp2_common/pico_printf/printf.c.obj
 .text._ntoa_long_long
                0x10009e98       0xe2 CMakeFiles/UNISNES_RP2040.dir/C_/Program_Files/Raspberry_Pi/Pico_SDK_v1.5.1/pico-sdk/src/rp2_common/pico_printf/printf.c.obj
 *fill*         0x10009f7a        0x2 
 .text._etoa    0x10009f7c      0x414 CMakeFiles/UNISNES_RP2040.dir/C_/Program_Files/Raspberry_Pi/Pico_SDK_v1.5.1/pico-sdk/src/rp2_common/pico_printf/printf.c.obj
 .text._ftoa    0x1000a390      0x354 CMakeFiles/UNISNES_RP2040.dir/C_/Program_Files/Raspberry_Pi/Pico_SDK_v1.5.1/pico-sdk/src/rp2_common/pico_printf/printf.c.obj
 .text._vsnprintf
                0x1000a6e4      0x624 CMakeFiles/UNISNES_RP2040.dir/C_/Program_Files/Raspberry_Pi/Pico_SDK_v1.5.1/pico-sdk/src/rp2_common/pico_printf/printf.c.obj
 .text.vfctprintf
                0x1000ad08       0x20 CMakeFiles/UNISNES_RP2040.dir/C_/Program_Files/Raspberry_Pi/Pico_SDK_v1.5.1/pico-sdk/src/rp2_common/pico_printf/printf.c.obj
                0x1000ad08                vfctprintf
 .text          0x1000ad28       0x10 CMakeFiles/UNISNES_RP2040.dir/C_/Program_Files/Raspberry_Pi/Pico_SDK_v1.5.1/pico-sdk/src/rp2_common/pico_bit_ops/bit_ops_aeabi.S.obj
 .text.rom_func_lookup
                0x1000ad38       0x10 CMakeFiles/UNISNES_RP2040.dir/C_/Program_Files/Raspberry_Pi/Pico_SDK_v1.5.1/pico-sdk/src/rp2_common/pico_bootrom/bootrom.c.obj
                0x1000ad38                rom_func_lookup
 .text.rom_data_lookup
                0x1000ad48       0x10 CMakeFiles/UNISNES_RP2040.dir/C_/Program_Files/Raspberry_Pi/Pico_SDK_v1.5.1/pico-sdk/src/rp2_common/pico_bootrom/bootrom.c.obj
                0x1000ad48                rom_data_lookup
 .text.rom_funcs_lookup
                0x1000ad58       0x36 CMakeFiles/UNISNES_RP2040.dir/C_/Program_Files/Raspberry_Pi/Pico_SDK_v1.5.1/pico-sdk/src/rp2_common/pico_bootrom/bootrom.c.obj
                0x1000ad58                rom_funcs_lookup
 *fill*         0x1000ad8e        0x2 
 .text.__wrap___aeabi_idiv
                0x1000ad90       0x50 CMakeFiles/UNISNES_RP2040.dir/C_/Program_Files/Raspberry_Pi/Pico_SDK_v1.5.1/pico-sdk/src/rp2_common/pico_divider/divider.S.obj
                0x1000ad90                __wrap___aeabi_idivmod
                0x1000ad90                divmod_s32s32
                0x1000ad90                div_s32s32
                0x1000ad90                __wrap___aeabi_idiv
                0x1000ad98                divmod_s32s32_unsafe
                0x1000adc4                divmod_s32s32_savestate
 .text.__wrap___aeabi_uidiv
                0x1000ade0       0x4c CMakeFiles/UNISNES_RP2040.dir/C_/Program_Files/Raspberry_Pi/Pico_SDK_v1.5.1/pico-sdk/src/rp2_common/pico_divider/divider.S.obj
                0x1000ade0                __wrap___aeabi_uidiv
                0x1000ade0                __wrap___aeabi_uidivmod
                0x1000ade0                div_u32u32
                0x1000ade0                divmod_u32u32
                0x1000ade8                divmod_u32u32_unsafe
                0x1000ae10                divmod_u32u32_savestate
 .text.__wrap___aeabi_ldiv
                0x1000ae2c      0x424 CMakeFiles/UNISNES_RP2040.dir/C_/Program_Files/Raspberry_Pi/Pico_SDK_v1.5.1/pico-sdk/src/rp2_common/pico_divider/divider.S.obj
                0x1000ae2c                div_s64s64
                0x1000ae2c                divmod_s64s64
                0x1000ae2c                __wrap___aeabi_ldivmod
                0x1000ae5c                divmod_u64u64
                0x1000ae5c                div_u64u64
                0x1000ae5c                __wrap___aeabi_uldivmod
                0x1000ae6c                divmod_u64u64_savestate
                0x1000ae8c                divmod_s64s64_unsafe
                0x1000af14                divmod_u64u64_unsafe
 .text.push_r8_r11
                0x1000b250        0xc CMakeFiles/UNISNES_RP2040.dir/C_/Program_Files/Raspberry_Pi/Pico_SDK_v1.5.1/pico-sdk/src/rp2_common/pico_double/double_aeabi.S.obj
                0x1000b250                push_r8_r11
 .text.pop_r8_r11
                0x1000b25c        0xc CMakeFiles/UNISNES_RP2040.dir/C_/Program_Files/Raspberry_Pi/Pico_SDK_v1.5.1/pico-sdk/src/rp2_common/pico_double/double_aeabi.S.obj
                0x1000b25c                pop_r8_r11
 .text.__wrap___aeabi_darithmetic
                0x1000b268       0x80 CMakeFiles/UNISNES_RP2040.dir/C_/Program_Files/Raspberry_Pi/Pico_SDK_v1.5.1/pico-sdk/src/rp2_common/pico_double/double_aeabi.S.obj
                0x1000b268                __wrap___aeabi_drsub
                0x1000b26e                __wrap___aeabi_dsub
                0x1000b280                __wrap___aeabi_dadd
                0x1000b292                __wrap___aeabi_ddiv
                0x1000b2ce                __wrap___aeabi_dmul
 .text.__wrap___aeabi_cdcmple
                0x1000b2e8       0x6c CMakeFiles/UNISNES_RP2040.dir/C_/Program_Files/Raspberry_Pi/Pico_SDK_v1.5.1/pico-sdk/src/rp2_common/pico_double/double_aeabi.S.obj
                0x1000b2e8                __wrap___aeabi_cdrcmple
                0x1000b2f8                __wrap___aeabi_cdcmpeq
                0x1000b2f8                __wrap___aeabi_cdcmple
 .text.__wrap___aeabi_dcmplt
                0x1000b354        0xc CMakeFiles/UNISNES_RP2040.dir/C_/Program_Files/Raspberry_Pi/Pico_SDK_v1.5.1/pico-sdk/src/rp2_common/pico_double/double_aeabi.S.obj
                0x1000b354                __wrap___aeabi_dcmplt
 .text.__wrap___aeabi_dcmple
                0x1000b360       0x10 CMakeFiles/UNISNES_RP2040.dir/C_/Program_Files/Raspberry_Pi/Pico_SDK_v1.5.1/pico-sdk/src/rp2_common/pico_double/double_aeabi.S.obj
                0x1000b360                __wrap___aeabi_dcmple
 .text.__wrap___aeabi_dcmpge
                0x1000b370       0x10 CMakeFiles/UNISNES_RP2040.dir/C_/Program_Files/Raspberry_Pi/Pico_SDK_v1.5.1/pico-sdk/src/rp2_common/pico_double/double_aeabi.S.obj
                0x1000b370                __wrap___aeabi_dcmpge
 .text.__wrap___aeabi_dcmpgt
                0x1000b380        0xa CMakeFiles/UNISNES_RP2040.dir/C_/Program_Files/Raspberry_Pi/Pico_SDK_v1.5.1/pico-sdk/src/rp2_common/pico_double/double_aeabi.S.obj
                0x1000b380                __wrap___aeabi_dcmpgt
 .text.__wrap___aeabi_dcmpun
                0x1000b38a       0x1c CMakeFiles/UNISNES_RP2040.dir/C_/Program_Files/Raspberry_Pi/Pico_SDK_v1.5.1/pico-sdk/src/rp2_common/pico_double/double_aeabi.S.obj
                0x1000b38a                __wrap___aeabi_dcmpun
 *fill*         0x1000b3a6        0x2 
 .text.__wrap___aeabi_i2d
                0x1000b3a8       0x38 CMakeFiles/UNISNES_RP2040.dir/C_/Program_Files/Raspberry_Pi/Pico_SDK_v1.5.1/pico-sdk/src/rp2_common/pico_double/double_aeabi.S.obj
                0x1000b3a8                __wrap___aeabi_ui2d
                0x1000b3b0                __wrap___aeabi_i2d
 .text.__wrap___aeabi_d2iz
                0x1000b3e0       0x48 CMakeFiles/UNISNES_RP2040.dir/C_/Program_Files/Raspberry_Pi/Pico_SDK_v1.5.1/pico-sdk/src/rp2_common/pico_double/double_aeabi.S.obj
                0x1000b3e0                double2int_z
                0x1000b3e0                __wrap___aeabi_d2iz
 .text.__wrap___aeabi_d2uiz
                0x1000b428       0x18 CMakeFiles/UNISNES_RP2040.dir/C_/Program_Files/Raspberry_Pi/Pico_SDK_v1.5.1/pico-sdk/src/rp2_common/pico_double/double_aeabi.S.obj
                0x1000b428                __wrap___aeabi_d2uiz
                0x1000b428                double2uint
 .text.fix642double
                0x1000b440       0x18 CMakeFiles/UNISNES_RP2040.dir/C_/Program_Files/Raspberry_Pi/Pico_SDK_v1.5.1/pico-sdk/src/rp2_common/pico_double/double_aeabi.S.obj
                0x1000b440                fix642double
 .text.__wrap___aeabi_d2f
                0x1000b458       0x18 CMakeFiles/UNISNES_RP2040.dir/C_/Program_Files/Raspberry_Pi/Pico_SDK_v1.5.1/pico-sdk/src/rp2_common/pico_double/double_aeabi.S.obj
                0x1000b458                __wrap___aeabi_d2f
 .text.__wrap_sincostan_remainder
                0x1000b470       0x14 CMakeFiles/UNISNES_RP2040.dir/C_/Program_Files/Raspberry_Pi/Pico_SDK_v1.5.1/pico-sdk/src/rp2_common/pico_double/double_aeabi.S.obj
                0x1000b470                sincostan_remainder
 .text.__wrap_cos
                0x1000b484       0x2c CMakeFiles/UNISNES_RP2040.dir/C_/Program_Files/Raspberry_Pi/Pico_SDK_v1.5.1/pico-sdk/src/rp2_common/pico_double/double_aeabi.S.obj
                0x1000b484                __wrap_cos
 .text.__wrap_sin
                0x1000b4b0       0x2c CMakeFiles/UNISNES_RP2040.dir/C_/Program_Files/Raspberry_Pi/Pico_SDK_v1.5.1/pico-sdk/src/rp2_common/pico_double/double_aeabi.S.obj
                0x1000b4b0                __wrap_sin
 .text.__wrap_exp
                0x1000b4dc       0x18 CMakeFiles/UNISNES_RP2040.dir/C_/Program_Files/Raspberry_Pi/Pico_SDK_v1.5.1/pico-sdk/src/rp2_common/pico_double/double_aeabi.S.obj
                0x1000b4dc                __wrap_exp
 .text.__wrap_log
                0x1000b4f4       0x18 CMakeFiles/UNISNES_RP2040.dir/C_/Program_Files/Raspberry_Pi/Pico_SDK_v1.5.1/pico-sdk/src/rp2_common/pico_double/double_aeabi.S.obj
                0x1000b4f4                __wrap_log
 .text.__aeabi_double_init
                0x1000b50c       0xc8 CMakeFiles/UNISNES_RP2040.dir/C_/Program_Files/Raspberry_Pi/Pico_SDK_v1.5.1/pico-sdk/src/rp2_common/pico_double/double_init_rom.c.obj
                0x1000b50c                __aeabi_double_init
 .text.drem_0   0x1000b5d4      0x130 CMakeFiles/UNISNES_RP2040.dir/C_/Program_Files/Raspberry_Pi/Pico_SDK_v1.5.1/pico-sdk/src/rp2_common/pico_double/double_math.c.obj
 .text.__wrap_fmod
                0x1000b704       0xa8 CMakeFiles/UNISNES_RP2040.dir/C_/Program_Files/Raspberry_Pi/Pico_SDK_v1.5.1/pico-sdk/src/rp2_common/pico_double/double_math.c.obj
                0x1000b704                __wrap_fmod
 .text.__wrap_remquo
                0x1000b7ac      0x17c CMakeFiles/UNISNES_RP2040.dir/C_/Program_Files/Raspberry_Pi/Pico_SDK_v1.5.1/pico-sdk/src/rp2_common/pico_double/double_math.c.obj
                0x1000b7ac                __wrap_remquo
 .text.__wrap_remainder
                0x1000b928       0x10 CMakeFiles/UNISNES_RP2040.dir/C_/Program_Files/Raspberry_Pi/Pico_SDK_v1.5.1/pico-sdk/src/rp2_common/pico_double/double_math.c.obj
                0x1000b928                __wrap_remainder
 .text.double_table_shim_on_use_helper
                0x1000b938       0x34 CMakeFiles/UNISNES_RP2040.dir/C_/Program_Files/Raspberry_Pi/Pico_SDK_v1.5.1/pico-sdk/src/rp2_common/pico_double/double_v1_rom_shim.S.obj
                0x1000b938                double_table_shim_on_use_helper
 .text.__wrap___aeabi_dsub
                0x1000b96c       0x10 CMakeFiles/UNISNES_RP2040.dir/C_/Program_Files/Raspberry_Pi/Pico_SDK_v1.5.1/pico-sdk/src/rp2_common/pico_double/double_v1_rom_shim.S.obj
                0x1000b96c                drsub_shim
                0x1000b972                dsub_shim
 .text.dadd_shim
                0x1000b97c      0x15c CMakeFiles/UNISNES_RP2040.dir/C_/Program_Files/Raspberry_Pi/Pico_SDK_v1.5.1/pico-sdk/src/rp2_common/pico_double/double_v1_rom_shim.S.obj
                0x1000b97c                dadd_shim
 .text.dmul_shim
                0x1000bad8      0x15c CMakeFiles/UNISNES_RP2040.dir/C_/Program_Files/Raspberry_Pi/Pico_SDK_v1.5.1/pico-sdk/src/rp2_common/pico_double/double_v1_rom_shim.S.obj
                0x1000bad8                dmul_shim
 .text.ddiv_shim
                0x1000bc34      0x1b0 CMakeFiles/UNISNES_RP2040.dir/C_/Program_Files/Raspberry_Pi/Pico_SDK_v1.5.1/pico-sdk/src/rp2_common/pico_double/double_v1_rom_shim.S.obj
                0x1000bc34                ddiv_shim
 .text.dcordic_vec_step
                0x1000bde4        0xe CMakeFiles/UNISNES_RP2040.dir/C_/Program_Files/Raspberry_Pi/Pico_SDK_v1.5.1/pico-sdk/src/rp2_common/pico_double/double_v1_rom_shim.S.obj
                0x1000bde4                dcordic_vec_step
 .text.dcordic_rot_step
                0x1000bdf2       0x76 CMakeFiles/UNISNES_RP2040.dir/C_/Program_Files/Raspberry_Pi/Pico_SDK_v1.5.1/pico-sdk/src/rp2_common/pico_double/double_v1_rom_shim.S.obj
                0x1000bdf2                dcordic_rot_step
 .text.double2uint_shim
                0x1000be68        0xe CMakeFiles/UNISNES_RP2040.dir/C_/Program_Files/Raspberry_Pi/Pico_SDK_v1.5.1/pico-sdk/src/rp2_common/pico_double/double_v1_rom_shim.S.obj
                0x1000be68                double2uint_shim
                0x1000be6a                double2ufix_shim
 .text.double2int64_shim
                0x1000be76       0x1a CMakeFiles/UNISNES_RP2040.dir/C_/Program_Files/Raspberry_Pi/Pico_SDK_v1.5.1/pico-sdk/src/rp2_common/pico_double/double_v1_rom_shim.S.obj
                0x1000be76                double2int64_shim
                0x1000be78                double2fix64_shim
 .text.double2uint64_shim
                0x1000be90       0x70 CMakeFiles/UNISNES_RP2040.dir/C_/Program_Files/Raspberry_Pi/Pico_SDK_v1.5.1/pico-sdk/src/rp2_common/pico_double/double_v1_rom_shim.S.obj
                0x1000be90                double2uint64_shim
                0x1000be92                double2ufix64_shim
                0x1000beb2                d2fix_a
 .text.double2float_shim
                0x1000bf00       0x5c CMakeFiles/UNISNES_RP2040.dir/C_/Program_Files/Raspberry_Pi/Pico_SDK_v1.5.1/pico-sdk/src/rp2_common/pico_double/double_v1_rom_shim.S.obj
                0x1000bf00                double2float_shim
 .text.x2double_shims
                0x1000bf5c       0x90 CMakeFiles/UNISNES_RP2040.dir/C_/Program_Files/Raspberry_Pi/Pico_SDK_v1.5.1/pico-sdk/src/rp2_common/pico_double/double_v1_rom_shim.S.obj
                0x1000bf5c                uint2double_shim
                0x1000bf5e                ufix2double_shim
                0x1000bf64                int2double_shim
                0x1000bf66                fix2double_shim
                0x1000bf6c                uint642double_shim
                0x1000bf6e                ufix642double_shim
                0x1000bf74                int642double_shim
                0x1000bf76                fix642double_shim
 .text.dunpacks
                0x1000bfec       0x3c CMakeFiles/UNISNES_RP2040.dir/C_/Program_Files/Raspberry_Pi/Pico_SDK_v1.5.1/pico-sdk/src/rp2_common/pico_double/double_v1_rom_shim.S.obj
                0x1000bfec                dunpacks
 .text.dreduce  0x1000c028       0x82 CMakeFiles/UNISNES_RP2040.dir/C_/Program_Files/Raspberry_Pi/Pico_SDK_v1.5.1/pico-sdk/src/rp2_common/pico_double/double_v1_rom_shim.S.obj
                0x1000c028                dreduce
 .text.dcos_shim
                0x1000c0aa       0x10 CMakeFiles/UNISNES_RP2040.dir/C_/Program_Files/Raspberry_Pi/Pico_SDK_v1.5.1/pico-sdk/src/rp2_common/pico_double/double_v1_rom_shim.S.obj
                0x1000c0aa                dcos_shim
 .text.dsin_shim
                0x1000c0ba       0x14 CMakeFiles/UNISNES_RP2040.dir/C_/Program_Files/Raspberry_Pi/Pico_SDK_v1.5.1/pico-sdk/src/rp2_common/pico_double/double_v1_rom_shim.S.obj
                0x1000c0ba                dsin_shim
 *fill*         0x1000c0ce        0x2 
 .text.dtrig_guts
                0x1000c0d0      0x2ec CMakeFiles/UNISNES_RP2040.dir/C_/Program_Files/Raspberry_Pi/Pico_SDK_v1.5.1/pico-sdk/src/rp2_common/pico_double/double_v1_rom_shim.S.obj
                0x1000c1a8                datan2_shim
 .text.dexp_guts
                0x1000c3bc      0x268 CMakeFiles/UNISNES_RP2040.dir/C_/Program_Files/Raspberry_Pi/Pico_SDK_v1.5.1/pico-sdk/src/rp2_common/pico_double/double_v1_rom_shim.S.obj
                0x1000c3bc                dexp_shim
                0x1000c458                dln_shim
 .text.__aeabi_lmul
                0x1000c624       0x32 CMakeFiles/UNISNES_RP2040.dir/C_/Program_Files/Raspberry_Pi/Pico_SDK_v1.5.1/pico-sdk/src/rp2_common/pico_int64_ops/pico_int64_ops_aeabi.S.obj
                0x1000c624                __wrap___aeabi_lmul
 *fill*         0x1000c656        0x2 
 .text.__wrap___aeabi_farithmetic
                0x1000c658       0x58 CMakeFiles/UNISNES_RP2040.dir/C_/Program_Files/Raspberry_Pi/Pico_SDK_v1.5.1/pico-sdk/src/rp2_common/pico_float/float_aeabi.S.obj
                0x1000c658                __wrap___aeabi_frsub
                0x1000c65e                __wrap___aeabi_fsub
                0x1000c668                __wrap___aeabi_fadd
                0x1000c672                __wrap___aeabi_fdiv
                0x1000c69e                __wrap___aeabi_fmul
 .text.__wrap___aeabi_cfcmple
                0x1000c6b0       0x50 CMakeFiles/UNISNES_RP2040.dir/C_/Program_Files/Raspberry_Pi/Pico_SDK_v1.5.1/pico-sdk/src/rp2_common/pico_float/float_aeabi.S.obj
                0x1000c6b0                __wrap___aeabi_cfrcmple
                0x1000c6bc                __wrap___aeabi_cfcmple
                0x1000c6bc                __wrap___aeabi_cfcmpeq
 .text.__wrap___aeabi_fcmpeq
                0x1000c700       0x10 CMakeFiles/UNISNES_RP2040.dir/C_/Program_Files/Raspberry_Pi/Pico_SDK_v1.5.1/pico-sdk/src/rp2_common/pico_float/float_aeabi.S.obj
                0x1000c700                __wrap___aeabi_fcmpeq
 .text.__wrap___aeabi_fcmplt
                0x1000c710        0xc CMakeFiles/UNISNES_RP2040.dir/C_/Program_Files/Raspberry_Pi/Pico_SDK_v1.5.1/pico-sdk/src/rp2_common/pico_float/float_aeabi.S.obj
                0x1000c710                __wrap___aeabi_fcmplt
 .text.__wrap___aeabi_fcmple
                0x1000c71c       0x10 CMakeFiles/UNISNES_RP2040.dir/C_/Program_Files/Raspberry_Pi/Pico_SDK_v1.5.1/pico-sdk/src/rp2_common/pico_float/float_aeabi.S.obj
                0x1000c71c                __wrap___aeabi_fcmple
 .text.__wrap___aeabi_fcmpge
                0x1000c72c       0x10 CMakeFiles/UNISNES_RP2040.dir/C_/Program_Files/Raspberry_Pi/Pico_SDK_v1.5.1/pico-sdk/src/rp2_common/pico_float/float_aeabi.S.obj
                0x1000c72c                __wrap___aeabi_fcmpge
 .text.__wrap___aeabi_fcmpgt
                0x1000c73c        0xa CMakeFiles/UNISNES_RP2040.dir/C_/Program_Files/Raspberry_Pi/Pico_SDK_v1.5.1/pico-sdk/src/rp2_common/pico_float/float_aeabi.S.obj
                0x1000c73c                __wrap___aeabi_fcmpgt
 .text.__wrap___aeabi_ui2f
                0x1000c746        0xa CMakeFiles/UNISNES_RP2040.dir/C_/Program_Files/Raspberry_Pi/Pico_SDK_v1.5.1/pico-sdk/src/rp2_common/pico_float/float_aeabi.S.obj
                0x1000c746                __wrap___aeabi_ui2f
 .text.__wrap___aeabi_i2f
                0x1000c750       0x44 CMakeFiles/UNISNES_RP2040.dir/C_/Program_Files/Raspberry_Pi/Pico_SDK_v1.5.1/pico-sdk/src/rp2_common/pico_float/float_aeabi.S.obj
                0x1000c750                __wrap___aeabi_i2f
 .text.__wrap___aeabi_f2iz
                0x1000c794       0x4e CMakeFiles/UNISNES_RP2040.dir/C_/Program_Files/Raspberry_Pi/Pico_SDK_v1.5.1/pico-sdk/src/rp2_common/pico_float/float_aeabi.S.obj
                0x1000c794                float2int_z
                0x1000c794                __wrap___aeabi_f2iz
 *fill*         0x1000c7e2        0x2 
 .text.float2int
                0x1000c7e4       0x14 CMakeFiles/UNISNES_RP2040.dir/C_/Program_Files/Raspberry_Pi/Pico_SDK_v1.5.1/pico-sdk/src/rp2_common/pico_float/float_aeabi.S.obj
                0x1000c7e4                float2int
 .text.__wrap___aeabi_f2uiz
                0x1000c7f8       0x10 CMakeFiles/UNISNES_RP2040.dir/C_/Program_Files/Raspberry_Pi/Pico_SDK_v1.5.1/pico-sdk/src/rp2_common/pico_float/float_aeabi.S.obj
                0x1000c7f8                __wrap___aeabi_f2uiz
 .text.__wrap___aeabi_f2d
                0x1000c808       0x14 CMakeFiles/UNISNES_RP2040.dir/C_/Program_Files/Raspberry_Pi/Pico_SDK_v1.5.1/pico-sdk/src/rp2_common/pico_float/float_aeabi.S.obj
                0x1000c808                __wrap___aeabi_f2d
 .text.__wrap_sqrtf
                0x1000c81c       0x24 CMakeFiles/UNISNES_RP2040.dir/C_/Program_Files/Raspberry_Pi/Pico_SDK_v1.5.1/pico-sdk/src/rp2_common/pico_float/float_aeabi.S.obj
                0x1000c81c                __wrap_sqrtf
 .text.__wrap_atan2f
                0x1000c840       0x14 CMakeFiles/UNISNES_RP2040.dir/C_/Program_Files/Raspberry_Pi/Pico_SDK_v1.5.1/pico-sdk/src/rp2_common/pico_float/float_aeabi.S.obj
                0x1000c840                __wrap_atan2f
 .text.__aeabi_float_init
                0x1000c854       0xfc CMakeFiles/UNISNES_RP2040.dir/C_/Program_Files/Raspberry_Pi/Pico_SDK_v1.5.1/pico-sdk/src/rp2_common/pico_float/float_init_rom.c.obj
                0x1000c854                __aeabi_float_init
 .text.fpow_int2
                0x1000c950       0x26 CMakeFiles/UNISNES_RP2040.dir/C_/Program_Files/Raspberry_Pi/Pico_SDK_v1.5.1/pico-sdk/src/rp2_common/pico_float/float_math.c.obj
 *fill*         0x1000c976        0x2 
 .text.fpow_0   0x1000c978      0x140 CMakeFiles/UNISNES_RP2040.dir/C_/Program_Files/Raspberry_Pi/Pico_SDK_v1.5.1/pico-sdk/src/rp2_common/pico_float/float_math.c.obj
 .text.__wrap_roundf
                0x1000cab8       0x3e CMakeFiles/UNISNES_RP2040.dir/C_/Program_Files/Raspberry_Pi/Pico_SDK_v1.5.1/pico-sdk/src/rp2_common/pico_float/float_math.c.obj
                0x1000cab8                __wrap_roundf
 *fill*         0x1000caf6        0x2 
 .text.__wrap_powf
                0x1000caf8      0x20c CMakeFiles/UNISNES_RP2040.dir/C_/Program_Files/Raspberry_Pi/Pico_SDK_v1.5.1/pico-sdk/src/rp2_common/pico_float/float_math.c.obj
                0x1000caf8                __wrap_powf
 .text.float_table_shim_on_use_helper
                0x1000cd04       0x34 CMakeFiles/UNISNES_RP2040.dir/C_/Program_Files/Raspberry_Pi/Pico_SDK_v1.5.1/pico-sdk/src/rp2_common/pico_float/float_v1_rom_shim.S.obj
                0x1000cd04                float_table_shim_on_use_helper
 .text.fatan2_shim
                0x1000cd38       0x88 CMakeFiles/UNISNES_RP2040.dir/C_/Program_Files/Raspberry_Pi/Pico_SDK_v1.5.1/pico-sdk/src/rp2_common/pico_float/float_v1_rom_shim.S.obj
                0x1000cd38                fatan2_shim
 .text.float232_shims
                0x1000cdc0       0x18 CMakeFiles/UNISNES_RP2040.dir/C_/Program_Files/Raspberry_Pi/Pico_SDK_v1.5.1/pico-sdk/src/rp2_common/pico_float/float_v1_rom_shim.S.obj
                0x1000cdc0                float2int_shim
                0x1000cdc2                float2fix_shim
 .text.float2double_shim
                0x1000cdd8       0x30 CMakeFiles/UNISNES_RP2040.dir/C_/Program_Files/Raspberry_Pi/Pico_SDK_v1.5.1/pico-sdk/src/rp2_common/pico_float/float_v1_rom_shim.S.obj
                0x1000cdd8                float2double_shim
 .text          0x1000ce08       0x10 CMakeFiles/UNISNES_RP2040.dir/C_/Program_Files/Raspberry_Pi/Pico_SDK_v1.5.1/pico-sdk/src/rp2_common/pico_mem_ops/mem_ops_aeabi.S.obj
                0x1000ce08                __aeabi_mem_init
 .text.memset   0x1000ce18        0xc CMakeFiles/UNISNES_RP2040.dir/C_/Program_Files/Raspberry_Pi/Pico_SDK_v1.5.1/pico-sdk/src/rp2_common/pico_mem_ops/mem_ops_aeabi.S.obj
                0x1000ce18                __wrap_memset
 .text.memcpy   0x1000ce24        0xc CMakeFiles/UNISNES_RP2040.dir/C_/Program_Files/Raspberry_Pi/Pico_SDK_v1.5.1/pico-sdk/src/rp2_common/pico_mem_ops/mem_ops_aeabi.S.obj
                0x1000ce24                __wrap_memcpy
                0x1000ce24                __wrap___aeabi_memcpy
 .text.stdio_out_chars_no_crlf
                0x1000ce30        0xe CMakeFiles/UNISNES_RP2040.dir/C_/Program_Files/Raspberry_Pi/Pico_SDK_v1.5.1/pico-sdk/src/rp2_common/pico_stdio/stdio.c.obj
 *fill*         0x1000ce3e        0x2 
 .text.stdio_out_chars_crlf
                0x1000ce40       0x80 CMakeFiles/UNISNES_RP2040.dir/C_/Program_Files/Raspberry_Pi/Pico_SDK_v1.5.1/pico-sdk/src/rp2_common/pico_stdio/stdio.c.obj
 .text.stdio_stack_buffer_flush
                0x1000cec0       0x44 CMakeFiles/UNISNES_RP2040.dir/C_/Program_Files/Raspberry_Pi/Pico_SDK_v1.5.1/pico-sdk/src/rp2_common/pico_stdio/stdio.c.obj
 .text.stdio_buffered_printer
                0x1000cf04       0x20 CMakeFiles/UNISNES_RP2040.dir/C_/Program_Files/Raspberry_Pi/Pico_SDK_v1.5.1/pico-sdk/src/rp2_common/pico_stdio/stdio.c.obj
 .text.stdout_serialize_begin
                0x1000cf24       0x5c CMakeFiles/UNISNES_RP2040.dir/C_/Program_Files/Raspberry_Pi/Pico_SDK_v1.5.1/pico-sdk/src/rp2_common/pico_stdio/stdio.c.obj
                0x1000cf24                stdout_serialize_begin
 .text.stdout_serialize_end
                0x1000cf80       0x10 CMakeFiles/UNISNES_RP2040.dir/C_/Program_Files/Raspberry_Pi/Pico_SDK_v1.5.1/pico-sdk/src/rp2_common/pico_stdio/stdio.c.obj
                0x1000cf80                stdout_serialize_end
 .text.stdio_put_string
                0x1000cf90       0x98 CMakeFiles/UNISNES_RP2040.dir/C_/Program_Files/Raspberry_Pi/Pico_SDK_v1.5.1/pico-sdk/src/rp2_common/pico_stdio/stdio.c.obj
 .text.__wrap_putchar